[32m2025-10-13 19:44:35.763[0m | [1mINFO    [0m | [36m__main__[0m:[36m__init__[0m:[36m57[0m - [1mInitializing FIPE Scraper...[0m
2025-10-13 19:44:37,489 INFO sqlalchemy.engine.Engine BEGIN (implicit)
2025-10-13 19:44:37,489 INFO sqlalchemy.engine.Engine PRAGMA main.table_info("reference_months")
2025-10-13 19:44:37,489 INFO sqlalchemy.engine.Engine [raw sql] ()
2025-10-13 19:44:37,489 INFO sqlalchemy.engine.Engine PRAGMA main.table_info("brands")
2025-10-13 19:44:37,489 INFO sqlalchemy.engine.Engine [raw sql] ()
2025-10-13 19:44:37,490 INFO sqlalchemy.engine.Engine PRAGMA main.table_info("car_models")
2025-10-13 19:44:37,490 INFO sqlalchemy.engine.Engine [raw sql] ()
2025-10-13 19:44:37,490 INFO sqlalchemy.engine.Engine PRAGMA main.table_info("model_years")
2025-10-13 19:44:37,490 INFO sqlalchemy.engine.Engine [raw sql] ()
2025-10-13 19:44:37,490 INFO sqlalchemy.engine.Engine PRAGMA main.table_info("car_prices")
2025-10-13 19:44:37,490 INFO sqlalchemy.engine.Engine [raw sql] ()
2025-10-13 19:44:37,490 INFO sqlalchemy.engine.Engine COMMIT
[32m2025-10-13 19:44:37.490[0m | [1mINFO    [0m | [36m__main__[0m:[36m__init__[0m:[36m69[0m - [1mScraper initialized successfully![0m
[32m2025-10-13 19:44:37.490[0m | [1mINFO    [0m | [36m__main__[0m:[36mscrape_all_data[0m:[36m282[0m - [1mStarting data scraping...[0m
[32m2025-10-13 19:44:37.490[0m | [1mINFO    [0m | [36m__main__[0m:[36mscrape_all_data[0m:[36m286[0m - [1mLoading FIPE website: https://veiculos.fipe.org.br/[0m
[32m2025-10-13 19:44:41.339[0m | [1mINFO    [0m | [36m__main__[0m:[36mscrape_all_data[0m:[36m292[0m - [1mCurrent URL: https://veiculos.fipe.org.br/[0m
[32m2025-10-13 19:44:41.342[0m | [1mINFO    [0m | [36m__main__[0m:[36mscrape_all_data[0m:[36m293[0m - [1mPage title: Tabela Fipe - Fundação Instituto de Pesquisas Econômicas - Fipe[0m
[32m2025-10-13 19:44:41.342[0m | [1mINFO    [0m | [36m__main__[0m:[36mscrape_all_data[0m:[36m296[0m - [1mScrolling to consultation form...[0m
[32m2025-10-13 19:44:43.346[0m | [1mINFO    [0m | [36m__main__[0m:[36mscrape_all_data[0m:[36m302[0m - [1mLooking for car consultation accordion...[0m
[32m2025-10-13 19:44:53.386[0m | [33m[1mWARNING [0m | [36m__main__[0m:[36mscrape_all_data[0m:[36m314[0m - [33m[1mCould not find car accordion, it might already be expanded[0m
[32m2025-10-13 19:44:53.386[0m | [1mINFO    [0m | [36m__main__[0m:[36mscrape_all_data[0m:[36m317[0m - [1mWaiting for select element: selectTabelaReferenciacarro[0m
[32m2025-10-13 19:44:53.390[0m | [1mINFO    [0m | [36m__main__[0m:[36mscrape_all_data[0m:[36m322[0m - [1mFound select element[0m
[32m2025-10-13 19:44:57.393[0m | [34m[1mDEBUG   [0m | [36m__main__[0m:[36m_get_dropdown_options[0m:[36m146[0m - [34m[1mTrying to get options from native select: selectTabelaReferenciacarro[0m
[32m2025-10-13 19:44:57.419[0m | [34m[1mDEBUG   [0m | [36m__main__[0m:[36m_get_dropdown_options[0m:[36m151[0m - [34m[1mFound 298 options in native select element[0m
[32m2025-10-13 19:44:57.427[0m | [34m[1mDEBUG   [0m | [36m__main__[0m:[36m_get_dropdown_options[0m:[36m166[0m - [34m[1m  Option 0: text='outubro/2025', value='326'[0m
[32m2025-10-13 19:44:57.431[0m | [34m[1mDEBUG   [0m | [36m__main__[0m:[36m_get_dropdown_options[0m:[36m166[0m - [34m[1m  Option 1: text='setembro/2025', value='325'[0m
[32m2025-10-13 19:44:57.435[0m | [34m[1mDEBUG   [0m | [36m__main__[0m:[36m_get_dropdown_options[0m:[36m166[0m - [34m[1m  Option 2: text='agosto/2025', value='324'[0m
[32m2025-10-13 19:44:57.439[0m | [34m[1mDEBUG   [0m | [36m__main__[0m:[36m_get_dropdown_options[0m:[36m166[0m - [34m[1m  Option 3: text='julho/2025', value='323'[0m
[32m2025-10-13 19:44:57.443[0m | [34m[1mDEBUG   [0m | [36m__main__[0m:[36m_get_dropdown_options[0m:[36m166[0m - [34m[1m  Option 4: text='junho/2025', value='322'[0m
[32m2025-10-13 19:44:58.518[0m | [34m[1mDEBUG   [0m | [36m__main__[0m:[36m_get_dropdown_options[0m:[36m175[0m - [34m[1mSuccessfully extracted 298 options from native select[0m
[32m2025-10-13 19:44:58.518[0m | [34m[1mDEBUG   [0m | [36m__main__[0m:[36m_get_dropdown_options[0m:[36m177[0m - [34m[1mFirst 3 options: [{'value': '0', 'text': 'outubro/2025'}, {'value': '1', 'text': 'setembro/2025'}, {'value': '2', 'text': 'agosto/2025'}][0m
[32m2025-10-13 19:44:58.518[0m | [1mINFO    [0m | [36m__main__[0m:[36mscrape_all_data[0m:[36m338[0m - [1mFound 298 reference months available[0m
[32m2025-10-13 19:44:58.518[0m | [1mINFO    [0m | [36m__main__[0m:[36m_filter_months_by_date_range[0m:[36m644[0m - [1mFiltering months: 2024-01 to 2024-01[0m
[32m2025-10-13 19:44:58.518[0m | [1mINFO    [0m | [36m__main__[0m:[36m_filter_months_by_date_range[0m:[36m654[0m - [1mFiltered to 1 month(s) out of 298 available[0m
[32m2025-10-13 19:44:58.518[0m | [1mINFO    [0m | [36m__main__[0m:[36mscrape_all_data[0m:[36m345[0m - [1mProcessing month 1/1: janeiro/2024[0m
[32m2025-10-13 19:44:58.518[0m | [34m[1mDEBUG   [0m | [36m__main__[0m:[36m_select_dropdown_option[0m:[36m239[0m - [34m[1mSelecting option 21 in select selectTabelaReferenciacarro[0m
[32m2025-10-13 19:44:58.593[0m | [34m[1mDEBUG   [0m | [36m__main__[0m:[36m_select_dropdown_option[0m:[36m262[0m - [34m[1mSuccessfully selected option 21 using JavaScript[0m
2025-10-13 19:45:00,606 INFO sqlalchemy.engine.Engine BEGIN (implicit)
2025-10-13 19:45:00,607 INFO sqlalchemy.engine.Engine SELECT reference_months.id AS reference_months_id, reference_months.month_code AS reference_months_month_code, reference_months.month_date AS reference_months_month_date, reference_months.created_at AS reference_months_created_at 
FROM reference_months 
WHERE reference_months.month_code = ?
 LIMIT ? OFFSET ?
2025-10-13 19:45:00,607 INFO sqlalchemy.engine.Engine [generated in 0.00010s] ('21', 1, 0)
[32m2025-10-13 19:45:00.607[0m | [34m[1mDEBUG   [0m | [36m__main__[0m:[36m_get_dropdown_options[0m:[36m146[0m - [34m[1mTrying to get options from native select: selectMarcacarro[0m
[32m2025-10-13 19:45:00.616[0m | [34m[1mDEBUG   [0m | [36m__main__[0m:[36m_get_dropdown_options[0m:[36m151[0m - [34m[1mFound 98 options in native select element[0m
[32m2025-10-13 19:45:00.628[0m | [34m[1mDEBUG   [0m | [36m__main__[0m:[36m_get_dropdown_options[0m:[36m166[0m - [34m[1m  Option 0: text='', value=''[0m
[32m2025-10-13 19:45:00.635[0m | [34m[1mDEBUG   [0m | [36m__main__[0m:[36m_get_dropdown_options[0m:[36m166[0m - [34m[1m  Option 1: text='Acura', value='1'[0m
[32m2025-10-13 19:45:00.642[0m | [34m[1mDEBUG   [0m | [36m__main__[0m:[36m_get_dropdown_options[0m:[36m166[0m - [34m[1m  Option 2: text='Agrale', value='2'[0m
[32m2025-10-13 19:45:00.649[0m | [34m[1mDEBUG   [0m | [36m__main__[0m:[36m_get_dropdown_options[0m:[36m166[0m - [34m[1m  Option 3: text='Alfa Romeo', value='3'[0m
[32m2025-10-13 19:45:00.657[0m | [34m[1mDEBUG   [0m | [36m__main__[0m:[36m_get_dropdown_options[0m:[36m166[0m - [34m[1m  Option 4: text='AM Gen', value='4'[0m
[32m2025-10-13 19:45:01.296[0m | [34m[1mDEBUG   [0m | [36m__main__[0m:[36m_get_dropdown_options[0m:[36m175[0m - [34m[1mSuccessfully extracted 97 options from native select[0m
[32m2025-10-13 19:45:01.296[0m | [34m[1mDEBUG   [0m | [36m__main__[0m:[36m_get_dropdown_options[0m:[36m177[0m - [34m[1mFirst 3 options: [{'value': '1', 'text': 'Acura'}, {'value': '2', 'text': 'Agrale'}, {'value': '3', 'text': 'Alfa Romeo'}][0m
[32m2025-10-13 19:45:01.296[0m | [1mINFO    [0m | [36m__main__[0m:[36mscrape_all_data[0m:[36m358[0m - [1mFound 97 brands[0m
[32m2025-10-13 19:45:01.296[0m | [1mINFO    [0m | [36m__main__[0m:[36mscrape_all_data[0m:[36m362[0m - [1mProcessing brand 1/97: Acura[0m
[32m2025-10-13 19:45:01.297[0m | [34m[1mDEBUG   [0m | [36m__main__[0m:[36m_select_dropdown_option[0m:[36m239[0m - [34m[1mSelecting option 1 in select selectMarcacarro[0m
[32m2025-10-13 19:45:01.408[0m | [34m[1mDEBUG   [0m | [36m__main__[0m:[36m_select_dropdown_option[0m:[36m262[0m - [34m[1mSuccessfully selected option 1 using JavaScript[0m
2025-10-13 19:45:03,410 INFO sqlalchemy.engine.Engine SELECT brands.id AS brands_id, brands.brand_code AS brands_brand_code, brands.brand_name AS brands_brand_name, brands.created_at AS brands_created_at 
FROM brands 
WHERE brands.brand_code = ?
 LIMIT ? OFFSET ?
2025-10-13 19:45:03,410 INFO sqlalchemy.engine.Engine [generated in 0.00011s] ('1', 1, 0)
[32m2025-10-13 19:45:03.411[0m | [34m[1mDEBUG   [0m | [36m__main__[0m:[36m_get_dropdown_options[0m:[36m146[0m - [34m[1mTrying to get options from native select: selectAnoModelocarro[0m
[32m2025-10-13 19:45:03.418[0m | [34m[1mDEBUG   [0m | [36m__main__[0m:[36m_get_dropdown_options[0m:[36m151[0m - [34m[1mFound 4 options in native select element[0m
[32m2025-10-13 19:45:03.427[0m | [34m[1mDEBUG   [0m | [36m__main__[0m:[36m_get_dropdown_options[0m:[36m166[0m - [34m[1m  Option 0: text='', value=''[0m
[32m2025-10-13 19:45:03.432[0m | [34m[1mDEBUG   [0m | [36m__main__[0m:[36m_get_dropdown_options[0m:[36m166[0m - [34m[1m  Option 1: text='Integra GS 1.8', value='1'[0m
[32m2025-10-13 19:45:03.438[0m | [34m[1mDEBUG   [0m | [36m__main__[0m:[36m_get_dropdown_options[0m:[36m166[0m - [34m[1m  Option 2: text='Legend 3.2/3.5', value='2'[0m
[32m2025-10-13 19:45:03.443[0m | [34m[1mDEBUG   [0m | [36m__main__[0m:[36m_get_dropdown_options[0m:[36m166[0m - [34m[1m  Option 3: text='NSX 3.0', value='3'[0m
[32m2025-10-13 19:45:03.443[0m | [34m[1mDEBUG   [0m | [36m__main__[0m:[36m_get_dropdown_options[0m:[36m175[0m - [34m[1mSuccessfully extracted 3 options from native select[0m
[32m2025-10-13 19:45:03.443[0m | [34m[1mDEBUG   [0m | [36m__main__[0m:[36m_get_dropdown_options[0m:[36m177[0m - [34m[1mFirst 3 options: [{'value': '1', 'text': 'Integra GS 1.8'}, {'value': '2', 'text': 'Legend 3.2/3.5'}, {'value': '3', 'text': 'NSX 3.0'}][0m
[32m2025-10-13 19:45:03.443[0m | [1mINFO    [0m | [36m__main__[0m:[36mscrape_all_data[0m:[36m381[0m - [1mFound 3 models[0m
[32m2025-10-13 19:45:03.443[0m | [34m[1mDEBUG   [0m | [36m__main__[0m:[36m_select_dropdown_option[0m:[36m239[0m - [34m[1mSelecting option 1 in select selectAnoModelocarro[0m
[32m2025-10-13 19:45:03.569[0m | [34m[1mDEBUG   [0m | [36m__main__[0m:[36m_select_dropdown_option[0m:[36m262[0m - [34m[1mSuccessfully selected option 1 using JavaScript[0m
2025-10-13 19:45:05,573 INFO sqlalchemy.engine.Engine SELECT car_models.id AS car_models_id, car_models.brand_id AS car_models_brand_id, car_models.model_code AS car_models_model_code, car_models.model_name AS car_models_model_name, car_models.created_at AS car_models_created_at 
FROM car_models 
WHERE car_models.brand_id = ? AND car_models.model_code = ?
 LIMIT ? OFFSET ?
2025-10-13 19:45:05,573 INFO sqlalchemy.engine.Engine [generated in 0.00036s] (1, '1', 1, 0)
[32m2025-10-13 19:45:05.574[0m | [34m[1mDEBUG   [0m | [36m__main__[0m:[36m_get_dropdown_options[0m:[36m146[0m - [34m[1mTrying to get options from native select: selectAnocarro[0m
[32m2025-10-13 19:45:05.586[0m | [34m[1mDEBUG   [0m | [36m__main__[0m:[36m_get_dropdown_options[0m:[36m151[0m - [34m[1mFound 3 options in native select element[0m
[32m2025-10-13 19:45:05.594[0m | [34m[1mDEBUG   [0m | [36m__main__[0m:[36m_get_dropdown_options[0m:[36m166[0m - [34m[1m  Option 0: text='', value=''[0m
[32m2025-10-13 19:45:05.599[0m | [34m[1mDEBUG   [0m | [36m__main__[0m:[36m_get_dropdown_options[0m:[36m166[0m - [34m[1m  Option 1: text='1992 Gasolina', value='1992-1'[0m
[32m2025-10-13 19:45:05.604[0m | [34m[1mDEBUG   [0m | [36m__main__[0m:[36m_get_dropdown_options[0m:[36m166[0m - [34m[1m  Option 2: text='1991 Gasolina', value='1991-1'[0m
[32m2025-10-13 19:45:05.604[0m | [34m[1mDEBUG   [0m | [36m__main__[0m:[36m_get_dropdown_options[0m:[36m175[0m - [34m[1mSuccessfully extracted 2 options from native select[0m
[32m2025-10-13 19:45:05.604[0m | [34m[1mDEBUG   [0m | [36m__main__[0m:[36m_get_dropdown_options[0m:[36m177[0m - [34m[1mFirst 3 options: [{'value': '1', 'text': '1992 Gasolina'}, {'value': '2', 'text': '1991 Gasolina'}][0m
[32m2025-10-13 19:45:05.604[0m | [34m[1mDEBUG   [0m | [36m__main__[0m:[36m_select_dropdown_option[0m:[36m239[0m - [34m[1mSelecting option 1 in select selectAnocarro[0m
[32m2025-10-13 19:45:05.705[0m | [34m[1mDEBUG   [0m | [36m__main__[0m:[36m_select_dropdown_option[0m:[36m262[0m - [34m[1mSuccessfully selected option 1 using JavaScript[0m
2025-10-13 19:45:07,710 INFO sqlalchemy.engine.Engine SELECT model_years.id AS model_years_id, model_years.car_model_id AS model_years_car_model_id, model_years.year_code AS model_years_year_code, model_years.year_description AS model_years_year_description, model_years.created_at AS model_years_created_at 
FROM model_years 
WHERE model_years.car_model_id = ? AND model_years.year_code = ?
 LIMIT ? OFFSET ?
2025-10-13 19:45:07,710 INFO sqlalchemy.engine.Engine [generated in 0.00053s] (1, '1', 1, 0)
[32m2025-10-13 19:45:07.711[0m | [34m[1mDEBUG   [0m | [36m__main__[0m:[36m_extract_price_data[0m:[36m459[0m - [34m[1mWaiting for results table to appear...[0m
[32m2025-10-13 19:45:28.284[0m | [31m[1mERROR   [0m | [36m__main__[0m:[36m_extract_price_data[0m:[36m468[0m - [31m[1mTimeout waiting for results table[0m
[32m2025-10-13 19:45:28.325[0m | [34m[1mDEBUG   [0m | [36m__main__[0m:[36m_select_dropdown_option[0m:[36m239[0m - [34m[1mSelecting option 2 in select selectAnocarro[0m
[32m2025-10-13 19:45:28.476[0m | [34m[1mDEBUG   [0m | [36m__main__[0m:[36m_select_dropdown_option[0m:[36m262[0m - [34m[1mSuccessfully selected option 2 using JavaScript[0m
2025-10-13 19:45:30,477 INFO sqlalchemy.engine.Engine SELECT model_years.id AS model_years_id, model_years.car_model_id AS model_years_car_model_id, model_years.year_code AS model_years_year_code, model_years.year_description AS model_years_year_description, model_years.created_at AS model_years_created_at 
FROM model_years 
WHERE model_years.car_model_id = ? AND model_years.year_code = ?
 LIMIT ? OFFSET ?
2025-10-13 19:45:30,477 INFO sqlalchemy.engine.Engine [cached since 22.77s ago] (1, '2', 1, 0)
[32m2025-10-13 19:45:30.478[0m | [34m[1mDEBUG   [0m | [36m__main__[0m:[36m_extract_price_data[0m:[36m459[0m - [34m[1mWaiting for results table to appear...[0m
[32m2025-10-13 19:45:51.091[0m | [31m[1mERROR   [0m | [36m__main__[0m:[36m_extract_price_data[0m:[36m468[0m - [31m[1mTimeout waiting for results table[0m
[32m2025-10-13 19:45:51.142[0m | [32m[1mSUCCESS [0m | [36m__main__[0m:[36mscrape_all_data[0m:[36m423[0m - [32m[1m\u2713 Completed all 2 year(s) for model: Integra GS 1.8[0m
[32m2025-10-13 19:45:51.142[0m | [34m[1mDEBUG   [0m | [36m__main__[0m:[36m_select_dropdown_option[0m:[36m239[0m - [34m[1mSelecting option 2 in select selectAnoModelocarro[0m
[32m2025-10-13 19:45:53.636[0m | [34m[1mDEBUG   [0m | [36m__main__[0m:[36m_select_dropdown_option[0m:[36m262[0m - [34m[1mSuccessfully selected option 2 using JavaScript[0m
2025-10-13 19:45:55,638 INFO sqlalchemy.engine.Engine SELECT car_models.id AS car_models_id, car_models.brand_id AS car_models_brand_id, car_models.model_code AS car_models_model_code, car_models.model_name AS car_models_model_name, car_models.created_at AS car_models_created_at 
FROM car_models 
WHERE car_models.brand_id = ? AND car_models.model_code = ?
 LIMIT ? OFFSET ?
2025-10-13 19:45:55,638 INFO sqlalchemy.engine.Engine [cached since 50.07s ago] (1, '2', 1, 0)
[32m2025-10-13 19:45:55.639[0m | [34m[1mDEBUG   [0m | [36m__main__[0m:[36m_get_dropdown_options[0m:[36m146[0m - [34m[1mTrying to get options from native select: selectAnocarro[0m
[32m2025-10-13 19:45:55.656[0m | [34m[1mDEBUG   [0m | [36m__main__[0m:[36m_get_dropdown_options[0m:[36m151[0m - [34m[1mFound 9 options in native select element[0m
[32m2025-10-13 19:45:55.667[0m | [34m[1mDEBUG   [0m | [36m__main__[0m:[36m_get_dropdown_options[0m:[36m166[0m - [34m[1m  Option 0: text='', value=''[0m
[32m2025-10-13 19:45:55.672[0m | [34m[1mDEBUG   [0m | [36m__main__[0m:[36m_get_dropdown_options[0m:[36m166[0m - [34m[1m  Option 1: text='1998 Gasolina', value='1998-1'[0m
[32m2025-10-13 19:45:55.678[0m | [34m[1mDEBUG   [0m | [36m__main__[0m:[36m_get_dropdown_options[0m:[36m166[0m - [34m[1m  Option 2: text='1997 Gasolina', value='1997-1'[0m
[32m2025-10-13 19:45:55.683[0m | [34m[1mDEBUG   [0m | [36m__main__[0m:[36m_get_dropdown_options[0m:[36m166[0m - [34m[1m  Option 3: text='1996 Gasolina', value='1996-1'[0m
[32m2025-10-13 19:45:55.688[0m | [34m[1mDEBUG   [0m | [36m__main__[0m:[36m_get_dropdown_options[0m:[36m166[0m - [34m[1m  Option 4: text='1995 Gasolina', value='1995-1'[0m
[32m2025-10-13 19:45:55.712[0m | [34m[1mDEBUG   [0m | [36m__main__[0m:[36m_get_dropdown_options[0m:[36m175[0m - [34m[1mSuccessfully extracted 8 options from native select[0m
[32m2025-10-13 19:45:55.712[0m | [34m[1mDEBUG   [0m | [36m__main__[0m:[36m_get_dropdown_options[0m:[36m177[0m - [34m[1mFirst 3 options: [{'value': '1', 'text': '1998 Gasolina'}, {'value': '2', 'text': '1997 Gasolina'}, {'value': '3', 'text': '1996 Gasolina'}][0m
[32m2025-10-13 19:45:55.712[0m | [34m[1mDEBUG   [0m | [36m__main__[0m:[36m_select_dropdown_option[0m:[36m239[0m - [34m[1mSelecting option 1 in select selectAnocarro[0m
[32m2025-10-13 19:45:56.432[0m | [34m[1mDEBUG   [0m | [36m__main__[0m:[36m_select_dropdown_option[0m:[36m262[0m - [34m[1mSuccessfully selected option 1 using JavaScript[0m
2025-10-13 19:45:58,433 INFO sqlalchemy.engine.Engine SELECT model_years.id AS model_years_id, model_years.car_model_id AS model_years_car_model_id, model_years.year_code AS model_years_year_code, model_years.year_description AS model_years_year_description, model_years.created_at AS model_years_created_at 
FROM model_years 
WHERE model_years.car_model_id = ? AND model_years.year_code = ?
 LIMIT ? OFFSET ?
2025-10-13 19:45:58,433 INFO sqlalchemy.engine.Engine [cached since 50.72s ago] (2, '1', 1, 0)
[32m2025-10-13 19:45:58.433[0m | [34m[1mDEBUG   [0m | [36m__main__[0m:[36m_extract_price_data[0m:[36m459[0m - [34m[1mWaiting for results table to appear...[0m
[32m2025-10-13 19:46:18.984[0m | [31m[1mERROR   [0m | [36m__main__[0m:[36m_extract_price_data[0m:[36m468[0m - [31m[1mTimeout waiting for results table[0m
[32m2025-10-13 19:46:19.028[0m | [34m[1mDEBUG   [0m | [36m__main__[0m:[36m_select_dropdown_option[0m:[36m239[0m - [34m[1mSelecting option 2 in select selectAnocarro[0m
[32m2025-10-13 19:46:24.205[0m | [34m[1mDEBUG   [0m | [36m__main__[0m:[36m_select_dropdown_option[0m:[36m262[0m - [34m[1mSuccessfully selected option 2 using JavaScript[0m
2025-10-13 19:46:26,206 INFO sqlalchemy.engine.Engine SELECT model_years.id AS model_years_id, model_years.car_model_id AS model_years_car_model_id, model_years.year_code AS model_years_year_code, model_years.year_description AS model_years_year_description, model_years.created_at AS model_years_created_at 
FROM model_years 
WHERE model_years.car_model_id = ? AND model_years.year_code = ?
 LIMIT ? OFFSET ?
2025-10-13 19:46:26,207 INFO sqlalchemy.engine.Engine [cached since 78.5s ago] (2, '2', 1, 0)
[32m2025-10-13 19:46:26.208[0m | [34m[1mDEBUG   [0m | [36m__main__[0m:[36m_extract_price_data[0m:[36m459[0m - [34m[1mWaiting for results table to appear...[0m
[32m2025-10-13 19:46:46.794[0m | [31m[1mERROR   [0m | [36m__main__[0m:[36m_extract_price_data[0m:[36m468[0m - [31m[1mTimeout waiting for results table[0m
[32m2025-10-13 19:46:46.833[0m | [34m[1mDEBUG   [0m | [36m__main__[0m:[36m_select_dropdown_option[0m:[36m239[0m - [34m[1mSelecting option 3 in select selectAnocarro[0m
[32m2025-10-13 19:46:49.624[0m | [34m[1mDEBUG   [0m | [36m__main__[0m:[36m_select_dropdown_option[0m:[36m262[0m - [34m[1mSuccessfully selected option 3 using JavaScript[0m
2025-10-13 19:46:51,625 INFO sqlalchemy.engine.Engine SELECT model_years.id AS model_years_id, model_years.car_model_id AS model_years_car_model_id, model_years.year_code AS model_years_year_code, model_years.year_description AS model_years_year_description, model_years.created_at AS model_years_created_at 
FROM model_years 
WHERE model_years.car_model_id = ? AND model_years.year_code = ?
 LIMIT ? OFFSET ?
2025-10-13 19:46:51,625 INFO sqlalchemy.engine.Engine [cached since 103.9s ago] (2, '3', 1, 0)
[32m2025-10-13 19:46:51.626[0m | [34m[1mDEBUG   [0m | [36m__main__[0m:[36m_extract_price_data[0m:[36m459[0m - [34m[1mWaiting for results table to appear...[0m
[32m2025-10-13 19:47:12.185[0m | [31m[1mERROR   [0m | [36m__main__[0m:[36m_extract_price_data[0m:[36m468[0m - [31m[1mTimeout waiting for results table[0m
[32m2025-10-13 19:47:12.225[0m | [34m[1mDEBUG   [0m | [36m__main__[0m:[36m_select_dropdown_option[0m:[36m239[0m - [34m[1mSelecting option 4 in select selectAnocarro[0m
[32m2025-10-13 19:47:13.043[0m | [34m[1mDEBUG   [0m | [36m__main__[0m:[36m_select_dropdown_option[0m:[36m262[0m - [34m[1mSuccessfully selected option 4 using JavaScript[0m
2025-10-13 19:47:15,044 INFO sqlalchemy.engine.Engine SELECT model_years.id AS model_years_id, model_years.car_model_id AS model_years_car_model_id, model_years.year_code AS model_years_year_code, model_years.year_description AS model_years_year_description, model_years.created_at AS model_years_created_at 
FROM model_years 
WHERE model_years.car_model_id = ? AND model_years.year_code = ?
 LIMIT ? OFFSET ?
2025-10-13 19:47:15,044 INFO sqlalchemy.engine.Engine [cached since 127.3s ago] (2, '4', 1, 0)
[32m2025-10-13 19:47:15.045[0m | [34m[1mDEBUG   [0m | [36m__main__[0m:[36m_extract_price_data[0m:[36m459[0m - [34m[1mWaiting for results table to appear...[0m
[32m2025-10-13 19:47:35.628[0m | [31m[1mERROR   [0m | [36m__main__[0m:[36m_extract_price_data[0m:[36m468[0m - [31m[1mTimeout waiting for results table[0m
[32m2025-10-13 19:47:35.663[0m | [34m[1mDEBUG   [0m | [36m__main__[0m:[36m_select_dropdown_option[0m:[36m239[0m - [34m[1mSelecting option 5 in select selectAnocarro[0m
[32m2025-10-13 19:47:35.749[0m | [34m[1mDEBUG   [0m | [36m__main__[0m:[36m_select_dropdown_option[0m:[36m262[0m - [34m[1mSuccessfully selected option 5 using JavaScript[0m
2025-10-13 19:47:37,750 INFO sqlalchemy.engine.Engine SELECT model_years.id AS model_years_id, model_years.car_model_id AS model_years_car_model_id, model_years.year_code AS model_years_year_code, model_years.year_description AS model_years_year_description, model_years.created_at AS model_years_created_at 
FROM model_years 
WHERE model_years.car_model_id = ? AND model_years.year_code = ?
 LIMIT ? OFFSET ?
2025-10-13 19:47:37,751 INFO sqlalchemy.engine.Engine [cached since 150s ago] (2, '5', 1, 0)
[32m2025-10-13 19:47:37.751[0m | [34m[1mDEBUG   [0m | [36m__main__[0m:[36m_extract_price_data[0m:[36m459[0m - [34m[1mWaiting for results table to appear...[0m
[32m2025-10-13 19:47:58.308[0m | [31m[1mERROR   [0m | [36m__main__[0m:[36m_extract_price_data[0m:[36m468[0m - [31m[1mTimeout waiting for results table[0m
[32m2025-10-13 19:47:58.348[0m | [34m[1mDEBUG   [0m | [36m__main__[0m:[36m_select_dropdown_option[0m:[36m239[0m - [34m[1mSelecting option 6 in select selectAnocarro[0m
[32m2025-10-13 19:48:00.545[0m | [34m[1mDEBUG   [0m | [36m__main__[0m:[36m_select_dropdown_option[0m:[36m262[0m - [34m[1mSuccessfully selected option 6 using JavaScript[0m
2025-10-13 19:48:02,546 INFO sqlalchemy.engine.Engine SELECT model_years.id AS model_years_id, model_years.car_model_id AS model_years_car_model_id, model_years.year_code AS model_years_year_code, model_years.year_description AS model_years_year_description, model_years.created_at AS model_years_created_at 
FROM model_years 
WHERE model_years.car_model_id = ? AND model_years.year_code = ?
 LIMIT ? OFFSET ?
2025-10-13 19:48:02,546 INFO sqlalchemy.engine.Engine [cached since 174.8s ago] (2, '6', 1, 0)
[32m2025-10-13 19:48:02.546[0m | [34m[1mDEBUG   [0m | [36m__main__[0m:[36m_extract_price_data[0m:[36m459[0m - [34m[1mWaiting for results table to appear...[0m
[32m2025-10-13 19:48:23.123[0m | [31m[1mERROR   [0m | [36m__main__[0m:[36m_extract_price_data[0m:[36m468[0m - [31m[1mTimeout waiting for results table[0m
[32m2025-10-13 19:48:23.169[0m | [34m[1mDEBUG   [0m | [36m__main__[0m:[36m_select_dropdown_option[0m:[36m239[0m - [34m[1mSelecting option 7 in select selectAnocarro[0m
[32m2025-10-13 19:48:23.942[0m | [34m[1mDEBUG   [0m | [36m__main__[0m:[36m_select_dropdown_option[0m:[36m262[0m - [34m[1mSuccessfully selected option 7 using JavaScript[0m
2025-10-13 19:48:25,943 INFO sqlalchemy.engine.Engine SELECT model_years.id AS model_years_id, model_years.car_model_id AS model_years_car_model_id, model_years.year_code AS model_years_year_code, model_years.year_description AS model_years_year_description, model_years.created_at AS model_years_created_at 
FROM model_years 
WHERE model_years.car_model_id = ? AND model_years.year_code = ?
 LIMIT ? OFFSET ?
2025-10-13 19:48:25,943 INFO sqlalchemy.engine.Engine [cached since 198.2s ago] (2, '7', 1, 0)
[32m2025-10-13 19:48:25.944[0m | [34m[1mDEBUG   [0m | [36m__main__[0m:[36m_extract_price_data[0m:[36m459[0m - [34m[1mWaiting for results table to appear...[0m
[32m2025-10-13 19:48:46.537[0m | [31m[1mERROR   [0m | [36m__main__[0m:[36m_extract_price_data[0m:[36m468[0m - [31m[1mTimeout waiting for results table[0m
[32m2025-10-13 19:48:46.571[0m | [34m[1mDEBUG   [0m | [36m__main__[0m:[36m_select_dropdown_option[0m:[36m239[0m - [34m[1mSelecting option 8 in select selectAnocarro[0m
[32m2025-10-13 19:48:46.654[0m | [34m[1mDEBUG   [0m | [36m__main__[0m:[36m_select_dropdown_option[0m:[36m262[0m - [34m[1mSuccessfully selected option 8 using JavaScript[0m
2025-10-13 19:48:48,655 INFO sqlalchemy.engine.Engine SELECT model_years.id AS model_years_id, model_years.car_model_id AS model_years_car_model_id, model_years.year_code AS model_years_year_code, model_years.year_description AS model_years_year_description, model_years.created_at AS model_years_created_at 
FROM model_years 
WHERE model_years.car_model_id = ? AND model_years.year_code = ?
 LIMIT ? OFFSET ?
2025-10-13 19:48:48,655 INFO sqlalchemy.engine.Engine [cached since 220.9s ago] (2, '8', 1, 0)
[32m2025-10-13 19:48:48.655[0m | [34m[1mDEBUG   [0m | [36m__main__[0m:[36m_extract_price_data[0m:[36m459[0m - [34m[1mWaiting for results table to appear...[0m
[32m2025-10-13 19:49:09.255[0m | [31m[1mERROR   [0m | [36m__main__[0m:[36m_extract_price_data[0m:[36m468[0m - [31m[1mTimeout waiting for results table[0m
[32m2025-10-13 19:49:09.290[0m | [32m[1mSUCCESS [0m | [36m__main__[0m:[36mscrape_all_data[0m:[36m423[0m - [32m[1m\u2713 Completed all 8 year(s) for model: Legend 3.2/3.5[0m
[32m2025-10-13 19:49:09.291[0m | [34m[1mDEBUG   [0m | [36m__main__[0m:[36m_select_dropdown_option[0m:[36m239[0m - [34m[1mSelecting option 3 in select selectAnoModelocarro[0m
[32m2025-10-13 19:49:09.382[0m | [34m[1mDEBUG   [0m | [36m__main__[0m:[36m_select_dropdown_option[0m:[36m262[0m - [34m[1mSuccessfully selected option 3 using JavaScript[0m
2025-10-13 19:49:11,383 INFO sqlalchemy.engine.Engine SELECT car_models.id AS car_models_id, car_models.brand_id AS car_models_brand_id, car_models.model_code AS car_models_model_code, car_models.model_name AS car_models_model_name, car_models.created_at AS car_models_created_at 
FROM car_models 
WHERE car_models.brand_id = ? AND car_models.model_code = ?
 LIMIT ? OFFSET ?
2025-10-13 19:49:11,383 INFO sqlalchemy.engine.Engine [cached since 245.8s ago] (1, '3', 1, 0)
[32m2025-10-13 19:49:11.384[0m | [34m[1mDEBUG   [0m | [36m__main__[0m:[36m_get_dropdown_options[0m:[36m146[0m - [34m[1mTrying to get options from native select: selectAnocarro[0m
[32m2025-10-13 19:49:11.397[0m | [34m[1mDEBUG   [0m | [36m__main__[0m:[36m_get_dropdown_options[0m:[36m151[0m - [34m[1mFound 6 options in native select element[0m
[32m2025-10-13 19:49:11.409[0m | [34m[1mDEBUG   [0m | [36m__main__[0m:[36m_get_dropdown_options[0m:[36m166[0m - [34m[1m  Option 0: text='', value=''[0m
[32m2025-10-13 19:49:11.414[0m | [34m[1mDEBUG   [0m | [36m__main__[0m:[36m_get_dropdown_options[0m:[36m166[0m - [34m[1m  Option 1: text='1995 Gasolina', value='1995-1'[0m
[32m2025-10-13 19:49:11.420[0m | [34m[1mDEBUG   [0m | [36m__main__[0m:[36m_get_dropdown_options[0m:[36m166[0m - [34m[1m  Option 2: text='1994 Gasolina', value='1994-1'[0m
[32m2025-10-13 19:49:11.425[0m | [34m[1mDEBUG   [0m | [36m__main__[0m:[36m_get_dropdown_options[0m:[36m166[0m - [34m[1m  Option 3: text='1993 Gasolina', value='1993-1'[0m
[32m2025-10-13 19:49:11.434[0m | [34m[1mDEBUG   [0m | [36m__main__[0m:[36m_get_dropdown_options[0m:[36m166[0m - [34m[1m  Option 4: text='1992 Gasolina', value='1992-1'[0m
[32m2025-10-13 19:49:11.439[0m | [34m[1mDEBUG   [0m | [36m__main__[0m:[36m_get_dropdown_options[0m:[36m175[0m - [34m[1mSuccessfully extracted 5 options from native select[0m
[32m2025-10-13 19:49:11.439[0m | [34m[1mDEBUG   [0m | [36m__main__[0m:[36m_get_dropdown_options[0m:[36m177[0m - [34m[1mFirst 3 options: [{'value': '1', 'text': '1995 Gasolina'}, {'value': '2', 'text': '1994 Gasolina'}, {'value': '3', 'text': '1993 Gasolina'}][0m
[32m2025-10-13 19:49:11.439[0m | [34m[1mDEBUG   [0m | [36m__main__[0m:[36m_select_dropdown_option[0m:[36m239[0m - [34m[1mSelecting option 1 in select selectAnocarro[0m
[32m2025-10-13 19:49:11.528[0m | [34m[1mDEBUG   [0m | [36m__main__[0m:[36m_select_dropdown_option[0m:[36m262[0m - [34m[1mSuccessfully selected option 1 using JavaScript[0m
2025-10-13 19:49:13,529 INFO sqlalchemy.engine.Engine SELECT model_years.id AS model_years_id, model_years.car_model_id AS model_years_car_model_id, model_years.year_code AS model_years_year_code, model_years.year_description AS model_years_year_description, model_years.created_at AS model_years_created_at 
FROM model_years 
WHERE model_years.car_model_id = ? AND model_years.year_code = ?
 LIMIT ? OFFSET ?
2025-10-13 19:49:13,529 INFO sqlalchemy.engine.Engine [cached since 245.8s ago] (3, '1', 1, 0)
[32m2025-10-13 19:49:13.529[0m | [34m[1mDEBUG   [0m | [36m__main__[0m:[36m_extract_price_data[0m:[36m459[0m - [34m[1mWaiting for results table to appear...[0m
[32m2025-10-13 19:49:34.130[0m | [31m[1mERROR   [0m | [36m__main__[0m:[36m_extract_price_data[0m:[36m468[0m - [31m[1mTimeout waiting for results table[0m
[32m2025-10-13 19:49:34.179[0m | [34m[1mDEBUG   [0m | [36m__main__[0m:[36m_select_dropdown_option[0m:[36m239[0m - [34m[1mSelecting option 2 in select selectAnocarro[0m
[32m2025-10-13 19:49:34.687[0m | [34m[1mDEBUG   [0m | [36m__main__[0m:[36m_select_dropdown_option[0m:[36m262[0m - [34m[1mSuccessfully selected option 2 using JavaScript[0m
2025-10-13 19:49:36,689 INFO sqlalchemy.engine.Engine SELECT model_years.id AS model_years_id, model_years.car_model_id AS model_years_car_model_id, model_years.year_code AS model_years_year_code, model_years.year_description AS model_years_year_description, model_years.created_at AS model_years_created_at 
FROM model_years 
WHERE model_years.car_model_id = ? AND model_years.year_code = ?
 LIMIT ? OFFSET ?
2025-10-13 19:49:36,690 INFO sqlalchemy.engine.Engine [cached since 269s ago] (3, '2', 1, 0)
[32m2025-10-13 19:49:36.691[0m | [34m[1mDEBUG   [0m | [36m__main__[0m:[36m_extract_price_data[0m:[36m459[0m - [34m[1mWaiting for results table to appear...[0m
[32m2025-10-13 19:49:57.212[0m | [31m[1mERROR   [0m | [36m__main__[0m:[36m_extract_price_data[0m:[36m468[0m - [31m[1mTimeout waiting for results table[0m
[32m2025-10-13 19:49:57.259[0m | [34m[1mDEBUG   [0m | [36m__main__[0m:[36m_select_dropdown_option[0m:[36m239[0m - [34m[1mSelecting option 3 in select selectAnocarro[0m
[32m2025-10-13 19:49:57.908[0m | [34m[1mDEBUG   [0m | [36m__main__[0m:[36m_select_dropdown_option[0m:[36m262[0m - [34m[1mSuccessfully selected option 3 using JavaScript[0m
2025-10-13 19:49:59,909 INFO sqlalchemy.engine.Engine SELECT model_years.id AS model_years_id, model_years.car_model_id AS model_years_car_model_id, model_years.year_code AS model_years_year_code, model_years.year_description AS model_years_year_description, model_years.created_at AS model_years_created_at 
FROM model_years 
WHERE model_years.car_model_id = ? AND model_years.year_code = ?
 LIMIT ? OFFSET ?
2025-10-13 19:49:59,910 INFO sqlalchemy.engine.Engine [cached since 292.2s ago] (3, '3', 1, 0)
[32m2025-10-13 19:49:59.910[0m | [34m[1mDEBUG   [0m | [36m__main__[0m:[36m_extract_price_data[0m:[36m459[0m - [34m[1mWaiting for results table to appear...[0m
[32m2025-10-13 19:50:20.505[0m | [31m[1mERROR   [0m | [36m__main__[0m:[36m_extract_price_data[0m:[36m468[0m - [31m[1mTimeout waiting for results table[0m
[32m2025-10-13 19:50:20.550[0m | [34m[1mDEBUG   [0m | [36m__main__[0m:[36m_select_dropdown_option[0m:[36m239[0m - [34m[1mSelecting option 4 in select selectAnocarro[0m
[32m2025-10-13 19:50:21.444[0m | [34m[1mDEBUG   [0m | [36m__main__[0m:[36m_select_dropdown_option[0m:[36m262[0m - [34m[1mSuccessfully selected option 4 using JavaScript[0m
2025-10-13 19:50:23,445 INFO sqlalchemy.engine.Engine SELECT model_years.id AS model_years_id, model_years.car_model_id AS model_years_car_model_id, model_years.year_code AS model_years_year_code, model_years.year_description AS model_years_year_description, model_years.created_at AS model_years_created_at 
FROM model_years 
WHERE model_years.car_model_id = ? AND model_years.year_code = ?
 LIMIT ? OFFSET ?
2025-10-13 19:50:23,445 INFO sqlalchemy.engine.Engine [cached since 315.7s ago] (3, '4', 1, 0)
[32m2025-10-13 19:50:23.446[0m | [34m[1mDEBUG   [0m | [36m__main__[0m:[36m_extract_price_data[0m:[36m459[0m - [34m[1mWaiting for results table to appear...[0m
[32m2025-10-13 19:50:44.015[0m | [31m[1mERROR   [0m | [36m__main__[0m:[36m_extract_price_data[0m:[36m468[0m - [31m[1mTimeout waiting for results table[0m
[32m2025-10-13 19:50:44.057[0m | [34m[1mDEBUG   [0m | [36m__main__[0m:[36m_select_dropdown_option[0m:[36m239[0m - [34m[1mSelecting option 5 in select selectAnocarro[0m
[32m2025-10-13 19:50:44.156[0m | [34m[1mDEBUG   [0m | [36m__main__[0m:[36m_select_dropdown_option[0m:[36m262[0m - [34m[1mSuccessfully selected option 5 using JavaScript[0m
2025-10-13 19:50:46,158 INFO sqlalchemy.engine.Engine SELECT model_years.id AS model_years_id, model_years.car_model_id AS model_years_car_model_id, model_years.year_code AS model_years_year_code, model_years.year_description AS model_years_year_description, model_years.created_at AS model_years_created_at 
FROM model_years 
WHERE model_years.car_model_id = ? AND model_years.year_code = ?
 LIMIT ? OFFSET ?
2025-10-13 19:50:46,158 INFO sqlalchemy.engine.Engine [cached since 338.4s ago] (3, '5', 1, 0)
[32m2025-10-13 19:50:46.159[0m | [34m[1mDEBUG   [0m | [36m__main__[0m:[36m_extract_price_data[0m:[36m459[0m - [34m[1mWaiting for results table to appear...[0m
[32m2025-10-13 19:51:06.765[0m | [31m[1mERROR   [0m | [36m__main__[0m:[36m_extract_price_data[0m:[36m468[0m - [31m[1mTimeout waiting for results table[0m
[32m2025-10-13 19:51:06.801[0m | [32m[1mSUCCESS [0m | [36m__main__[0m:[36mscrape_all_data[0m:[36m423[0m - [32m[1m\u2713 Completed all 5 year(s) for model: NSX 3.0[0m
[32m2025-10-13 19:51:06.801[0m | [1mINFO    [0m | [36m__main__[0m:[36mscrape_all_data[0m:[36m362[0m - [1mProcessing brand 2/97: Agrale[0m
[32m2025-10-13 19:51:06.801[0m | [34m[1mDEBUG   [0m | [36m__main__[0m:[36m_select_dropdown_option[0m:[36m239[0m - [34m[1mSelecting option 2 in select selectMarcacarro[0m
[32m2025-10-13 19:51:07.224[0m | [34m[1mDEBUG   [0m | [36m__main__[0m:[36m_select_dropdown_option[0m:[36m262[0m - [34m[1mSuccessfully selected option 2 using JavaScript[0m
2025-10-13 19:51:09,226 INFO sqlalchemy.engine.Engine SELECT brands.id AS brands_id, brands.brand_code AS brands_brand_code, brands.brand_name AS brands_brand_name, brands.created_at AS brands_created_at 
FROM brands 
WHERE brands.brand_code = ?
 LIMIT ? OFFSET ?
2025-10-13 19:51:09,226 INFO sqlalchemy.engine.Engine [cached since 365.8s ago] ('2', 1, 0)
[32m2025-10-13 19:51:09.228[0m | [34m[1mDEBUG   [0m | [36m__main__[0m:[36m_get_dropdown_options[0m:[36m146[0m - [34m[1mTrying to get options from native select: selectAnoModelocarro[0m
[32m2025-10-13 19:51:09.244[0m | [34m[1mDEBUG   [0m | [36m__main__[0m:[36m_get_dropdown_options[0m:[36m151[0m - [34m[1mFound 17 options in native select element[0m
[32m2025-10-13 19:51:09.253[0m | [34m[1mDEBUG   [0m | [36m__main__[0m:[36m_get_dropdown_options[0m:[36m166[0m - [34m[1m  Option 0: text='', value=''[0m
[32m2025-10-13 19:51:09.258[0m | [34m[1mDEBUG   [0m | [36m__main__[0m:[36m_get_dropdown_options[0m:[36m166[0m - [34m[1m  Option 1: text='MARRUÁ 2.8 12V 132cv TDI Diesel', value='4'[0m
[32m2025-10-13 19:51:09.263[0m | [34m[1mDEBUG   [0m | [36m__main__[0m:[36m_get_dropdown_options[0m:[36m166[0m - [34m[1m  Option 2: text='MARRUÁ AM 100 2.8  CS TDI Diesel', value='4564'[0m
[32m2025-10-13 19:51:09.268[0m | [34m[1mDEBUG   [0m | [36m__main__[0m:[36m_get_dropdown_options[0m:[36m166[0m - [34m[1m  Option 3: text='MARRUÁ AM 100 2.8 CD TDI Diesel', value='4563'[0m
[32m2025-10-13 19:51:09.273[0m | [34m[1mDEBUG   [0m | [36m__main__[0m:[36m_get_dropdown_options[0m:[36m166[0m - [34m[1m  Option 4: text='MARRUÁ AM 150 2.8  CS TDI Diesel', value='4566'[0m
[32m2025-10-13 19:51:09.336[0m | [34m[1mDEBUG   [0m | [36m__main__[0m:[36m_get_dropdown_options[0m:[36m175[0m - [34m[1mSuccessfully extracted 16 options from native select[0m
[32m2025-10-13 19:51:09.336[0m | [34m[1mDEBUG   [0m | [36m__main__[0m:[36m_get_dropdown_options[0m:[36m177[0m - [34m[1mFirst 3 options: [{'value': '1', 'text': 'MARRUÁ 2.8 12V 132cv TDI Diesel'}, {'value': '2', 'text': 'MARRUÁ AM 100 2.8  CS TDI Diesel'}, {'value': '3', 'text': 'MARRUÁ AM 100 2.8 CD TDI Diesel'}][0m
[32m2025-10-13 19:51:09.336[0m | [1mINFO    [0m | [36m__main__[0m:[36mscrape_all_data[0m:[36m381[0m - [1mFound 16 models[0m
[32m2025-10-13 19:51:09.337[0m | [34m[1mDEBUG   [0m | [36m__main__[0m:[36m_select_dropdown_option[0m:[36m239[0m - [34m[1mSelecting option 1 in select selectAnoModelocarro[0m
[32m2025-10-13 19:51:09.418[0m | [34m[1mDEBUG   [0m | [36m__main__[0m:[36m_select_dropdown_option[0m:[36m262[0m - [34m[1mSuccessfully selected option 1 using JavaScript[0m
2025-10-13 19:51:11,420 INFO sqlalchemy.engine.Engine SELECT car_models.id AS car_models_id, car_models.brand_id AS car_models_brand_id, car_models.model_code AS car_models_model_code, car_models.model_name AS car_models_model_name, car_models.created_at AS car_models_created_at 
FROM car_models 
WHERE car_models.brand_id = ? AND car_models.model_code = ?
 LIMIT ? OFFSET ?
2025-10-13 19:51:11,420 INFO sqlalchemy.engine.Engine [cached since 365.8s ago] (2, '1', 1, 0)
[32m2025-10-13 19:51:11.421[0m | [34m[1mDEBUG   [0m | [36m__main__[0m:[36m_get_dropdown_options[0m:[36m146[0m - [34m[1mTrying to get options from native select: selectAnocarro[0m
[32m2025-10-13 19:51:11.438[0m | [34m[1mDEBUG   [0m | [36m__main__[0m:[36m_get_dropdown_options[0m:[36m151[0m - [34m[1mFound 5 options in native select element[0m
[32m2025-10-13 19:51:11.451[0m | [34m[1mDEBUG   [0m | [36m__main__[0m:[36m_get_dropdown_options[0m:[36m166[0m - [34m[1m  Option 0: text='', value=''[0m
[32m2025-10-13 19:51:11.457[0m | [34m[1mDEBUG   [0m | [36m__main__[0m:[36m_get_dropdown_options[0m:[36m166[0m - [34m[1m  Option 1: text='2007 Diesel', value='2007-3'[0m
[32m2025-10-13 19:51:11.462[0m | [34m[1mDEBUG   [0m | [36m__main__[0m:[36m_get_dropdown_options[0m:[36m166[0m - [34m[1m  Option 2: text='2006 Diesel', value='2006-3'[0m
[32m2025-10-13 19:51:11.470[0m | [34m[1mDEBUG   [0m | [36m__main__[0m:[36m_get_dropdown_options[0m:[36m166[0m - [34m[1m  Option 3: text='2005 Diesel', value='2005-3'[0m
[32m2025-10-13 19:51:11.475[0m | [34m[1mDEBUG   [0m | [36m__main__[0m:[36m_get_dropdown_options[0m:[36m166[0m - [34m[1m  Option 4: text='2004 Diesel', value='2004-3'[0m
[32m2025-10-13 19:51:11.475[0m | [34m[1mDEBUG   [0m | [36m__main__[0m:[36m_get_dropdown_options[0m:[36m175[0m - [34m[1mSuccessfully extracted 4 options from native select[0m
[32m2025-10-13 19:51:11.475[0m | [34m[1mDEBUG   [0m | [36m__main__[0m:[36m_get_dropdown_options[0m:[36m177[0m - [34m[1mFirst 3 options: [{'value': '1', 'text': '2007 Diesel'}, {'value': '2', 'text': '2006 Diesel'}, {'value': '3', 'text': '2005 Diesel'}][0m
[32m2025-10-13 19:51:11.475[0m | [34m[1mDEBUG   [0m | [36m__main__[0m:[36m_select_dropdown_option[0m:[36m239[0m - [34m[1mSelecting option 1 in select selectAnocarro[0m
[32m2025-10-13 19:51:11.562[0m | [34m[1mDEBUG   [0m | [36m__main__[0m:[36m_select_dropdown_option[0m:[36m262[0m - [34m[1mSuccessfully selected option 1 using JavaScript[0m
2025-10-13 19:51:13,564 INFO sqlalchemy.engine.Engine SELECT model_years.id AS model_years_id, model_years.car_model_id AS model_years_car_model_id, model_years.year_code AS model_years_year_code, model_years.year_description AS model_years_year_description, model_years.created_at AS model_years_created_at 
FROM model_years 
WHERE model_years.car_model_id = ? AND model_years.year_code = ?
 LIMIT ? OFFSET ?
2025-10-13 19:51:13,565 INFO sqlalchemy.engine.Engine [cached since 365.9s ago] (4, '1', 1, 0)
[32m2025-10-13 19:51:13.566[0m | [34m[1mDEBUG   [0m | [36m__main__[0m:[36m_extract_price_data[0m:[36m459[0m - [34m[1mWaiting for results table to appear...[0m
[32m2025-10-13 19:51:34.166[0m | [31m[1mERROR   [0m | [36m__main__[0m:[36m_extract_price_data[0m:[36m468[0m - [31m[1mTimeout waiting for results table[0m
[32m2025-10-13 19:51:34.218[0m | [34m[1mDEBUG   [0m | [36m__main__[0m:[36m_select_dropdown_option[0m:[36m239[0m - [34m[1mSelecting option 2 in select selectAnocarro[0m
[32m2025-10-13 19:51:35.326[0m | [34m[1mDEBUG   [0m | [36m__main__[0m:[36m_select_dropdown_option[0m:[36m262[0m - [34m[1mSuccessfully selected option 2 using JavaScript[0m
2025-10-13 19:51:37,328 INFO sqlalchemy.engine.Engine SELECT model_years.id AS model_years_id, model_years.car_model_id AS model_years_car_model_id, model_years.year_code AS model_years_year_code, model_years.year_description AS model_years_year_description, model_years.created_at AS model_years_created_at 
FROM model_years 
WHERE model_years.car_model_id = ? AND model_years.year_code = ?
 LIMIT ? OFFSET ?
2025-10-13 19:51:37,328 INFO sqlalchemy.engine.Engine [cached since 389.6s ago] (4, '2', 1, 0)
[32m2025-10-13 19:51:37.329[0m | [34m[1mDEBUG   [0m | [36m__main__[0m:[36m_extract_price_data[0m:[36m459[0m - [34m[1mWaiting for results table to appear...[0m
[32m2025-10-13 19:51:57.895[0m | [31m[1mERROR   [0m | [36m__main__[0m:[36m_extract_price_data[0m:[36m468[0m - [31m[1mTimeout waiting for results table[0m
[32m2025-10-13 19:51:57.943[0m | [34m[1mDEBUG   [0m | [36m__main__[0m:[36m_select_dropdown_option[0m:[36m239[0m - [34m[1mSelecting option 3 in select selectAnocarro[0m
[32m2025-10-13 19:51:58.632[0m | [34m[1mDEBUG   [0m | [36m__main__[0m:[36m_select_dropdown_option[0m:[36m262[0m - [34m[1mSuccessfully selected option 3 using JavaScript[0m
2025-10-13 19:52:00,633 INFO sqlalchemy.engine.Engine SELECT model_years.id AS model_years_id, model_years.car_model_id AS model_years_car_model_id, model_years.year_code AS model_years_year_code, model_years.year_description AS model_years_year_description, model_years.created_at AS model_years_created_at 
FROM model_years 
WHERE model_years.car_model_id = ? AND model_years.year_code = ?
 LIMIT ? OFFSET ?
2025-10-13 19:52:00,634 INFO sqlalchemy.engine.Engine [cached since 412.9s ago] (4, '3', 1, 0)
[32m2025-10-13 19:52:00.635[0m | [34m[1mDEBUG   [0m | [36m__main__[0m:[36m_extract_price_data[0m:[36m459[0m - [34m[1mWaiting for results table to appear...[0m
[32m2025-10-13 19:52:21.165[0m | [31m[1mERROR   [0m | [36m__main__[0m:[36m_extract_price_data[0m:[36m468[0m - [31m[1mTimeout waiting for results table[0m
[32m2025-10-13 19:52:21.202[0m | [34m[1mDEBUG   [0m | [36m__main__[0m:[36m_select_dropdown_option[0m:[36m239[0m - [34m[1mSelecting option 4 in select selectAnocarro[0m
[32m2025-10-13 19:52:22.496[0m | [34m[1mDEBUG   [0m | [36m__main__[0m:[36m_select_dropdown_option[0m:[36m262[0m - [34m[1mSuccessfully selected option 4 using JavaScript[0m
2025-10-13 19:52:24,498 INFO sqlalchemy.engine.Engine SELECT model_years.id AS model_years_id, model_years.car_model_id AS model_years_car_model_id, model_years.year_code AS model_years_year_code, model_years.year_description AS model_years_year_description, model_years.created_at AS model_years_created_at 
FROM model_years 
WHERE model_years.car_model_id = ? AND model_years.year_code = ?
 LIMIT ? OFFSET ?
2025-10-13 19:52:24,498 INFO sqlalchemy.engine.Engine [cached since 436.8s ago] (4, '4', 1, 0)
[32m2025-10-13 19:52:24.499[0m | [34m[1mDEBUG   [0m | [36m__main__[0m:[36m_extract_price_data[0m:[36m459[0m - [34m[1mWaiting for results table to appear...[0m
[32m2025-10-13 19:52:45.072[0m | [31m[1mERROR   [0m | [36m__main__[0m:[36m_extract_price_data[0m:[36m468[0m - [31m[1mTimeout waiting for results table[0m
[32m2025-10-13 19:52:45.106[0m | [32m[1mSUCCESS [0m | [36m__main__[0m:[36mscrape_all_data[0m:[36m423[0m - [32m[1m\u2713 Completed all 4 year(s) for model: MARRUÁ 2.8 12V 132cv TDI Diesel[0m
[32m2025-10-13 19:52:45.106[0m | [34m[1mDEBUG   [0m | [36m__main__[0m:[36m_select_dropdown_option[0m:[36m239[0m - [34m[1mSelecting option 2 in select selectAnoModelocarro[0m
[32m2025-10-13 19:52:45.173[0m | [34m[1mDEBUG   [0m | [36m__main__[0m:[36m_select_dropdown_option[0m:[36m262[0m - [34m[1mSuccessfully selected option 2 using JavaScript[0m
2025-10-13 19:52:47,175 INFO sqlalchemy.engine.Engine SELECT car_models.id AS car_models_id, car_models.brand_id AS car_models_brand_id, car_models.model_code AS car_models_model_code, car_models.model_name AS car_models_model_name, car_models.created_at AS car_models_created_at 
FROM car_models 
WHERE car_models.brand_id = ? AND car_models.model_code = ?
 LIMIT ? OFFSET ?
2025-10-13 19:52:47,175 INFO sqlalchemy.engine.Engine [cached since 461.6s ago] (2, '2', 1, 0)
[32m2025-10-13 19:52:47.176[0m | [34m[1mDEBUG   [0m | [36m__main__[0m:[36m_get_dropdown_options[0m:[36m146[0m - [34m[1mTrying to get options from native select: selectAnocarro[0m
[32m2025-10-13 19:52:47.191[0m | [34m[1mDEBUG   [0m | [36m__main__[0m:[36m_get_dropdown_options[0m:[36m151[0m - [34m[1mFound 1 options in native select element[0m
[32m2025-10-13 19:52:47.201[0m | [34m[1mDEBUG   [0m | [36m__main__[0m:[36m_get_dropdown_options[0m:[36m166[0m - [34m[1m  Option 0: text='', value=''[0m
[32m2025-10-13 19:52:47.201[0m | [34m[1mDEBUG   [0m | [36m__main__[0m:[36m_get_dropdown_options[0m:[36m175[0m - [34m[1mSuccessfully extracted 0 options from native select[0m
[32m2025-10-13 19:52:47.201[0m | [32m[1mSUCCESS [0m | [36m__main__[0m:[36mscrape_all_data[0m:[36m423[0m - [32m[1m\u2713 Completed all 0 year(s) for model: MARRUÁ AM 100 2.8  CS TDI Diesel[0m
[32m2025-10-13 19:52:47.201[0m | [34m[1mDEBUG   [0m | [36m__main__[0m:[36m_select_dropdown_option[0m:[36m239[0m - [34m[1mSelecting option 3 in select selectAnoModelocarro[0m
[32m2025-10-13 19:52:49.660[0m | [34m[1mDEBUG   [0m | [36m__main__[0m:[36m_select_dropdown_option[0m:[36m262[0m - [34m[1mSuccessfully selected option 3 using JavaScript[0m
2025-10-13 19:52:51,660 INFO sqlalchemy.engine.Engine SELECT car_models.id AS car_models_id, car_models.brand_id AS car_models_brand_id, car_models.model_code AS car_models_model_code, car_models.model_name AS car_models_model_name, car_models.created_at AS car_models_created_at 
FROM car_models 
WHERE car_models.brand_id = ? AND car_models.model_code = ?
 LIMIT ? OFFSET ?
2025-10-13 19:52:51,661 INFO sqlalchemy.engine.Engine [cached since 466.1s ago] (2, '3', 1, 0)
[32m2025-10-13 19:52:51.661[0m | [34m[1mDEBUG   [0m | [36m__main__[0m:[36m_get_dropdown_options[0m:[36m146[0m - [34m[1mTrying to get options from native select: selectAnocarro[0m
[32m2025-10-13 19:52:51.666[0m | [34m[1mDEBUG   [0m | [36m__main__[0m:[36m_get_dropdown_options[0m:[36m151[0m - [34m[1mFound 1 options in native select element[0m
[32m2025-10-13 19:52:51.674[0m | [34m[1mDEBUG   [0m | [36m__main__[0m:[36m_get_dropdown_options[0m:[36m166[0m - [34m[1m  Option 0: text='', value=''[0m
[32m2025-10-13 19:52:51.674[0m | [34m[1mDEBUG   [0m | [36m__main__[0m:[36m_get_dropdown_options[0m:[36m175[0m - [34m[1mSuccessfully extracted 0 options from native select[0m
[32m2025-10-13 19:52:51.674[0m | [32m[1mSUCCESS [0m | [36m__main__[0m:[36mscrape_all_data[0m:[36m423[0m - [32m[1m\u2713 Completed all 0 year(s) for model: MARRUÁ AM 100 2.8 CD TDI Diesel[0m
[32m2025-10-13 19:52:51.674[0m | [34m[1mDEBUG   [0m | [36m__main__[0m:[36m_select_dropdown_option[0m:[36m239[0m - [34m[1mSelecting option 4 in select selectAnoModelocarro[0m
[32m2025-10-13 19:52:55.019[0m | [34m[1mDEBUG   [0m | [36m__main__[0m:[36m_select_dropdown_option[0m:[36m262[0m - [34m[1mSuccessfully selected option 4 using JavaScript[0m
2025-10-13 19:52:57,020 INFO sqlalchemy.engine.Engine SELECT car_models.id AS car_models_id, car_models.brand_id AS car_models_brand_id, car_models.model_code AS car_models_model_code, car_models.model_name AS car_models_model_name, car_models.created_at AS car_models_created_at 
FROM car_models 
WHERE car_models.brand_id = ? AND car_models.model_code = ?
 LIMIT ? OFFSET ?
2025-10-13 19:52:57,021 INFO sqlalchemy.engine.Engine [cached since 471.4s ago] (2, '4', 1, 0)
[32m2025-10-13 19:52:57.022[0m | [34m[1mDEBUG   [0m | [36m__main__[0m:[36m_get_dropdown_options[0m:[36m146[0m - [34m[1mTrying to get options from native select: selectAnocarro[0m
[32m2025-10-13 19:52:57.031[0m | [34m[1mDEBUG   [0m | [36m__main__[0m:[36m_get_dropdown_options[0m:[36m151[0m - [34m[1mFound 1 options in native select element[0m
[32m2025-10-13 19:52:57.040[0m | [34m[1mDEBUG   [0m | [36m__main__[0m:[36m_get_dropdown_options[0m:[36m166[0m - [34m[1m  Option 0: text='', value=''[0m
[32m2025-10-13 19:52:57.040[0m | [34m[1mDEBUG   [0m | [36m__main__[0m:[36m_get_dropdown_options[0m:[36m175[0m - [34m[1mSuccessfully extracted 0 options from native select[0m
[32m2025-10-13 19:52:57.040[0m | [32m[1mSUCCESS [0m | [36m__main__[0m:[36mscrape_all_data[0m:[36m423[0m - [32m[1m\u2713 Completed all 0 year(s) for model: MARRUÁ AM 150 2.8  CS TDI Diesel[0m
[32m2025-10-13 19:52:57.040[0m | [34m[1mDEBUG   [0m | [36m__main__[0m:[36m_select_dropdown_option[0m:[36m239[0m - [34m[1mSelecting option 5 in select selectAnoModelocarro[0m
[32m2025-10-13 19:52:57.460[0m | [34m[1mDEBUG   [0m | [36m__main__[0m:[36m_select_dropdown_option[0m:[36m262[0m - [34m[1mSuccessfully selected option 5 using JavaScript[0m
2025-10-13 19:52:59,461 INFO sqlalchemy.engine.Engine SELECT car_models.id AS car_models_id, car_models.brand_id AS car_models_brand_id, car_models.model_code AS car_models_model_code, car_models.model_name AS car_models_model_name, car_models.created_at AS car_models_created_at 
FROM car_models 
WHERE car_models.brand_id = ? AND car_models.model_code = ?
 LIMIT ? OFFSET ?
2025-10-13 19:52:59,461 INFO sqlalchemy.engine.Engine [cached since 473.9s ago] (2, '5', 1, 0)
[32m2025-10-13 19:52:59.461[0m | [34m[1mDEBUG   [0m | [36m__main__[0m:[36m_get_dropdown_options[0m:[36m146[0m - [34m[1mTrying to get options from native select: selectAnocarro[0m
[32m2025-10-13 19:52:59.466[0m | [34m[1mDEBUG   [0m | [36m__main__[0m:[36m_get_dropdown_options[0m:[36m151[0m - [34m[1mFound 1 options in native select element[0m
[32m2025-10-13 19:52:59.474[0m | [34m[1mDEBUG   [0m | [36m__main__[0m:[36m_get_dropdown_options[0m:[36m166[0m - [34m[1m  Option 0: text='', value=''[0m
[32m2025-10-13 19:52:59.474[0m | [34m[1mDEBUG   [0m | [36m__main__[0m:[36m_get_dropdown_options[0m:[36m175[0m - [34m[1mSuccessfully extracted 0 options from native select[0m
[32m2025-10-13 19:52:59.475[0m | [32m[1mSUCCESS [0m | [36m__main__[0m:[36mscrape_all_data[0m:[36m423[0m - [32m[1m\u2713 Completed all 0 year(s) for model: MARRUÁ AM 150 2.8 CD TDI Diesel[0m
[32m2025-10-13 19:52:59.475[0m | [34m[1mDEBUG   [0m | [36m__main__[0m:[36m_select_dropdown_option[0m:[36m239[0m - [34m[1mSelecting option 6 in select selectAnoModelocarro[0m
[32m2025-10-13 19:52:59.535[0m | [34m[1mDEBUG   [0m | [36m__main__[0m:[36m_select_dropdown_option[0m:[36m262[0m - [34m[1mSuccessfully selected option 6 using JavaScript[0m
2025-10-13 19:53:01,536 INFO sqlalchemy.engine.Engine SELECT car_models.id AS car_models_id, car_models.brand_id AS car_models_brand_id, car_models.model_code AS car_models_model_code, car_models.model_name AS car_models_model_name, car_models.created_at AS car_models_created_at 
FROM car_models 
WHERE car_models.brand_id = ? AND car_models.model_code = ?
 LIMIT ? OFFSET ?
2025-10-13 19:53:01,536 INFO sqlalchemy.engine.Engine [cached since 476s ago] (2, '6', 1, 0)
[32m2025-10-13 19:53:01.536[0m | [34m[1mDEBUG   [0m | [36m__main__[0m:[36m_get_dropdown_options[0m:[36m146[0m - [34m[1mTrying to get options from native select: selectAnocarro[0m
[32m2025-10-13 19:53:01.542[0m | [34m[1mDEBUG   [0m | [36m__main__[0m:[36m_get_dropdown_options[0m:[36m151[0m - [34m[1mFound 1 options in native select element[0m
[32m2025-10-13 19:53:01.551[0m | [34m[1mDEBUG   [0m | [36m__main__[0m:[36m_get_dropdown_options[0m:[36m166[0m - [34m[1m  Option 0: text='', value=''[0m
[32m2025-10-13 19:53:01.551[0m | [34m[1mDEBUG   [0m | [36m__main__[0m:[36m_get_dropdown_options[0m:[36m175[0m - [34m[1mSuccessfully extracted 0 options from native select[0m
[32m2025-10-13 19:53:01.551[0m | [32m[1mSUCCESS [0m | [36m__main__[0m:[36mscrape_all_data[0m:[36m423[0m - [32m[1m\u2713 Completed all 0 year(s) for model: MARRUÁ AM 200 2.8  CD TDI Diesel[0m
[32m2025-10-13 19:53:01.551[0m | [34m[1mDEBUG   [0m | [36m__main__[0m:[36m_select_dropdown_option[0m:[36m239[0m - [34m[1mSelecting option 7 in select selectAnoModelocarro[0m
[32m2025-10-13 19:53:01.610[0m | [34m[1mDEBUG   [0m | [36m__main__[0m:[36m_select_dropdown_option[0m:[36m262[0m - [34m[1mSuccessfully selected option 7 using JavaScript[0m
2025-10-13 19:53:03,611 INFO sqlalchemy.engine.Engine SELECT car_models.id AS car_models_id, car_models.brand_id AS car_models_brand_id, car_models.model_code AS car_models_model_code, car_models.model_name AS car_models_model_name, car_models.created_at AS car_models_created_at 
FROM car_models 
WHERE car_models.brand_id = ? AND car_models.model_code = ?
 LIMIT ? OFFSET ?
2025-10-13 19:53:03,611 INFO sqlalchemy.engine.Engine [cached since 478s ago] (2, '7', 1, 0)
[32m2025-10-13 19:53:03.612[0m | [34m[1mDEBUG   [0m | [36m__main__[0m:[36m_get_dropdown_options[0m:[36m146[0m - [34m[1mTrying to get options from native select: selectAnocarro[0m
[32m2025-10-13 19:53:03.624[0m | [34m[1mDEBUG   [0m | [36m__main__[0m:[36m_get_dropdown_options[0m:[36m151[0m - [34m[1mFound 1 options in native select element[0m
[32m2025-10-13 19:53:03.634[0m | [34m[1mDEBUG   [0m | [36m__main__[0m:[36m_get_dropdown_options[0m:[36m166[0m - [34m[1m  Option 0: text='', value=''[0m
[32m2025-10-13 19:53:03.634[0m | [34m[1mDEBUG   [0m | [36m__main__[0m:[36m_get_dropdown_options[0m:[36m175[0m - [34m[1mSuccessfully extracted 0 options from native select[0m
[32m2025-10-13 19:53:03.634[0m | [32m[1mSUCCESS [0m | [36m__main__[0m:[36mscrape_all_data[0m:[36m423[0m - [32m[1m\u2713 Completed all 0 year(s) for model: MARRUÁ AM 200 2.8 CS TDI Diesel[0m
[32m2025-10-13 19:53:03.634[0m | [34m[1mDEBUG   [0m | [36m__main__[0m:[36m_select_dropdown_option[0m:[36m239[0m - [34m[1mSelecting option 8 in select selectAnoModelocarro[0m
[32m2025-10-13 19:53:03.693[0m | [34m[1mDEBUG   [0m | [36m__main__[0m:[36m_select_dropdown_option[0m:[36m262[0m - [34m[1mSuccessfully selected option 8 using JavaScript[0m
2025-10-13 19:53:05,694 INFO sqlalchemy.engine.Engine SELECT car_models.id AS car_models_id, car_models.brand_id AS car_models_brand_id, car_models.model_code AS car_models_model_code, car_models.model_name AS car_models_model_name, car_models.created_at AS car_models_created_at 
FROM car_models 
WHERE car_models.brand_id = ? AND car_models.model_code = ?
 LIMIT ? OFFSET ?
2025-10-13 19:53:05,695 INFO sqlalchemy.engine.Engine [cached since 480.1s ago] (2, '8', 1, 0)
[32m2025-10-13 19:53:05.695[0m | [34m[1mDEBUG   [0m | [36m__main__[0m:[36m_get_dropdown_options[0m:[36m146[0m - [34m[1mTrying to get options from native select: selectAnocarro[0m
[32m2025-10-13 19:53:05.707[0m | [34m[1mDEBUG   [0m | [36m__main__[0m:[36m_get_dropdown_options[0m:[36m151[0m - [34m[1mFound 1 options in native select element[0m
[32m2025-10-13 19:53:05.716[0m | [34m[1mDEBUG   [0m | [36m__main__[0m:[36m_get_dropdown_options[0m:[36m166[0m - [34m[1m  Option 0: text='', value=''[0m
[32m2025-10-13 19:53:05.716[0m | [34m[1mDEBUG   [0m | [36m__main__[0m:[36m_get_dropdown_options[0m:[36m175[0m - [34m[1mSuccessfully extracted 0 options from native select[0m
[32m2025-10-13 19:53:05.716[0m | [32m[1mSUCCESS [0m | [36m__main__[0m:[36mscrape_all_data[0m:[36m423[0m - [32m[1m\u2713 Completed all 0 year(s) for model: MARRUÁ AM 200 Esc. 3.8 TDI Die.Aut. (E6)[0m
[32m2025-10-13 19:53:05.717[0m | [34m[1mDEBUG   [0m | [36m__main__[0m:[36m_select_dropdown_option[0m:[36m239[0m - [34m[1mSelecting option 9 in select selectAnoModelocarro[0m
[32m2025-10-13 19:53:06.584[0m | [34m[1mDEBUG   [0m | [36m__main__[0m:[36m_select_dropdown_option[0m:[36m262[0m - [34m[1mSuccessfully selected option 9 using JavaScript[0m
2025-10-13 19:53:08,586 INFO sqlalchemy.engine.Engine SELECT car_models.id AS car_models_id, car_models.brand_id AS car_models_brand_id, car_models.model_code AS car_models_model_code, car_models.model_name AS car_models_model_name, car_models.created_at AS car_models_created_at 
FROM car_models 
WHERE car_models.brand_id = ? AND car_models.model_code = ?
 LIMIT ? OFFSET ?
2025-10-13 19:53:08,586 INFO sqlalchemy.engine.Engine [cached since 483s ago] (2, '9', 1, 0)
[32m2025-10-13 19:53:08.587[0m | [34m[1mDEBUG   [0m | [36m__main__[0m:[36m_get_dropdown_options[0m:[36m146[0m - [34m[1mTrying to get options from native select: selectAnocarro[0m
[32m2025-10-13 19:53:08.607[0m | [34m[1mDEBUG   [0m | [36m__main__[0m:[36m_get_dropdown_options[0m:[36m151[0m - [34m[1mFound 1 options in native select element[0m
[32m2025-10-13 19:53:08.616[0m | [34m[1mDEBUG   [0m | [36m__main__[0m:[36m_get_dropdown_options[0m:[36m166[0m - [34m[1m  Option 0: text='', value=''[0m
[32m2025-10-13 19:53:08.616[0m | [34m[1mDEBUG   [0m | [36m__main__[0m:[36m_get_dropdown_options[0m:[36m175[0m - [34m[1mSuccessfully extracted 0 options from native select[0m
[32m2025-10-13 19:53:08.616[0m | [32m[1mSUCCESS [0m | [36m__main__[0m:[36mscrape_all_data[0m:[36m423[0m - [32m[1m\u2713 Completed all 0 year(s) for model: MARRUÁ AM 200 Escolar 2.8 TDI Diesel[0m
[32m2025-10-13 19:53:08.617[0m | [34m[1mDEBUG   [0m | [36m__main__[0m:[36m_select_dropdown_option[0m:[36m239[0m - [34m[1mSelecting option 10 in select selectAnoModelocarro[0m
[32m2025-10-13 19:53:08.965[0m | [34m[1mDEBUG   [0m | [36m__main__[0m:[36m_select_dropdown_option[0m:[36m262[0m - [34m[1mSuccessfully selected option 10 using JavaScript[0m
2025-10-13 19:53:10,966 INFO sqlalchemy.engine.Engine SELECT car_models.id AS car_models_id, car_models.brand_id AS car_models_brand_id, car_models.model_code AS car_models_model_code, car_models.model_name AS car_models_model_name, car_models.created_at AS car_models_created_at 
FROM car_models 
WHERE car_models.brand_id = ? AND car_models.model_code = ?
 LIMIT ? OFFSET ?
2025-10-13 19:53:10,966 INFO sqlalchemy.engine.Engine [cached since 485.4s ago] (2, '10', 1, 0)
[32m2025-10-13 19:53:10.966[0m | [34m[1mDEBUG   [0m | [36m__main__[0m:[36m_get_dropdown_options[0m:[36m146[0m - [34m[1mTrying to get options from native select: selectAnocarro[0m
[32m2025-10-13 19:53:10.973[0m | [34m[1mDEBUG   [0m | [36m__main__[0m:[36m_get_dropdown_options[0m:[36m151[0m - [34m[1mFound 1 options in native select element[0m
[32m2025-10-13 19:53:10.981[0m | [34m[1mDEBUG   [0m | [36m__main__[0m:[36m_get_dropdown_options[0m:[36m166[0m - [34m[1m  Option 0: text='', value=''[0m
[32m2025-10-13 19:53:10.981[0m | [34m[1mDEBUG   [0m | [36m__main__[0m:[36m_get_dropdown_options[0m:[36m175[0m - [34m[1mSuccessfully extracted 0 options from native select[0m
[32m2025-10-13 19:53:10.981[0m | [32m[1mSUCCESS [0m | [36m__main__[0m:[36mscrape_all_data[0m:[36m423[0m - [32m[1m\u2713 Completed all 0 year(s) for model: MARRUÁ AM 200 Escolar 3.8 TDI Die. (E6)[0m
[32m2025-10-13 19:53:10.981[0m | [34m[1mDEBUG   [0m | [36m__main__[0m:[36m_select_dropdown_option[0m:[36m239[0m - [34m[1mSelecting option 11 in select selectAnoModelocarro[0m
[32m2025-10-13 19:53:11.055[0m | [34m[1mDEBUG   [0m | [36m__main__[0m:[36m_select_dropdown_option[0m:[36m262[0m - [34m[1mSuccessfully selected option 11 using JavaScript[0m
2025-10-13 19:53:13,056 INFO sqlalchemy.engine.Engine SELECT car_models.id AS car_models_id, car_models.brand_id AS car_models_brand_id, car_models.model_code AS car_models_model_code, car_models.model_name AS car_models_model_name, car_models.created_at AS car_models_created_at 
FROM car_models 
WHERE car_models.brand_id = ? AND car_models.model_code = ?
 LIMIT ? OFFSET ?
2025-10-13 19:53:13,056 INFO sqlalchemy.engine.Engine [cached since 487.5s ago] (2, '11', 1, 0)
[32m2025-10-13 19:53:13.057[0m | [34m[1mDEBUG   [0m | [36m__main__[0m:[36m_get_dropdown_options[0m:[36m146[0m - [34m[1mTrying to get options from native select: selectAnocarro[0m
[32m2025-10-13 19:53:13.066[0m | [34m[1mDEBUG   [0m | [36m__main__[0m:[36m_get_dropdown_options[0m:[36m151[0m - [34m[1mFound 1 options in native select element[0m
[32m2025-10-13 19:53:13.074[0m | [34m[1mDEBUG   [0m | [36m__main__[0m:[36m_get_dropdown_options[0m:[36m166[0m - [34m[1m  Option 0: text='', value=''[0m
[32m2025-10-13 19:53:13.074[0m | [34m[1mDEBUG   [0m | [36m__main__[0m:[36m_get_dropdown_options[0m:[36m175[0m - [34m[1mSuccessfully extracted 0 options from native select[0m
[32m2025-10-13 19:53:13.074[0m | [32m[1mSUCCESS [0m | [36m__main__[0m:[36mscrape_all_data[0m:[36m423[0m - [32m[1m\u2713 Completed all 0 year(s) for model: MARRUÁ AM 200 Microbus 2.8 TDI Diesel[0m
[32m2025-10-13 19:53:13.075[0m | [34m[1mDEBUG   [0m | [36m__main__[0m:[36m_select_dropdown_option[0m:[36m239[0m - [34m[1mSelecting option 12 in select selectAnoModelocarro[0m
[32m2025-10-13 19:53:13.131[0m | [34m[1mDEBUG   [0m | [36m__main__[0m:[36m_select_dropdown_option[0m:[36m262[0m - [34m[1mSuccessfully selected option 12 using JavaScript[0m
2025-10-13 19:53:15,132 INFO sqlalchemy.engine.Engine SELECT car_models.id AS car_models_id, car_models.brand_id AS car_models_brand_id, car_models.model_code AS car_models_model_code, car_models.model_name AS car_models_model_name, car_models.created_at AS car_models_created_at 
FROM car_models 
WHERE car_models.brand_id = ? AND car_models.model_code = ?
 LIMIT ? OFFSET ?
2025-10-13 19:53:15,133 INFO sqlalchemy.engine.Engine [cached since 489.6s ago] (2, '12', 1, 0)
[32m2025-10-13 19:53:15.134[0m | [34m[1mDEBUG   [0m | [36m__main__[0m:[36m_get_dropdown_options[0m:[36m146[0m - [34m[1mTrying to get options from native select: selectAnocarro[0m
[32m2025-10-13 19:53:15.150[0m | [34m[1mDEBUG   [0m | [36m__main__[0m:[36m_get_dropdown_options[0m:[36m151[0m - [34m[1mFound 1 options in native select element[0m
[32m2025-10-13 19:53:15.159[0m | [34m[1mDEBUG   [0m | [36m__main__[0m:[36m_get_dropdown_options[0m:[36m166[0m - [34m[1m  Option 0: text='', value=''[0m
[32m2025-10-13 19:53:15.159[0m | [34m[1mDEBUG   [0m | [36m__main__[0m:[36m_get_dropdown_options[0m:[36m175[0m - [34m[1mSuccessfully extracted 0 options from native select[0m
[32m2025-10-13 19:53:15.159[0m | [32m[1mSUCCESS [0m | [36m__main__[0m:[36mscrape_all_data[0m:[36m423[0m - [32m[1m\u2713 Completed all 0 year(s) for model: MARRUÁ AM 250 3.8 CD TDI Die. Aut. (E6)[0m
[32m2025-10-13 19:53:15.159[0m | [34m[1mDEBUG   [0m | [36m__main__[0m:[36m_select_dropdown_option[0m:[36m239[0m - [34m[1mSelecting option 13 in select selectAnoModelocarro[0m
[32m2025-10-13 19:53:15.222[0m | [34m[1mDEBUG   [0m | [36m__main__[0m:[36m_select_dropdown_option[0m:[36m262[0m - [34m[1mSuccessfully selected option 13 using JavaScript[0m
2025-10-13 19:53:17,224 INFO sqlalchemy.engine.Engine SELECT car_models.id AS car_models_id, car_models.brand_id AS car_models_brand_id, car_models.model_code AS car_models_model_code, car_models.model_name AS car_models_model_name, car_models.created_at AS car_models_created_at 
FROM car_models 
WHERE car_models.brand_id = ? AND car_models.model_code = ?
 LIMIT ? OFFSET ?
2025-10-13 19:53:17,224 INFO sqlalchemy.engine.Engine [cached since 491.7s ago] (2, '13', 1, 0)
[32m2025-10-13 19:53:17.225[0m | [34m[1mDEBUG   [0m | [36m__main__[0m:[36m_get_dropdown_options[0m:[36m146[0m - [34m[1mTrying to get options from native select: selectAnocarro[0m
[32m2025-10-13 19:53:17.238[0m | [34m[1mDEBUG   [0m | [36m__main__[0m:[36m_get_dropdown_options[0m:[36m151[0m - [34m[1mFound 1 options in native select element[0m
[32m2025-10-13 19:53:17.246[0m | [34m[1mDEBUG   [0m | [36m__main__[0m:[36m_get_dropdown_options[0m:[36m166[0m - [34m[1m  Option 0: text='', value=''[0m
[32m2025-10-13 19:53:17.246[0m | [34m[1mDEBUG   [0m | [36m__main__[0m:[36m_get_dropdown_options[0m:[36m175[0m - [34m[1mSuccessfully extracted 0 options from native select[0m
[32m2025-10-13 19:53:17.246[0m | [32m[1mSUCCESS [0m | [36m__main__[0m:[36mscrape_all_data[0m:[36m423[0m - [32m[1m\u2713 Completed all 0 year(s) for model: MARRUÁ AM 250 3.8 CD TDI Diesel (E6)[0m
[32m2025-10-13 19:53:17.246[0m | [34m[1mDEBUG   [0m | [36m__main__[0m:[36m_select_dropdown_option[0m:[36m239[0m - [34m[1mSelecting option 14 in select selectAnoModelocarro[0m
[32m2025-10-13 19:53:17.316[0m | [34m[1mDEBUG   [0m | [36m__main__[0m:[36m_select_dropdown_option[0m:[36m262[0m - [34m[1mSuccessfully selected option 14 using JavaScript[0m
2025-10-13 19:53:19,317 INFO sqlalchemy.engine.Engine SELECT car_models.id AS car_models_id, car_models.brand_id AS car_models_brand_id, car_models.model_code AS car_models_model_code, car_models.model_name AS car_models_model_name, car_models.created_at AS car_models_created_at 
FROM car_models 
WHERE car_models.brand_id = ? AND car_models.model_code = ?
 LIMIT ? OFFSET ?
2025-10-13 19:53:19,317 INFO sqlalchemy.engine.Engine [cached since 493.7s ago] (2, '14', 1, 0)
[32m2025-10-13 19:53:19.318[0m | [34m[1mDEBUG   [0m | [36m__main__[0m:[36m_get_dropdown_options[0m:[36m146[0m - [34m[1mTrying to get options from native select: selectAnocarro[0m
[32m2025-10-13 19:53:19.331[0m | [34m[1mDEBUG   [0m | [36m__main__[0m:[36m_get_dropdown_options[0m:[36m151[0m - [34m[1mFound 1 options in native select element[0m
[32m2025-10-13 19:53:19.340[0m | [34m[1mDEBUG   [0m | [36m__main__[0m:[36m_get_dropdown_options[0m:[36m166[0m - [34m[1m  Option 0: text='', value=''[0m
[32m2025-10-13 19:53:19.340[0m | [34m[1mDEBUG   [0m | [36m__main__[0m:[36m_get_dropdown_options[0m:[36m175[0m - [34m[1mSuccessfully extracted 0 options from native select[0m
[32m2025-10-13 19:53:19.340[0m | [32m[1mSUCCESS [0m | [36m__main__[0m:[36mscrape_all_data[0m:[36m423[0m - [32m[1m\u2713 Completed all 0 year(s) for model: MARRUÁ AM 250 3.8 CS TDI Die. Aut. (E6)[0m
[32m2025-10-13 19:53:19.341[0m | [34m[1mDEBUG   [0m | [36m__main__[0m:[36m_select_dropdown_option[0m:[36m239[0m - [34m[1mSelecting option 15 in select selectAnoModelocarro[0m
[32m2025-10-13 19:53:19.395[0m | [34m[1mDEBUG   [0m | [36m__main__[0m:[36m_select_dropdown_option[0m:[36m262[0m - [34m[1mSuccessfully selected option 15 using JavaScript[0m
2025-10-13 19:53:21,395 INFO sqlalchemy.engine.Engine SELECT car_models.id AS car_models_id, car_models.brand_id AS car_models_brand_id, car_models.model_code AS car_models_model_code, car_models.model_name AS car_models_model_name, car_models.created_at AS car_models_created_at 
FROM car_models 
WHERE car_models.brand_id = ? AND car_models.model_code = ?
 LIMIT ? OFFSET ?
2025-10-13 19:53:21,395 INFO sqlalchemy.engine.Engine [cached since 495.8s ago] (2, '15', 1, 0)
[32m2025-10-13 19:53:21.396[0m | [34m[1mDEBUG   [0m | [36m__main__[0m:[36m_get_dropdown_options[0m:[36m146[0m - [34m[1mTrying to get options from native select: selectAnocarro[0m
[32m2025-10-13 19:53:21.401[0m | [34m[1mDEBUG   [0m | [36m__main__[0m:[36m_get_dropdown_options[0m:[36m151[0m - [34m[1mFound 1 options in native select element[0m
[32m2025-10-13 19:53:21.410[0m | [34m[1mDEBUG   [0m | [36m__main__[0m:[36m_get_dropdown_options[0m:[36m166[0m - [34m[1m  Option 0: text='', value=''[0m
[32m2025-10-13 19:53:21.410[0m | [34m[1mDEBUG   [0m | [36m__main__[0m:[36m_get_dropdown_options[0m:[36m175[0m - [34m[1mSuccessfully extracted 0 options from native select[0m
[32m2025-10-13 19:53:21.410[0m | [32m[1mSUCCESS [0m | [36m__main__[0m:[36mscrape_all_data[0m:[36m423[0m - [32m[1m\u2713 Completed all 0 year(s) for model: MARRUÁ AM 250 3.8 CS TDI Diesel (E6)[0m
[32m2025-10-13 19:53:21.410[0m | [34m[1mDEBUG   [0m | [36m__main__[0m:[36m_select_dropdown_option[0m:[36m239[0m - [34m[1mSelecting option 16 in select selectAnoModelocarro[0m
[32m2025-10-13 19:53:22.715[0m | [34m[1mDEBUG   [0m | [36m__main__[0m:[36m_select_dropdown_option[0m:[36m262[0m - [34m[1mSuccessfully selected option 16 using JavaScript[0m
2025-10-13 19:53:24,716 INFO sqlalchemy.engine.Engine SELECT car_models.id AS car_models_id, car_models.brand_id AS car_models_brand_id, car_models.model_code AS car_models_model_code, car_models.model_name AS car_models_model_name, car_models.created_at AS car_models_created_at 
FROM car_models 
WHERE car_models.brand_id = ? AND car_models.model_code = ?
 LIMIT ? OFFSET ?
2025-10-13 19:53:24,716 INFO sqlalchemy.engine.Engine [cached since 499.1s ago] (2, '16', 1, 0)
[32m2025-10-13 19:53:24.717[0m | [34m[1mDEBUG   [0m | [36m__main__[0m:[36m_get_dropdown_options[0m:[36m146[0m - [34m[1mTrying to get options from native select: selectAnocarro[0m
[32m2025-10-13 19:53:24.729[0m | [34m[1mDEBUG   [0m | [36m__main__[0m:[36m_get_dropdown_options[0m:[36m151[0m - [34m[1mFound 1 options in native select element[0m
[32m2025-10-13 19:53:24.738[0m | [34m[1mDEBUG   [0m | [36m__main__[0m:[36m_get_dropdown_options[0m:[36m166[0m - [34m[1m  Option 0: text='', value=''[0m
[32m2025-10-13 19:53:24.738[0m | [34m[1mDEBUG   [0m | [36m__main__[0m:[36m_get_dropdown_options[0m:[36m175[0m - [34m[1mSuccessfully extracted 0 options from native select[0m
[32m2025-10-13 19:53:24.738[0m | [32m[1mSUCCESS [0m | [36m__main__[0m:[36mscrape_all_data[0m:[36m423[0m - [32m[1m\u2713 Completed all 0 year(s) for model: MARRUÁ AM 50 2.8 140cv TDI Diesel[0m
[32m2025-10-13 19:53:24.738[0m | [1mINFO    [0m | [36m__main__[0m:[36mscrape_all_data[0m:[36m362[0m - [1mProcessing brand 3/97: Alfa Romeo[0m
[32m2025-10-13 19:53:24.738[0m | [34m[1mDEBUG   [0m | [36m__main__[0m:[36m_select_dropdown_option[0m:[36m239[0m - [34m[1mSelecting option 3 in select selectMarcacarro[0m
[32m2025-10-13 19:53:28.797[0m | [34m[1mDEBUG   [0m | [36m__main__[0m:[36m_select_dropdown_option[0m:[36m262[0m - [34m[1mSuccessfully selected option 3 using JavaScript[0m
2025-10-13 19:53:30,799 INFO sqlalchemy.engine.Engine SELECT brands.id AS brands_id, brands.brand_code AS brands_brand_code, brands.brand_name AS brands_brand_name, brands.created_at AS brands_created_at 
FROM brands 
WHERE brands.brand_code = ?
 LIMIT ? OFFSET ?
2025-10-13 19:53:30,799 INFO sqlalchemy.engine.Engine [cached since 507.4s ago] ('3', 1, 0)
[32m2025-10-13 19:53:30.800[0m | [34m[1mDEBUG   [0m | [36m__main__[0m:[36m_get_dropdown_options[0m:[36m146[0m - [34m[1mTrying to get options from native select: selectAnoModelocarro[0m
[32m2025-10-13 19:53:30.818[0m | [34m[1mDEBUG   [0m | [36m__main__[0m:[36m_get_dropdown_options[0m:[36m151[0m - [34m[1mFound 17 options in native select element[0m
[32m2025-10-13 19:53:30.827[0m | [34m[1mDEBUG   [0m | [36m__main__[0m:[36m_get_dropdown_options[0m:[36m166[0m - [34m[1m  Option 0: text='', value=''[0m
[32m2025-10-13 19:53:30.833[0m | [34m[1mDEBUG   [0m | [36m__main__[0m:[36m_get_dropdown_options[0m:[36m166[0m - [34m[1m  Option 1: text='145 Elegant 1.7/1.8 16V', value='5'[0m
[32m2025-10-13 19:53:30.838[0m | [34m[1mDEBUG   [0m | [36m__main__[0m:[36m_get_dropdown_options[0m:[36m166[0m - [34m[1m  Option 2: text='145 Elegant 2.0 16V', value='6'[0m
[32m2025-10-13 19:53:30.843[0m | [34m[1mDEBUG   [0m | [36m__main__[0m:[36m_get_dropdown_options[0m:[36m166[0m - [34m[1m  Option 3: text='145 Quadrifoglio 2.0', value='7'[0m
[32m2025-10-13 19:53:30.848[0m | [34m[1mDEBUG   [0m | [36m__main__[0m:[36m_get_dropdown_options[0m:[36m166[0m - [34m[1m  Option 4: text='145 QV', value='8'[0m
[32m2025-10-13 19:53:30.909[0m | [34m[1mDEBUG   [0m | [36m__main__[0m:[36m_get_dropdown_options[0m:[36m175[0m - [34m[1mSuccessfully extracted 16 options from native select[0m
[32m2025-10-13 19:53:30.909[0m | [34m[1mDEBUG   [0m | [36m__main__[0m:[36m_get_dropdown_options[0m:[36m177[0m - [34m[1mFirst 3 options: [{'value': '1', 'text': '145 Elegant 1.7/1.8 16V'}, {'value': '2', 'text': '145 Elegant 2.0 16V'}, {'value': '3', 'text': '145 Quadrifoglio 2.0'}][0m
[32m2025-10-13 19:53:30.909[0m | [1mINFO    [0m | [36m__main__[0m:[36mscrape_all_data[0m:[36m381[0m - [1mFound 16 models[0m
[32m2025-10-13 19:53:30.909[0m | [34m[1mDEBUG   [0m | [36m__main__[0m:[36m_select_dropdown_option[0m:[36m239[0m - [34m[1mSelecting option 1 in select selectAnoModelocarro[0m
[32m2025-10-13 19:53:33.707[0m | [34m[1mDEBUG   [0m | [36m__main__[0m:[36m_select_dropdown_option[0m:[36m262[0m - [34m[1mSuccessfully selected option 1 using JavaScript[0m
2025-10-13 19:53:35,709 INFO sqlalchemy.engine.Engine SELECT car_models.id AS car_models_id, car_models.brand_id AS car_models_brand_id, car_models.model_code AS car_models_model_code, car_models.model_name AS car_models_model_name, car_models.created_at AS car_models_created_at 
FROM car_models 
WHERE car_models.brand_id = ? AND car_models.model_code = ?
 LIMIT ? OFFSET ?
2025-10-13 19:53:35,709 INFO sqlalchemy.engine.Engine [cached since 510.1s ago] (3, '1', 1, 0)
2025-10-13 19:53:35,714 INFO sqlalchemy.engine.Engine INSERT INTO car_models (brand_id, model_code, model_name, created_at) VALUES (?, ?, ?, ?)
2025-10-13 19:53:35,714 INFO sqlalchemy.engine.Engine [generated in 0.00011s] (3, '1', '145 Elegant 1.7/1.8 16V', '2025-10-13')
2025-10-13 19:53:35,715 INFO sqlalchemy.engine.Engine COMMIT
[32m2025-10-13 19:53:35.722[0m | [34m[1mDEBUG   [0m | [36m__main__[0m:[36m_get_dropdown_options[0m:[36m146[0m - [34m[1mTrying to get options from native select: selectAnocarro[0m
[32m2025-10-13 19:53:35.736[0m | [34m[1mDEBUG   [0m | [36m__main__[0m:[36m_get_dropdown_options[0m:[36m151[0m - [34m[1mFound 5 options in native select element[0m
[32m2025-10-13 19:53:35.745[0m | [34m[1mDEBUG   [0m | [36m__main__[0m:[36m_get_dropdown_options[0m:[36m166[0m - [34m[1m  Option 0: text='', value=''[0m
[32m2025-10-13 19:53:35.750[0m | [34m[1mDEBUG   [0m | [36m__main__[0m:[36m_get_dropdown_options[0m:[36m166[0m - [34m[1m  Option 1: text='1999 Gasolina', value='1999-1'[0m
[32m2025-10-13 19:53:35.755[0m | [34m[1mDEBUG   [0m | [36m__main__[0m:[36m_get_dropdown_options[0m:[36m166[0m - [34m[1m  Option 2: text='1998 Gasolina', value='1998-1'[0m
[32m2025-10-13 19:53:35.761[0m | [34m[1mDEBUG   [0m | [36m__main__[0m:[36m_get_dropdown_options[0m:[36m166[0m - [34m[1m  Option 3: text='1997 Gasolina', value='1997-1'[0m
[32m2025-10-13 19:53:35.765[0m | [34m[1mDEBUG   [0m | [36m__main__[0m:[36m_get_dropdown_options[0m:[36m166[0m - [34m[1m  Option 4: text='1996 Gasolina', value='1996-1'[0m
[32m2025-10-13 19:53:35.765[0m | [34m[1mDEBUG   [0m | [36m__main__[0m:[36m_get_dropdown_options[0m:[36m175[0m - [34m[1mSuccessfully extracted 4 options from native select[0m
[32m2025-10-13 19:53:35.765[0m | [34m[1mDEBUG   [0m | [36m__main__[0m:[36m_get_dropdown_options[0m:[36m177[0m - [34m[1mFirst 3 options: [{'value': '1', 'text': '1999 Gasolina'}, {'value': '2', 'text': '1998 Gasolina'}, {'value': '3', 'text': '1997 Gasolina'}][0m
[32m2025-10-13 19:53:35.765[0m | [34m[1mDEBUG   [0m | [36m__main__[0m:[36m_select_dropdown_option[0m:[36m239[0m - [34m[1mSelecting option 1 in select selectAnocarro[0m
[32m2025-10-13 19:53:37.928[0m | [34m[1mDEBUG   [0m | [36m__main__[0m:[36m_select_dropdown_option[0m:[36m262[0m - [34m[1mSuccessfully selected option 1 using JavaScript[0m
2025-10-13 19:53:39,931 INFO sqlalchemy.engine.Engine BEGIN (implicit)
2025-10-13 19:53:39,933 INFO sqlalchemy.engine.Engine SELECT car_models.id AS car_models_id, car_models.brand_id AS car_models_brand_id, car_models.model_code AS car_models_model_code, car_models.model_name AS car_models_model_name, car_models.created_at AS car_models_created_at 
FROM car_models 
WHERE car_models.id = ?
2025-10-13 19:53:39,934 INFO sqlalchemy.engine.Engine [generated in 0.00044s] (20,)
2025-10-13 19:53:39,936 INFO sqlalchemy.engine.Engine SELECT model_years.id AS model_years_id, model_years.car_model_id AS model_years_car_model_id, model_years.year_code AS model_years_year_code, model_years.year_description AS model_years_year_description, model_years.created_at AS model_years_created_at 
FROM model_years 
WHERE model_years.car_model_id = ? AND model_years.year_code = ?
 LIMIT ? OFFSET ?
2025-10-13 19:53:39,936 INFO sqlalchemy.engine.Engine [cached since 512.2s ago] (20, '1', 1, 0)
2025-10-13 19:53:39,937 INFO sqlalchemy.engine.Engine INSERT INTO model_years (car_model_id, year_code, year_description, created_at) VALUES (?, ?, ?, ?)
2025-10-13 19:53:39,937 INFO sqlalchemy.engine.Engine [generated in 0.00008s] (20, '1', '1999 Gasolina', '2025-10-13')
2025-10-13 19:53:39,942 INFO sqlalchemy.engine.Engine COMMIT
[32m2025-10-13 19:53:39.946[0m | [34m[1mDEBUG   [0m | [36m__main__[0m:[36m_extract_price_data[0m:[36m459[0m - [34m[1mWaiting for results table to appear...[0m
[32m2025-10-13 19:54:00.574[0m | [31m[1mERROR   [0m | [36m__main__[0m:[36m_extract_price_data[0m:[36m468[0m - [31m[1mTimeout waiting for results table[0m
[32m2025-10-13 19:54:00.621[0m | [34m[1mDEBUG   [0m | [36m__main__[0m:[36m_select_dropdown_option[0m:[36m239[0m - [34m[1mSelecting option 2 in select selectAnocarro[0m
[32m2025-10-13 19:54:01.455[0m | [34m[1mDEBUG   [0m | [36m__main__[0m:[36m_select_dropdown_option[0m:[36m262[0m - [34m[1mSuccessfully selected option 2 using JavaScript[0m
2025-10-13 19:54:03,456 INFO sqlalchemy.engine.Engine BEGIN (implicit)
2025-10-13 19:54:03,456 INFO sqlalchemy.engine.Engine SELECT car_models.id AS car_models_id, car_models.brand_id AS car_models_brand_id, car_models.model_code AS car_models_model_code, car_models.model_name AS car_models_model_name, car_models.created_at AS car_models_created_at 
FROM car_models 
WHERE car_models.id = ?
2025-10-13 19:54:03,456 INFO sqlalchemy.engine.Engine [cached since 23.52s ago] (20,)
2025-10-13 19:54:03,457 INFO sqlalchemy.engine.Engine SELECT model_years.id AS model_years_id, model_years.car_model_id AS model_years_car_model_id, model_years.year_code AS model_years_year_code, model_years.year_description AS model_years_year_description, model_years.created_at AS model_years_created_at 
FROM model_years 
WHERE model_years.car_model_id = ? AND model_years.year_code = ?
 LIMIT ? OFFSET ?
2025-10-13 19:54:03,457 INFO sqlalchemy.engine.Engine [cached since 535.7s ago] (20, '2', 1, 0)
2025-10-13 19:54:03,458 INFO sqlalchemy.engine.Engine INSERT INTO model_years (car_model_id, year_code, year_description, created_at) VALUES (?, ?, ?, ?)
2025-10-13 19:54:03,458 INFO sqlalchemy.engine.Engine [cached since 23.52s ago] (20, '2', '1998 Gasolina', '2025-10-13')
2025-10-13 19:54:03,459 INFO sqlalchemy.engine.Engine COMMIT
[32m2025-10-13 19:54:03.462[0m | [34m[1mDEBUG   [0m | [36m__main__[0m:[36m_extract_price_data[0m:[36m459[0m - [34m[1mWaiting for results table to appear...[0m
[32m2025-10-13 19:54:23.980[0m | [31m[1mERROR   [0m | [36m__main__[0m:[36m_extract_price_data[0m:[36m468[0m - [31m[1mTimeout waiting for results table[0m
[32m2025-10-13 19:54:24.013[0m | [34m[1mDEBUG   [0m | [36m__main__[0m:[36m_select_dropdown_option[0m:[36m239[0m - [34m[1mSelecting option 3 in select selectAnocarro[0m
[32m2025-10-13 19:54:28.952[0m | [34m[1mDEBUG   [0m | [36m__main__[0m:[36m_select_dropdown_option[0m:[36m262[0m - [34m[1mSuccessfully selected option 3 using JavaScript[0m
2025-10-13 19:54:30,954 INFO sqlalchemy.engine.Engine BEGIN (implicit)
2025-10-13 19:54:30,954 INFO sqlalchemy.engine.Engine SELECT car_models.id AS car_models_id, car_models.brand_id AS car_models_brand_id, car_models.model_code AS car_models_model_code, car_models.model_name AS car_models_model_name, car_models.created_at AS car_models_created_at 
FROM car_models 
WHERE car_models.id = ?
2025-10-13 19:54:30,955 INFO sqlalchemy.engine.Engine [cached since 51.02s ago] (20,)
2025-10-13 19:54:30,956 INFO sqlalchemy.engine.Engine SELECT model_years.id AS model_years_id, model_years.car_model_id AS model_years_car_model_id, model_years.year_code AS model_years_year_code, model_years.year_description AS model_years_year_description, model_years.created_at AS model_years_created_at 
FROM model_years 
WHERE model_years.car_model_id = ? AND model_years.year_code = ?
 LIMIT ? OFFSET ?
2025-10-13 19:54:30,957 INFO sqlalchemy.engine.Engine [cached since 563.2s ago] (20, '3', 1, 0)
2025-10-13 19:54:30,958 INFO sqlalchemy.engine.Engine INSERT INTO model_years (car_model_id, year_code, year_description, created_at) VALUES (?, ?, ?, ?)
2025-10-13 19:54:30,958 INFO sqlalchemy.engine.Engine [cached since 51.02s ago] (20, '3', '1997 Gasolina', '2025-10-13')
2025-10-13 19:54:30,963 INFO sqlalchemy.engine.Engine COMMIT
[32m2025-10-13 19:54:30.966[0m | [34m[1mDEBUG   [0m | [36m__main__[0m:[36m_extract_price_data[0m:[36m459[0m - [34m[1mWaiting for results table to appear...[0m
[32m2025-10-13 19:54:51.574[0m | [31m[1mERROR   [0m | [36m__main__[0m:[36m_extract_price_data[0m:[36m468[0m - [31m[1mTimeout waiting for results table[0m
[32m2025-10-13 19:54:51.602[0m | [34m[1mDEBUG   [0m | [36m__main__[0m:[36m_select_dropdown_option[0m:[36m239[0m - [34m[1mSelecting option 4 in select selectAnocarro[0m
[32m2025-10-13 19:54:51.695[0m | [34m[1mDEBUG   [0m | [36m__main__[0m:[36m_select_dropdown_option[0m:[36m262[0m - [34m[1mSuccessfully selected option 4 using JavaScript[0m
2025-10-13 19:54:53,696 INFO sqlalchemy.engine.Engine BEGIN (implicit)
2025-10-13 19:54:53,696 INFO sqlalchemy.engine.Engine SELECT car_models.id AS car_models_id, car_models.brand_id AS car_models_brand_id, car_models.model_code AS car_models_model_code, car_models.model_name AS car_models_model_name, car_models.created_at AS car_models_created_at 
FROM car_models 
WHERE car_models.id = ?
2025-10-13 19:54:53,696 INFO sqlalchemy.engine.Engine [cached since 73.76s ago] (20,)
2025-10-13 19:54:53,697 INFO sqlalchemy.engine.Engine SELECT model_years.id AS model_years_id, model_years.car_model_id AS model_years_car_model_id, model_years.year_code AS model_years_year_code, model_years.year_description AS model_years_year_description, model_years.created_at AS model_years_created_at 
FROM model_years 
WHERE model_years.car_model_id = ? AND model_years.year_code = ?
 LIMIT ? OFFSET ?
2025-10-13 19:54:53,697 INFO sqlalchemy.engine.Engine [cached since 586s ago] (20, '4', 1, 0)
2025-10-13 19:54:53,697 INFO sqlalchemy.engine.Engine INSERT INTO model_years (car_model_id, year_code, year_description, created_at) VALUES (?, ?, ?, ?)
2025-10-13 19:54:53,697 INFO sqlalchemy.engine.Engine [cached since 73.76s ago] (20, '4', '1996 Gasolina', '2025-10-13')
2025-10-13 19:54:53,698 INFO sqlalchemy.engine.Engine COMMIT
[32m2025-10-13 19:54:53.701[0m | [34m[1mDEBUG   [0m | [36m__main__[0m:[36m_extract_price_data[0m:[36m459[0m - [34m[1mWaiting for results table to appear...[0m
[32m2025-10-13 19:55:14.284[0m | [31m[1mERROR   [0m | [36m__main__[0m:[36m_extract_price_data[0m:[36m468[0m - [31m[1mTimeout waiting for results table[0m
[32m2025-10-13 19:55:14.321[0m | [32m[1mSUCCESS [0m | [36m__main__[0m:[36mscrape_all_data[0m:[36m423[0m - [32m[1m\u2713 Completed all 4 year(s) for model: 145 Elegant 1.7/1.8 16V[0m
[32m2025-10-13 19:55:14.321[0m | [34m[1mDEBUG   [0m | [36m__main__[0m:[36m_select_dropdown_option[0m:[36m239[0m - [34m[1mSelecting option 2 in select selectAnoModelocarro[0m
[32m2025-10-13 19:55:14.829[0m | [34m[1mDEBUG   [0m | [36m__main__[0m:[36m_select_dropdown_option[0m:[36m262[0m - [34m[1mSuccessfully selected option 2 using JavaScript[0m
2025-10-13 19:55:16,830 INFO sqlalchemy.engine.Engine BEGIN (implicit)
2025-10-13 19:55:16,831 INFO sqlalchemy.engine.Engine SELECT brands.id AS brands_id, brands.brand_code AS brands_brand_code, brands.brand_name AS brands_brand_name, brands.created_at AS brands_created_at 
FROM brands 
WHERE brands.id = ?
2025-10-13 19:55:16,831 INFO sqlalchemy.engine.Engine [generated in 0.00019s] (3,)
2025-10-13 19:55:16,832 INFO sqlalchemy.engine.Engine SELECT car_models.id AS car_models_id, car_models.brand_id AS car_models_brand_id, car_models.model_code AS car_models_model_code, car_models.model_name AS car_models_model_name, car_models.created_at AS car_models_created_at 
FROM car_models 
WHERE car_models.brand_id = ? AND car_models.model_code = ?
 LIMIT ? OFFSET ?
2025-10-13 19:55:16,832 INFO sqlalchemy.engine.Engine [cached since 611.3s ago] (3, '2', 1, 0)
2025-10-13 19:55:16,833 INFO sqlalchemy.engine.Engine INSERT INTO car_models (brand_id, model_code, model_name, created_at) VALUES (?, ?, ?, ?)
2025-10-13 19:55:16,833 INFO sqlalchemy.engine.Engine [cached since 101.1s ago] (3, '2', '145 Elegant 2.0 16V', '2025-10-13')
2025-10-13 19:55:16,839 INFO sqlalchemy.engine.Engine COMMIT
[32m2025-10-13 19:55:16.842[0m | [34m[1mDEBUG   [0m | [36m__main__[0m:[36m_get_dropdown_options[0m:[36m146[0m - [34m[1mTrying to get options from native select: selectAnocarro[0m
[32m2025-10-13 19:55:16.859[0m | [34m[1mDEBUG   [0m | [36m__main__[0m:[36m_get_dropdown_options[0m:[36m151[0m - [34m[1mFound 5 options in native select element[0m
[32m2025-10-13 19:55:16.871[0m | [34m[1mDEBUG   [0m | [36m__main__[0m:[36m_get_dropdown_options[0m:[36m166[0m - [34m[1m  Option 0: text='', value=''[0m
[32m2025-10-13 19:55:16.876[0m | [34m[1mDEBUG   [0m | [36m__main__[0m:[36m_get_dropdown_options[0m:[36m166[0m - [34m[1m  Option 1: text='1998 Gasolina', value='1998-1'[0m
[32m2025-10-13 19:55:16.881[0m | [34m[1mDEBUG   [0m | [36m__main__[0m:[36m_get_dropdown_options[0m:[36m166[0m - [34m[1m  Option 2: text='1997 Gasolina', value='1997-1'[0m
[32m2025-10-13 19:55:16.886[0m | [34m[1mDEBUG   [0m | [36m__main__[0m:[36m_get_dropdown_options[0m:[36m166[0m - [34m[1m  Option 3: text='1996 Gasolina', value='1996-1'[0m
[32m2025-10-13 19:55:16.891[0m | [34m[1mDEBUG   [0m | [36m__main__[0m:[36m_get_dropdown_options[0m:[36m166[0m - [34m[1m  Option 4: text='1995 Gasolina', value='1995-1'[0m
[32m2025-10-13 19:55:16.891[0m | [34m[1mDEBUG   [0m | [36m__main__[0m:[36m_get_dropdown_options[0m:[36m175[0m - [34m[1mSuccessfully extracted 4 options from native select[0m
[32m2025-10-13 19:55:16.891[0m | [34m[1mDEBUG   [0m | [36m__main__[0m:[36m_get_dropdown_options[0m:[36m177[0m - [34m[1mFirst 3 options: [{'value': '1', 'text': '1998 Gasolina'}, {'value': '2', 'text': '1997 Gasolina'}, {'value': '3', 'text': '1996 Gasolina'}][0m
[32m2025-10-13 19:55:16.891[0m | [34m[1mDEBUG   [0m | [36m__main__[0m:[36m_select_dropdown_option[0m:[36m239[0m - [34m[1mSelecting option 1 in select selectAnocarro[0m
[32m2025-10-13 19:55:17.425[0m | [34m[1mDEBUG   [0m | [36m__main__[0m:[36m_select_dropdown_option[0m:[36m262[0m - [34m[1mSuccessfully selected option 1 using JavaScript[0m
2025-10-13 19:55:19,426 INFO sqlalchemy.engine.Engine BEGIN (implicit)
2025-10-13 19:55:19,426 INFO sqlalchemy.engine.Engine SELECT car_models.id AS car_models_id, car_models.brand_id AS car_models_brand_id, car_models.model_code AS car_models_model_code, car_models.model_name AS car_models_model_name, car_models.created_at AS car_models_created_at 
FROM car_models 
WHERE car_models.id = ?
2025-10-13 19:55:19,426 INFO sqlalchemy.engine.Engine [cached since 99.49s ago] (21,)
2025-10-13 19:55:19,426 INFO sqlalchemy.engine.Engine SELECT model_years.id AS model_years_id, model_years.car_model_id AS model_years_car_model_id, model_years.year_code AS model_years_year_code, model_years.year_description AS model_years_year_description, model_years.created_at AS model_years_created_at 
FROM model_years 
WHERE model_years.car_model_id = ? AND model_years.year_code = ?
 LIMIT ? OFFSET ?
2025-10-13 19:55:19,426 INFO sqlalchemy.engine.Engine [cached since 611.7s ago] (21, '1', 1, 0)
2025-10-13 19:55:19,427 INFO sqlalchemy.engine.Engine INSERT INTO model_years (car_model_id, year_code, year_description, created_at) VALUES (?, ?, ?, ?)
2025-10-13 19:55:19,427 INFO sqlalchemy.engine.Engine [cached since 99.49s ago] (21, '1', '1998 Gasolina', '2025-10-13')
2025-10-13 19:55:19,431 INFO sqlalchemy.engine.Engine COMMIT
[32m2025-10-13 19:55:19.434[0m | [34m[1mDEBUG   [0m | [36m__main__[0m:[36m_extract_price_data[0m:[36m459[0m - [34m[1mWaiting for results table to appear...[0m
[32m2025-10-13 19:55:39.997[0m | [31m[1mERROR   [0m | [36m__main__[0m:[36m_extract_price_data[0m:[36m468[0m - [31m[1mTimeout waiting for results table[0m
[32m2025-10-13 19:55:40.045[0m | [34m[1mDEBUG   [0m | [36m__main__[0m:[36m_select_dropdown_option[0m:[36m239[0m - [34m[1mSelecting option 2 in select selectAnocarro[0m
[32m2025-10-13 19:55:41.001[0m | [34m[1mDEBUG   [0m | [36m__main__[0m:[36m_select_dropdown_option[0m:[36m262[0m - [34m[1mSuccessfully selected option 2 using JavaScript[0m
2025-10-13 19:55:43,002 INFO sqlalchemy.engine.Engine BEGIN (implicit)
2025-10-13 19:55:43,003 INFO sqlalchemy.engine.Engine SELECT car_models.id AS car_models_id, car_models.brand_id AS car_models_brand_id, car_models.model_code AS car_models_model_code, car_models.model_name AS car_models_model_name, car_models.created_at AS car_models_created_at 
FROM car_models 
WHERE car_models.id = ?
2025-10-13 19:55:43,003 INFO sqlalchemy.engine.Engine [cached since 123.1s ago] (21,)
2025-10-13 19:55:43,005 INFO sqlalchemy.engine.Engine SELECT model_years.id AS model_years_id, model_years.car_model_id AS model_years_car_model_id, model_years.year_code AS model_years_year_code, model_years.year_description AS model_years_year_description, model_years.created_at AS model_years_created_at 
FROM model_years 
WHERE model_years.car_model_id = ? AND model_years.year_code = ?
 LIMIT ? OFFSET ?
2025-10-13 19:55:43,005 INFO sqlalchemy.engine.Engine [cached since 635.3s ago] (21, '2', 1, 0)
2025-10-13 19:55:43,006 INFO sqlalchemy.engine.Engine INSERT INTO model_years (car_model_id, year_code, year_description, created_at) VALUES (?, ?, ?, ?)
2025-10-13 19:55:43,007 INFO sqlalchemy.engine.Engine [cached since 123.1s ago] (21, '2', '1997 Gasolina', '2025-10-13')
2025-10-13 19:55:43,012 INFO sqlalchemy.engine.Engine COMMIT
[32m2025-10-13 19:55:43.016[0m | [34m[1mDEBUG   [0m | [36m__main__[0m:[36m_extract_price_data[0m:[36m459[0m - [34m[1mWaiting for results table to appear...[0m
[32m2025-10-13 19:56:03.606[0m | [31m[1mERROR   [0m | [36m__main__[0m:[36m_extract_price_data[0m:[36m468[0m - [31m[1mTimeout waiting for results table[0m
[32m2025-10-13 19:56:03.652[0m | [34m[1mDEBUG   [0m | [36m__main__[0m:[36m_select_dropdown_option[0m:[36m239[0m - [34m[1mSelecting option 3 in select selectAnocarro[0m
[32m2025-10-13 19:56:03.765[0m | [34m[1mDEBUG   [0m | [36m__main__[0m:[36m_select_dropdown_option[0m:[36m262[0m - [34m[1mSuccessfully selected option 3 using JavaScript[0m
2025-10-13 19:56:05,766 INFO sqlalchemy.engine.Engine BEGIN (implicit)
2025-10-13 19:56:05,767 INFO sqlalchemy.engine.Engine SELECT car_models.id AS car_models_id, car_models.brand_id AS car_models_brand_id, car_models.model_code AS car_models_model_code, car_models.model_name AS car_models_model_name, car_models.created_at AS car_models_created_at 
FROM car_models 
WHERE car_models.id = ?
2025-10-13 19:56:05,767 INFO sqlalchemy.engine.Engine [cached since 145.8s ago] (21,)
2025-10-13 19:56:05,769 INFO sqlalchemy.engine.Engine SELECT model_years.id AS model_years_id, model_years.car_model_id AS model_years_car_model_id, model_years.year_code AS model_years_year_code, model_years.year_description AS model_years_year_description, model_years.created_at AS model_years_created_at 
FROM model_years 
WHERE model_years.car_model_id = ? AND model_years.year_code = ?
 LIMIT ? OFFSET ?
2025-10-13 19:56:05,769 INFO sqlalchemy.engine.Engine [cached since 658.1s ago] (21, '3', 1, 0)
2025-10-13 19:56:05,771 INFO sqlalchemy.engine.Engine INSERT INTO model_years (car_model_id, year_code, year_description, created_at) VALUES (?, ?, ?, ?)
2025-10-13 19:56:05,771 INFO sqlalchemy.engine.Engine [cached since 145.8s ago] (21, '3', '1996 Gasolina', '2025-10-13')
2025-10-13 19:56:05,776 INFO sqlalchemy.engine.Engine COMMIT
[32m2025-10-13 19:56:05.779[0m | [34m[1mDEBUG   [0m | [36m__main__[0m:[36m_extract_price_data[0m:[36m459[0m - [34m[1mWaiting for results table to appear...[0m
[32m2025-10-13 19:56:26.365[0m | [31m[1mERROR   [0m | [36m__main__[0m:[36m_extract_price_data[0m:[36m468[0m - [31m[1mTimeout waiting for results table[0m
[32m2025-10-13 19:56:26.412[0m | [34m[1mDEBUG   [0m | [36m__main__[0m:[36m_select_dropdown_option[0m:[36m239[0m - [34m[1mSelecting option 4 in select selectAnocarro[0m
[32m2025-10-13 19:56:26.697[0m | [34m[1mDEBUG   [0m | [36m__main__[0m:[36m_select_dropdown_option[0m:[36m262[0m - [34m[1mSuccessfully selected option 4 using JavaScript[0m
2025-10-13 19:56:28,698 INFO sqlalchemy.engine.Engine BEGIN (implicit)
2025-10-13 19:56:28,698 INFO sqlalchemy.engine.Engine SELECT car_models.id AS car_models_id, car_models.brand_id AS car_models_brand_id, car_models.model_code AS car_models_model_code, car_models.model_name AS car_models_model_name, car_models.created_at AS car_models_created_at 
FROM car_models 
WHERE car_models.id = ?
2025-10-13 19:56:28,699 INFO sqlalchemy.engine.Engine [cached since 168.8s ago] (21,)
2025-10-13 19:56:28,701 INFO sqlalchemy.engine.Engine SELECT model_years.id AS model_years_id, model_years.car_model_id AS model_years_car_model_id, model_years.year_code AS model_years_year_code, model_years.year_description AS model_years_year_description, model_years.created_at AS model_years_created_at 
FROM model_years 
WHERE model_years.car_model_id = ? AND model_years.year_code = ?
 LIMIT ? OFFSET ?
2025-10-13 19:56:28,701 INFO sqlalchemy.engine.Engine [cached since 681s ago] (21, '4', 1, 0)
2025-10-13 19:56:28,703 INFO sqlalchemy.engine.Engine INSERT INTO model_years (car_model_id, year_code, year_description, created_at) VALUES (?, ?, ?, ?)
2025-10-13 19:56:28,703 INFO sqlalchemy.engine.Engine [cached since 168.8s ago] (21, '4', '1995 Gasolina', '2025-10-13')
2025-10-13 19:56:28,705 INFO sqlalchemy.engine.Engine COMMIT
[32m2025-10-13 19:56:28.708[0m | [34m[1mDEBUG   [0m | [36m__main__[0m:[36m_extract_price_data[0m:[36m459[0m - [34m[1mWaiting for results table to appear...[0m
[32m2025-10-13 19:56:49.330[0m | [31m[1mERROR   [0m | [36m__main__[0m:[36m_extract_price_data[0m:[36m468[0m - [31m[1mTimeout waiting for results table[0m
[32m2025-10-13 19:56:49.380[0m | [32m[1mSUCCESS [0m | [36m__main__[0m:[36mscrape_all_data[0m:[36m423[0m - [32m[1m\u2713 Completed all 4 year(s) for model: 145 Elegant 2.0 16V[0m
[32m2025-10-13 19:56:49.380[0m | [34m[1mDEBUG   [0m | [36m__main__[0m:[36m_select_dropdown_option[0m:[36m239[0m - [34m[1mSelecting option 3 in select selectAnoModelocarro[0m
[32m2025-10-13 19:56:49.714[0m | [34m[1mDEBUG   [0m | [36m__main__[0m:[36m_select_dropdown_option[0m:[36m262[0m - [34m[1mSuccessfully selected option 3 using JavaScript[0m
2025-10-13 19:56:51,715 INFO sqlalchemy.engine.Engine BEGIN (implicit)
2025-10-13 19:56:51,716 INFO sqlalchemy.engine.Engine SELECT brands.id AS brands_id, brands.brand_code AS brands_brand_code, brands.brand_name AS brands_brand_name, brands.created_at AS brands_created_at 
FROM brands 
WHERE brands.id = ?
2025-10-13 19:56:51,716 INFO sqlalchemy.engine.Engine [cached since 94.88s ago] (3,)
2025-10-13 19:56:51,717 INFO sqlalchemy.engine.Engine SELECT car_models.id AS car_models_id, car_models.brand_id AS car_models_brand_id, car_models.model_code AS car_models_model_code, car_models.model_name AS car_models_model_name, car_models.created_at AS car_models_created_at 
FROM car_models 
WHERE car_models.brand_id = ? AND car_models.model_code = ?
 LIMIT ? OFFSET ?
2025-10-13 19:56:51,717 INFO sqlalchemy.engine.Engine [cached since 706.1s ago] (3, '3', 1, 0)
2025-10-13 19:56:51,719 INFO sqlalchemy.engine.Engine INSERT INTO car_models (brand_id, model_code, model_name, created_at) VALUES (?, ?, ?, ?)
2025-10-13 19:56:51,719 INFO sqlalchemy.engine.Engine [cached since 196s ago] (3, '3', '145 Quadrifoglio 2.0', '2025-10-13')
2025-10-13 19:56:51,721 INFO sqlalchemy.engine.Engine COMMIT
[32m2025-10-13 19:56:51.725[0m | [34m[1mDEBUG   [0m | [36m__main__[0m:[36m_get_dropdown_options[0m:[36m146[0m - [34m[1mTrying to get options from native select: selectAnocarro[0m
[32m2025-10-13 19:56:51.737[0m | [34m[1mDEBUG   [0m | [36m__main__[0m:[36m_get_dropdown_options[0m:[36m151[0m - [34m[1mFound 4 options in native select element[0m
[32m2025-10-13 19:56:51.745[0m | [34m[1mDEBUG   [0m | [36m__main__[0m:[36m_get_dropdown_options[0m:[36m166[0m - [34m[1m  Option 0: text='', value=''[0m
[32m2025-10-13 19:56:51.750[0m | [34m[1mDEBUG   [0m | [36m__main__[0m:[36m_get_dropdown_options[0m:[36m166[0m - [34m[1m  Option 1: text='1997 Gasolina', value='1997-1'[0m
[32m2025-10-13 19:56:51.755[0m | [34m[1mDEBUG   [0m | [36m__main__[0m:[36m_get_dropdown_options[0m:[36m166[0m - [34m[1m  Option 2: text='1996 Gasolina', value='1996-1'[0m
[32m2025-10-13 19:56:51.760[0m | [34m[1mDEBUG   [0m | [36m__main__[0m:[36m_get_dropdown_options[0m:[36m166[0m - [34m[1m  Option 3: text='1995 Gasolina', value='1995-1'[0m
[32m2025-10-13 19:56:51.760[0m | [34m[1mDEBUG   [0m | [36m__main__[0m:[36m_get_dropdown_options[0m:[36m175[0m - [34m[1mSuccessfully extracted 3 options from native select[0m
[32m2025-10-13 19:56:51.760[0m | [34m[1mDEBUG   [0m | [36m__main__[0m:[36m_get_dropdown_options[0m:[36m177[0m - [34m[1mFirst 3 options: [{'value': '1', 'text': '1997 Gasolina'}, {'value': '2', 'text': '1996 Gasolina'}, {'value': '3', 'text': '1995 Gasolina'}][0m
[32m2025-10-13 19:56:51.760[0m | [34m[1mDEBUG   [0m | [36m__main__[0m:[36m_select_dropdown_option[0m:[36m239[0m - [34m[1mSelecting option 1 in select selectAnocarro[0m
[32m2025-10-13 19:56:52.814[0m | [34m[1mDEBUG   [0m | [36m__main__[0m:[36m_select_dropdown_option[0m:[36m262[0m - [34m[1mSuccessfully selected option 1 using JavaScript[0m
2025-10-13 19:56:54,815 INFO sqlalchemy.engine.Engine BEGIN (implicit)
2025-10-13 19:56:54,816 INFO sqlalchemy.engine.Engine SELECT car_models.id AS car_models_id, car_models.brand_id AS car_models_brand_id, car_models.model_code AS car_models_model_code, car_models.model_name AS car_models_model_name, car_models.created_at AS car_models_created_at 
FROM car_models 
WHERE car_models.id = ?
2025-10-13 19:56:54,816 INFO sqlalchemy.engine.Engine [cached since 194.9s ago] (22,)
2025-10-13 19:56:54,817 INFO sqlalchemy.engine.Engine SELECT model_years.id AS model_years_id, model_years.car_model_id AS model_years_car_model_id, model_years.year_code AS model_years_year_code, model_years.year_description AS model_years_year_description, model_years.created_at AS model_years_created_at 
FROM model_years 
WHERE model_years.car_model_id = ? AND model_years.year_code = ?
 LIMIT ? OFFSET ?
2025-10-13 19:56:54,817 INFO sqlalchemy.engine.Engine [cached since 707.1s ago] (22, '1', 1, 0)
2025-10-13 19:56:54,818 INFO sqlalchemy.engine.Engine INSERT INTO model_years (car_model_id, year_code, year_description, created_at) VALUES (?, ?, ?, ?)
2025-10-13 19:56:54,819 INFO sqlalchemy.engine.Engine [cached since 194.9s ago] (22, '1', '1997 Gasolina', '2025-10-13')
2025-10-13 19:56:54,824 INFO sqlalchemy.engine.Engine COMMIT
[32m2025-10-13 19:56:54.828[0m | [34m[1mDEBUG   [0m | [36m__main__[0m:[36m_extract_price_data[0m:[36m459[0m - [34m[1mWaiting for results table to appear...[0m
[32m2025-10-13 19:57:15.391[0m | [31m[1mERROR   [0m | [36m__main__[0m:[36m_extract_price_data[0m:[36m468[0m - [31m[1mTimeout waiting for results table[0m
[32m2025-10-13 19:57:15.434[0m | [34m[1mDEBUG   [0m | [36m__main__[0m:[36m_select_dropdown_option[0m:[36m239[0m - [34m[1mSelecting option 2 in select selectAnocarro[0m
[32m2025-10-13 19:57:16.858[0m | [34m[1mDEBUG   [0m | [36m__main__[0m:[36m_select_dropdown_option[0m:[36m262[0m - [34m[1mSuccessfully selected option 2 using JavaScript[0m
2025-10-13 19:57:18,859 INFO sqlalchemy.engine.Engine BEGIN (implicit)
2025-10-13 19:57:18,860 INFO sqlalchemy.engine.Engine SELECT car_models.id AS car_models_id, car_models.brand_id AS car_models_brand_id, car_models.model_code AS car_models_model_code, car_models.model_name AS car_models_model_name, car_models.created_at AS car_models_created_at 
FROM car_models 
WHERE car_models.id = ?
2025-10-13 19:57:18,860 INFO sqlalchemy.engine.Engine [cached since 218.9s ago] (22,)
2025-10-13 19:57:18,862 INFO sqlalchemy.engine.Engine SELECT model_years.id AS model_years_id, model_years.car_model_id AS model_years_car_model_id, model_years.year_code AS model_years_year_code, model_years.year_description AS model_years_year_description, model_years.created_at AS model_years_created_at 
FROM model_years 
WHERE model_years.car_model_id = ? AND model_years.year_code = ?
 LIMIT ? OFFSET ?
2025-10-13 19:57:18,862 INFO sqlalchemy.engine.Engine [cached since 731.2s ago] (22, '2', 1, 0)
2025-10-13 19:57:18,863 INFO sqlalchemy.engine.Engine INSERT INTO model_years (car_model_id, year_code, year_description, created_at) VALUES (?, ?, ?, ?)
2025-10-13 19:57:18,863 INFO sqlalchemy.engine.Engine [cached since 218.9s ago] (22, '2', '1996 Gasolina', '2025-10-13')
2025-10-13 19:57:18,869 INFO sqlalchemy.engine.Engine COMMIT
[32m2025-10-13 19:57:18.872[0m | [34m[1mDEBUG   [0m | [36m__main__[0m:[36m_extract_price_data[0m:[36m459[0m - [34m[1mWaiting for results table to appear...[0m
[32m2025-10-13 19:57:39.437[0m | [31m[1mERROR   [0m | [36m__main__[0m:[36m_extract_price_data[0m:[36m468[0m - [31m[1mTimeout waiting for results table[0m
[32m2025-10-13 19:57:39.488[0m | [34m[1mDEBUG   [0m | [36m__main__[0m:[36m_select_dropdown_option[0m:[36m239[0m - [34m[1mSelecting option 3 in select selectAnocarro[0m
[32m2025-10-13 19:57:39.807[0m | [34m[1mDEBUG   [0m | [36m__main__[0m:[36m_select_dropdown_option[0m:[36m262[0m - [34m[1mSuccessfully selected option 3 using JavaScript[0m
2025-10-13 19:57:41,808 INFO sqlalchemy.engine.Engine BEGIN (implicit)
2025-10-13 19:57:41,809 INFO sqlalchemy.engine.Engine SELECT car_models.id AS car_models_id, car_models.brand_id AS car_models_brand_id, car_models.model_code AS car_models_model_code, car_models.model_name AS car_models_model_name, car_models.created_at AS car_models_created_at 
FROM car_models 
WHERE car_models.id = ?
2025-10-13 19:57:41,809 INFO sqlalchemy.engine.Engine [cached since 241.9s ago] (22,)
2025-10-13 19:57:41,811 INFO sqlalchemy.engine.Engine SELECT model_years.id AS model_years_id, model_years.car_model_id AS model_years_car_model_id, model_years.year_code AS model_years_year_code, model_years.year_description AS model_years_year_description, model_years.created_at AS model_years_created_at 
FROM model_years 
WHERE model_years.car_model_id = ? AND model_years.year_code = ?
 LIMIT ? OFFSET ?
2025-10-13 19:57:41,812 INFO sqlalchemy.engine.Engine [cached since 754.1s ago] (22, '3', 1, 0)
2025-10-13 19:57:41,813 INFO sqlalchemy.engine.Engine INSERT INTO model_years (car_model_id, year_code, year_description, created_at) VALUES (?, ?, ?, ?)
2025-10-13 19:57:41,813 INFO sqlalchemy.engine.Engine [cached since 241.9s ago] (22, '3', '1995 Gasolina', '2025-10-13')
2025-10-13 19:57:41,818 INFO sqlalchemy.engine.Engine COMMIT
[32m2025-10-13 19:57:41.821[0m | [34m[1mDEBUG   [0m | [36m__main__[0m:[36m_extract_price_data[0m:[36m459[0m - [34m[1mWaiting for results table to appear...[0m
[32m2025-10-13 19:58:02.436[0m | [31m[1mERROR   [0m | [36m__main__[0m:[36m_extract_price_data[0m:[36m468[0m - [31m[1mTimeout waiting for results table[0m
[32m2025-10-13 19:58:02.474[0m | [32m[1mSUCCESS [0m | [36m__main__[0m:[36mscrape_all_data[0m:[36m423[0m - [32m[1m\u2713 Completed all 3 year(s) for model: 145 Quadrifoglio 2.0[0m
[32m2025-10-13 19:58:02.474[0m | [34m[1mDEBUG   [0m | [36m__main__[0m:[36m_select_dropdown_option[0m:[36m239[0m - [34m[1mSelecting option 4 in select selectAnoModelocarro[0m
[32m2025-10-13 19:58:03.481[0m | [34m[1mDEBUG   [0m | [36m__main__[0m:[36m_select_dropdown_option[0m:[36m262[0m - [34m[1mSuccessfully selected option 4 using JavaScript[0m
2025-10-13 19:58:05,482 INFO sqlalchemy.engine.Engine BEGIN (implicit)
2025-10-13 19:58:05,482 INFO sqlalchemy.engine.Engine SELECT brands.id AS brands_id, brands.brand_code AS brands_brand_code, brands.brand_name AS brands_brand_name, brands.created_at AS brands_created_at 
FROM brands 
WHERE brands.id = ?
2025-10-13 19:58:05,482 INFO sqlalchemy.engine.Engine [cached since 168.7s ago] (3,)
2025-10-13 19:58:05,484 INFO sqlalchemy.engine.Engine SELECT car_models.id AS car_models_id, car_models.brand_id AS car_models_brand_id, car_models.model_code AS car_models_model_code, car_models.model_name AS car_models_model_name, car_models.created_at AS car_models_created_at 
FROM car_models 
WHERE car_models.brand_id = ? AND car_models.model_code = ?
 LIMIT ? OFFSET ?
2025-10-13 19:58:05,484 INFO sqlalchemy.engine.Engine [cached since 779.9s ago] (3, '4', 1, 0)
2025-10-13 19:58:05,485 INFO sqlalchemy.engine.Engine INSERT INTO car_models (brand_id, model_code, model_name, created_at) VALUES (?, ?, ?, ?)
2025-10-13 19:58:05,485 INFO sqlalchemy.engine.Engine [cached since 269.8s ago] (3, '4', '145 QV', '2025-10-13')
2025-10-13 19:58:05,491 INFO sqlalchemy.engine.Engine COMMIT
[32m2025-10-13 19:58:05.496[0m | [34m[1mDEBUG   [0m | [36m__main__[0m:[36m_get_dropdown_options[0m:[36m146[0m - [34m[1mTrying to get options from native select: selectAnocarro[0m
[32m2025-10-13 19:58:05.506[0m | [34m[1mDEBUG   [0m | [36m__main__[0m:[36m_get_dropdown_options[0m:[36m151[0m - [34m[1mFound 7 options in native select element[0m
[32m2025-10-13 19:58:05.515[0m | [34m[1mDEBUG   [0m | [36m__main__[0m:[36m_get_dropdown_options[0m:[36m166[0m - [34m[1m  Option 0: text='', value=''[0m
[32m2025-10-13 19:58:05.521[0m | [34m[1mDEBUG   [0m | [36m__main__[0m:[36m_get_dropdown_options[0m:[36m166[0m - [34m[1m  Option 1: text='1996 Gasolina', value='1996-1'[0m
[32m2025-10-13 19:58:05.526[0m | [34m[1mDEBUG   [0m | [36m__main__[0m:[36m_get_dropdown_options[0m:[36m166[0m - [34m[1m  Option 2: text='1995 Gasolina', value='1995-1'[0m
[32m2025-10-13 19:58:05.531[0m | [34m[1mDEBUG   [0m | [36m__main__[0m:[36m_get_dropdown_options[0m:[36m166[0m - [34m[1m  Option 3: text='1994 Gasolina', value='1994-1'[0m
[32m2025-10-13 19:58:05.536[0m | [34m[1mDEBUG   [0m | [36m__main__[0m:[36m_get_dropdown_options[0m:[36m166[0m - [34m[1m  Option 4: text='1993 Gasolina', value='1993-1'[0m
[32m2025-10-13 19:58:05.546[0m | [34m[1mDEBUG   [0m | [36m__main__[0m:[36m_get_dropdown_options[0m:[36m175[0m - [34m[1mSuccessfully extracted 6 options from native select[0m
[32m2025-10-13 19:58:05.546[0m | [34m[1mDEBUG   [0m | [36m__main__[0m:[36m_get_dropdown_options[0m:[36m177[0m - [34m[1mFirst 3 options: [{'value': '1', 'text': '1996 Gasolina'}, {'value': '2', 'text': '1995 Gasolina'}, {'value': '3', 'text': '1994 Gasolina'}][0m
[32m2025-10-13 19:58:05.546[0m | [34m[1mDEBUG   [0m | [36m__main__[0m:[36m_select_dropdown_option[0m:[36m239[0m - [34m[1mSelecting option 1 in select selectAnocarro[0m
[32m2025-10-13 19:58:06.055[0m | [34m[1mDEBUG   [0m | [36m__main__[0m:[36m_select_dropdown_option[0m:[36m262[0m - [34m[1mSuccessfully selected option 1 using JavaScript[0m
2025-10-13 19:58:08,056 INFO sqlalchemy.engine.Engine BEGIN (implicit)
2025-10-13 19:58:08,056 INFO sqlalchemy.engine.Engine SELECT car_models.id AS car_models_id, car_models.brand_id AS car_models_brand_id, car_models.model_code AS car_models_model_code, car_models.model_name AS car_models_model_name, car_models.created_at AS car_models_created_at 
FROM car_models 
WHERE car_models.id = ?
2025-10-13 19:58:08,057 INFO sqlalchemy.engine.Engine [cached since 268.1s ago] (23,)
2025-10-13 19:58:08,058 INFO sqlalchemy.engine.Engine SELECT model_years.id AS model_years_id, model_years.car_model_id AS model_years_car_model_id, model_years.year_code AS model_years_year_code, model_years.year_description AS model_years_year_description, model_years.created_at AS model_years_created_at 
FROM model_years 
WHERE model_years.car_model_id = ? AND model_years.year_code = ?
 LIMIT ? OFFSET ?
2025-10-13 19:58:08,059 INFO sqlalchemy.engine.Engine [cached since 780.3s ago] (23, '1', 1, 0)
2025-10-13 19:58:08,061 INFO sqlalchemy.engine.Engine INSERT INTO model_years (car_model_id, year_code, year_description, created_at) VALUES (?, ?, ?, ?)
2025-10-13 19:58:08,061 INFO sqlalchemy.engine.Engine [cached since 268.1s ago] (23, '1', '1996 Gasolina', '2025-10-13')
2025-10-13 19:58:08,066 INFO sqlalchemy.engine.Engine COMMIT
[32m2025-10-13 19:58:08.070[0m | [34m[1mDEBUG   [0m | [36m__main__[0m:[36m_extract_price_data[0m:[36m459[0m - [34m[1mWaiting for results table to appear...[0m
[32m2025-10-13 19:58:28.650[0m | [31m[1mERROR   [0m | [36m__main__[0m:[36m_extract_price_data[0m:[36m468[0m - [31m[1mTimeout waiting for results table[0m
[32m2025-10-13 19:58:28.689[0m | [34m[1mDEBUG   [0m | [36m__main__[0m:[36m_select_dropdown_option[0m:[36m239[0m - [34m[1mSelecting option 2 in select selectAnocarro[0m
[32m2025-10-13 19:58:28.783[0m | [34m[1mDEBUG   [0m | [36m__main__[0m:[36m_select_dropdown_option[0m:[36m262[0m - [34m[1mSuccessfully selected option 2 using JavaScript[0m
2025-10-13 19:58:30,784 INFO sqlalchemy.engine.Engine BEGIN (implicit)
2025-10-13 19:58:30,785 INFO sqlalchemy.engine.Engine SELECT car_models.id AS car_models_id, car_models.brand_id AS car_models_brand_id, car_models.model_code AS car_models_model_code, car_models.model_name AS car_models_model_name, car_models.created_at AS car_models_created_at 
FROM car_models 
WHERE car_models.id = ?
2025-10-13 19:58:30,785 INFO sqlalchemy.engine.Engine [cached since 290.9s ago] (23,)
2025-10-13 19:58:30,787 INFO sqlalchemy.engine.Engine SELECT model_years.id AS model_years_id, model_years.car_model_id AS model_years_car_model_id, model_years.year_code AS model_years_year_code, model_years.year_description AS model_years_year_description, model_years.created_at AS model_years_created_at 
FROM model_years 
WHERE model_years.car_model_id = ? AND model_years.year_code = ?
 LIMIT ? OFFSET ?
2025-10-13 19:58:30,788 INFO sqlalchemy.engine.Engine [cached since 803.1s ago] (23, '2', 1, 0)
2025-10-13 19:58:30,789 INFO sqlalchemy.engine.Engine INSERT INTO model_years (car_model_id, year_code, year_description, created_at) VALUES (?, ?, ?, ?)
2025-10-13 19:58:30,790 INFO sqlalchemy.engine.Engine [cached since 290.9s ago] (23, '2', '1995 Gasolina', '2025-10-13')
2025-10-13 19:58:30,795 INFO sqlalchemy.engine.Engine COMMIT
[32m2025-10-13 19:58:30.799[0m | [34m[1mDEBUG   [0m | [36m__main__[0m:[36m_extract_price_data[0m:[36m459[0m - [34m[1mWaiting for results table to appear...[0m
[32m2025-10-13 19:58:51.316[0m | [31m[1mERROR   [0m | [36m__main__[0m:[36m_extract_price_data[0m:[36m468[0m - [31m[1mTimeout waiting for results table[0m
[32m2025-10-13 19:58:51.361[0m | [34m[1mDEBUG   [0m | [36m__main__[0m:[36m_select_dropdown_option[0m:[36m239[0m - [34m[1mSelecting option 3 in select selectAnocarro[0m
[32m2025-10-13 19:58:51.455[0m | [34m[1mDEBUG   [0m | [36m__main__[0m:[36m_select_dropdown_option[0m:[36m262[0m - [34m[1mSuccessfully selected option 3 using JavaScript[0m
2025-10-13 19:58:53,457 INFO sqlalchemy.engine.Engine BEGIN (implicit)
2025-10-13 19:58:53,458 INFO sqlalchemy.engine.Engine SELECT car_models.id AS car_models_id, car_models.brand_id AS car_models_brand_id, car_models.model_code AS car_models_model_code, car_models.model_name AS car_models_model_name, car_models.created_at AS car_models_created_at 
FROM car_models 
WHERE car_models.id = ?
2025-10-13 19:58:53,458 INFO sqlalchemy.engine.Engine [cached since 313.5s ago] (23,)
2025-10-13 19:58:53,460 INFO sqlalchemy.engine.Engine SELECT model_years.id AS model_years_id, model_years.car_model_id AS model_years_car_model_id, model_years.year_code AS model_years_year_code, model_years.year_description AS model_years_year_description, model_years.created_at AS model_years_created_at 
FROM model_years 
WHERE model_years.car_model_id = ? AND model_years.year_code = ?
 LIMIT ? OFFSET ?
2025-10-13 19:58:53,460 INFO sqlalchemy.engine.Engine [cached since 825.8s ago] (23, '3', 1, 0)
2025-10-13 19:58:53,462 INFO sqlalchemy.engine.Engine INSERT INTO model_years (car_model_id, year_code, year_description, created_at) VALUES (?, ?, ?, ?)
2025-10-13 19:58:53,462 INFO sqlalchemy.engine.Engine [cached since 313.5s ago] (23, '3', '1994 Gasolina', '2025-10-13')
2025-10-13 19:58:53,467 INFO sqlalchemy.engine.Engine COMMIT
[32m2025-10-13 19:58:53.471[0m | [34m[1mDEBUG   [0m | [36m__main__[0m:[36m_extract_price_data[0m:[36m459[0m - [34m[1mWaiting for results table to appear...[0m
[32m2025-10-13 19:59:14.050[0m | [31m[1mERROR   [0m | [36m__main__[0m:[36m_extract_price_data[0m:[36m468[0m - [31m[1mTimeout waiting for results table[0m
[32m2025-10-13 19:59:14.088[0m | [34m[1mDEBUG   [0m | [36m__main__[0m:[36m_select_dropdown_option[0m:[36m239[0m - [34m[1mSelecting option 4 in select selectAnocarro[0m
[32m2025-10-13 19:59:14.196[0m | [34m[1mDEBUG   [0m | [36m__main__[0m:[36m_select_dropdown_option[0m:[36m262[0m - [34m[1mSuccessfully selected option 4 using JavaScript[0m
2025-10-13 19:59:16,197 INFO sqlalchemy.engine.Engine BEGIN (implicit)
2025-10-13 19:59:16,198 INFO sqlalchemy.engine.Engine SELECT car_models.id AS car_models_id, car_models.brand_id AS car_models_brand_id, car_models.model_code AS car_models_model_code, car_models.model_name AS car_models_model_name, car_models.created_at AS car_models_created_at 
FROM car_models 
WHERE car_models.id = ?
2025-10-13 19:59:16,198 INFO sqlalchemy.engine.Engine [cached since 336.3s ago] (23,)
2025-10-13 19:59:16,199 INFO sqlalchemy.engine.Engine SELECT model_years.id AS model_years_id, model_years.car_model_id AS model_years_car_model_id, model_years.year_code AS model_years_year_code, model_years.year_description AS model_years_year_description, model_years.created_at AS model_years_created_at 
FROM model_years 
WHERE model_years.car_model_id = ? AND model_years.year_code = ?
 LIMIT ? OFFSET ?
2025-10-13 19:59:16,199 INFO sqlalchemy.engine.Engine [cached since 848.5s ago] (23, '4', 1, 0)
2025-10-13 19:59:16,200 INFO sqlalchemy.engine.Engine INSERT INTO model_years (car_model_id, year_code, year_description, created_at) VALUES (?, ?, ?, ?)
2025-10-13 19:59:16,200 INFO sqlalchemy.engine.Engine [cached since 336.3s ago] (23, '4', '1993 Gasolina', '2025-10-13')
2025-10-13 19:59:16,201 INFO sqlalchemy.engine.Engine COMMIT
[32m2025-10-13 19:59:16.204[0m | [34m[1mDEBUG   [0m | [36m__main__[0m:[36m_extract_price_data[0m:[36m459[0m - [34m[1mWaiting for results table to appear...[0m
[32m2025-10-13 19:59:36.811[0m | [31m[1mERROR   [0m | [36m__main__[0m:[36m_extract_price_data[0m:[36m468[0m - [31m[1mTimeout waiting for results table[0m
[32m2025-10-13 19:59:36.862[0m | [34m[1mDEBUG   [0m | [36m__main__[0m:[36m_select_dropdown_option[0m:[36m239[0m - [34m[1mSelecting option 5 in select selectAnocarro[0m
[32m2025-10-13 19:59:37.284[0m | [34m[1mDEBUG   [0m | [36m__main__[0m:[36m_select_dropdown_option[0m:[36m262[0m - [34m[1mSuccessfully selected option 5 using JavaScript[0m
2025-10-13 19:59:39,285 INFO sqlalchemy.engine.Engine BEGIN (implicit)
2025-10-13 19:59:39,286 INFO sqlalchemy.engine.Engine SELECT car_models.id AS car_models_id, car_models.brand_id AS car_models_brand_id, car_models.model_code AS car_models_model_code, car_models.model_name AS car_models_model_name, car_models.created_at AS car_models_created_at 
FROM car_models 
WHERE car_models.id = ?
2025-10-13 19:59:39,286 INFO sqlalchemy.engine.Engine [cached since 359.4s ago] (23,)
2025-10-13 19:59:39,288 INFO sqlalchemy.engine.Engine SELECT model_years.id AS model_years_id, model_years.car_model_id AS model_years_car_model_id, model_years.year_code AS model_years_year_code, model_years.year_description AS model_years_year_description, model_years.created_at AS model_years_created_at 
FROM model_years 
WHERE model_years.car_model_id = ? AND model_years.year_code = ?
 LIMIT ? OFFSET ?
2025-10-13 19:59:39,288 INFO sqlalchemy.engine.Engine [cached since 871.6s ago] (23, '5', 1, 0)
2025-10-13 19:59:39,289 INFO sqlalchemy.engine.Engine INSERT INTO model_years (car_model_id, year_code, year_description, created_at) VALUES (?, ?, ?, ?)
2025-10-13 19:59:39,290 INFO sqlalchemy.engine.Engine [cached since 359.4s ago] (23, '5', '1992 Gasolina', '2025-10-13')
2025-10-13 19:59:39,296 INFO sqlalchemy.engine.Engine COMMIT
[32m2025-10-13 19:59:39.301[0m | [34m[1mDEBUG   [0m | [36m__main__[0m:[36m_extract_price_data[0m:[36m459[0m - [34m[1mWaiting for results table to appear...[0m
[32m2025-10-13 19:59:59.862[0m | [31m[1mERROR   [0m | [36m__main__[0m:[36m_extract_price_data[0m:[36m468[0m - [31m[1mTimeout waiting for results table[0m
[32m2025-10-13 19:59:59.906[0m | [34m[1mDEBUG   [0m | [36m__main__[0m:[36m_select_dropdown_option[0m:[36m239[0m - [34m[1mSelecting option 6 in select selectAnocarro[0m
[32m2025-10-13 20:00:00.676[0m | [34m[1mDEBUG   [0m | [36m__main__[0m:[36m_select_dropdown_option[0m:[36m262[0m - [34m[1mSuccessfully selected option 6 using JavaScript[0m
2025-10-13 20:00:02,678 INFO sqlalchemy.engine.Engine BEGIN (implicit)
2025-10-13 20:00:02,678 INFO sqlalchemy.engine.Engine SELECT car_models.id AS car_models_id, car_models.brand_id AS car_models_brand_id, car_models.model_code AS car_models_model_code, car_models.model_name AS car_models_model_name, car_models.created_at AS car_models_created_at 
FROM car_models 
WHERE car_models.id = ?
2025-10-13 20:00:02,678 INFO sqlalchemy.engine.Engine [cached since 382.7s ago] (23,)
2025-10-13 20:00:02,680 INFO sqlalchemy.engine.Engine SELECT model_years.id AS model_years_id, model_years.car_model_id AS model_years_car_model_id, model_years.year_code AS model_years_year_code, model_years.year_description AS model_years_year_description, model_years.created_at AS model_years_created_at 
FROM model_years 
WHERE model_years.car_model_id = ? AND model_years.year_code = ?
 LIMIT ? OFFSET ?
2025-10-13 20:00:02,680 INFO sqlalchemy.engine.Engine [cached since 895s ago] (23, '6', 1, 0)
2025-10-13 20:00:02,681 INFO sqlalchemy.engine.Engine INSERT INTO model_years (car_model_id, year_code, year_description, created_at) VALUES (?, ?, ?, ?)
2025-10-13 20:00:02,681 INFO sqlalchemy.engine.Engine [cached since 382.7s ago] (23, '6', '1991 Gasolina', '2025-10-13')
2025-10-13 20:00:02,687 INFO sqlalchemy.engine.Engine COMMIT
[32m2025-10-13 20:00:02.691[0m | [34m[1mDEBUG   [0m | [36m__main__[0m:[36m_extract_price_data[0m:[36m459[0m - [34m[1mWaiting for results table to appear...[0m
[32m2025-10-13 20:00:23.261[0m | [31m[1mERROR   [0m | [36m__main__[0m:[36m_extract_price_data[0m:[36m468[0m - [31m[1mTimeout waiting for results table[0m
[32m2025-10-13 20:00:23.292[0m | [32m[1mSUCCESS [0m | [36m__main__[0m:[36mscrape_all_data[0m:[36m423[0m - [32m[1m\u2713 Completed all 6 year(s) for model: 145 QV[0m
[32m2025-10-13 20:00:23.293[0m | [34m[1mDEBUG   [0m | [36m__main__[0m:[36m_select_dropdown_option[0m:[36m239[0m - [34m[1mSelecting option 5 in select selectAnoModelocarro[0m
[32m2025-10-13 20:00:23.364[0m | [34m[1mDEBUG   [0m | [36m__main__[0m:[36m_select_dropdown_option[0m:[36m262[0m - [34m[1mSuccessfully selected option 5 using JavaScript[0m
2025-10-13 20:00:25,365 INFO sqlalchemy.engine.Engine BEGIN (implicit)
2025-10-13 20:00:25,366 INFO sqlalchemy.engine.Engine SELECT brands.id AS brands_id, brands.brand_code AS brands_brand_code, brands.brand_name AS brands_brand_name, brands.created_at AS brands_created_at 
FROM brands 
WHERE brands.id = ?
2025-10-13 20:00:25,367 INFO sqlalchemy.engine.Engine [cached since 308.5s ago] (3,)
2025-10-13 20:00:25,368 INFO sqlalchemy.engine.Engine SELECT car_models.id AS car_models_id, car_models.brand_id AS car_models_brand_id, car_models.model_code AS car_models_model_code, car_models.model_name AS car_models_model_name, car_models.created_at AS car_models_created_at 
FROM car_models 
WHERE car_models.brand_id = ? AND car_models.model_code = ?
 LIMIT ? OFFSET ?
2025-10-13 20:00:25,368 INFO sqlalchemy.engine.Engine [cached since 919.8s ago] (3, '5', 1, 0)
2025-10-13 20:00:25,369 INFO sqlalchemy.engine.Engine INSERT INTO car_models (brand_id, model_code, model_name, created_at) VALUES (?, ?, ?, ?)
2025-10-13 20:00:25,370 INFO sqlalchemy.engine.Engine [cached since 409.7s ago] (3, '5', '147 2.0 16V 148cv 4p Semi-Aut.', '2025-10-13')
2025-10-13 20:00:25,375 INFO sqlalchemy.engine.Engine COMMIT
[32m2025-10-13 20:00:25.378[0m | [34m[1mDEBUG   [0m | [36m__main__[0m:[36m_get_dropdown_options[0m:[36m146[0m - [34m[1mTrying to get options from native select: selectAnocarro[0m
[32m2025-10-13 20:00:25.387[0m | [34m[1mDEBUG   [0m | [36m__main__[0m:[36m_get_dropdown_options[0m:[36m151[0m - [34m[1mFound 1 options in native select element[0m
[32m2025-10-13 20:00:25.399[0m | [34m[1mDEBUG   [0m | [36m__main__[0m:[36m_get_dropdown_options[0m:[36m166[0m - [34m[1m  Option 0: text='', value=''[0m
[32m2025-10-13 20:00:25.399[0m | [34m[1mDEBUG   [0m | [36m__main__[0m:[36m_get_dropdown_options[0m:[36m175[0m - [34m[1mSuccessfully extracted 0 options from native select[0m
[32m2025-10-13 20:00:25.399[0m | [32m[1mSUCCESS [0m | [36m__main__[0m:[36mscrape_all_data[0m:[36m423[0m - [32m[1m\u2713 Completed all 0 year(s) for model: 147 2.0 16V 148cv 4p Semi-Aut.[0m
[32m2025-10-13 20:00:25.399[0m | [34m[1mDEBUG   [0m | [36m__main__[0m:[36m_select_dropdown_option[0m:[36m239[0m - [34m[1mSelecting option 6 in select selectAnoModelocarro[0m
[32m2025-10-13 20:00:27.795[0m | [34m[1mDEBUG   [0m | [36m__main__[0m:[36m_select_dropdown_option[0m:[36m262[0m - [34m[1mSuccessfully selected option 6 using JavaScript[0m
2025-10-13 20:00:29,796 INFO sqlalchemy.engine.Engine BEGIN (implicit)
2025-10-13 20:00:29,797 INFO sqlalchemy.engine.Engine SELECT brands.id AS brands_id, brands.brand_code AS brands_brand_code, brands.brand_name AS brands_brand_name, brands.created_at AS brands_created_at 
FROM brands 
WHERE brands.id = ?
2025-10-13 20:00:29,797 INFO sqlalchemy.engine.Engine [cached since 313s ago] (3,)
2025-10-13 20:00:29,798 INFO sqlalchemy.engine.Engine SELECT car_models.id AS car_models_id, car_models.brand_id AS car_models_brand_id, car_models.model_code AS car_models_model_code, car_models.model_name AS car_models_model_name, car_models.created_at AS car_models_created_at 
FROM car_models 
WHERE car_models.brand_id = ? AND car_models.model_code = ?
 LIMIT ? OFFSET ?
2025-10-13 20:00:29,798 INFO sqlalchemy.engine.Engine [cached since 924.2s ago] (3, '6', 1, 0)
2025-10-13 20:00:29,800 INFO sqlalchemy.engine.Engine INSERT INTO car_models (brand_id, model_code, model_name, created_at) VALUES (?, ?, ?, ?)
2025-10-13 20:00:29,800 INFO sqlalchemy.engine.Engine [cached since 414.1s ago] (3, '6', '155', '2025-10-13')
2025-10-13 20:00:29,801 INFO sqlalchemy.engine.Engine COMMIT
[32m2025-10-13 20:00:29.804[0m | [34m[1mDEBUG   [0m | [36m__main__[0m:[36m_get_dropdown_options[0m:[36m146[0m - [34m[1mTrying to get options from native select: selectAnocarro[0m
[32m2025-10-13 20:00:29.812[0m | [34m[1mDEBUG   [0m | [36m__main__[0m:[36m_get_dropdown_options[0m:[36m151[0m - [34m[1mFound 1 options in native select element[0m
[32m2025-10-13 20:00:29.820[0m | [34m[1mDEBUG   [0m | [36m__main__[0m:[36m_get_dropdown_options[0m:[36m166[0m - [34m[1m  Option 0: text='', value=''[0m
[32m2025-10-13 20:00:29.821[0m | [34m[1mDEBUG   [0m | [36m__main__[0m:[36m_get_dropdown_options[0m:[36m175[0m - [34m[1mSuccessfully extracted 0 options from native select[0m
[32m2025-10-13 20:00:29.821[0m | [32m[1mSUCCESS [0m | [36m__main__[0m:[36mscrape_all_data[0m:[36m423[0m - [32m[1m\u2713 Completed all 0 year(s) for model: 155[0m
[32m2025-10-13 20:00:29.821[0m | [34m[1mDEBUG   [0m | [36m__main__[0m:[36m_select_dropdown_option[0m:[36m239[0m - [34m[1mSelecting option 7 in select selectAnoModelocarro[0m
[32m2025-10-13 20:00:30.093[0m | [34m[1mDEBUG   [0m | [36m__main__[0m:[36m_select_dropdown_option[0m:[36m262[0m - [34m[1mSuccessfully selected option 7 using JavaScript[0m
2025-10-13 20:00:32,094 INFO sqlalchemy.engine.Engine BEGIN (implicit)
2025-10-13 20:00:32,095 INFO sqlalchemy.engine.Engine SELECT brands.id AS brands_id, brands.brand_code AS brands_brand_code, brands.brand_name AS brands_brand_name, brands.created_at AS brands_created_at 
FROM brands 
WHERE brands.id = ?
2025-10-13 20:00:32,095 INFO sqlalchemy.engine.Engine [cached since 315.3s ago] (3,)
2025-10-13 20:00:32,096 INFO sqlalchemy.engine.Engine SELECT car_models.id AS car_models_id, car_models.brand_id AS car_models_brand_id, car_models.model_code AS car_models_model_code, car_models.model_name AS car_models_model_name, car_models.created_at AS car_models_created_at 
FROM car_models 
WHERE car_models.brand_id = ? AND car_models.model_code = ?
 LIMIT ? OFFSET ?
2025-10-13 20:00:32,097 INFO sqlalchemy.engine.Engine [cached since 926.5s ago] (3, '7', 1, 0)
2025-10-13 20:00:32,097 INFO sqlalchemy.engine.Engine INSERT INTO car_models (brand_id, model_code, model_name, created_at) VALUES (?, ?, ?, ?)
2025-10-13 20:00:32,098 INFO sqlalchemy.engine.Engine [cached since 416.4s ago] (3, '7', '155 Super', '2025-10-13')
2025-10-13 20:00:32,103 INFO sqlalchemy.engine.Engine COMMIT
[32m2025-10-13 20:00:32.107[0m | [34m[1mDEBUG   [0m | [36m__main__[0m:[36m_get_dropdown_options[0m:[36m146[0m - [34m[1mTrying to get options from native select: selectAnocarro[0m
[32m2025-10-13 20:00:32.115[0m | [34m[1mDEBUG   [0m | [36m__main__[0m:[36m_get_dropdown_options[0m:[36m151[0m - [34m[1mFound 1 options in native select element[0m
[32m2025-10-13 20:00:32.123[0m | [34m[1mDEBUG   [0m | [36m__main__[0m:[36m_get_dropdown_options[0m:[36m166[0m - [34m[1m  Option 0: text='', value=''[0m
[32m2025-10-13 20:00:32.123[0m | [34m[1mDEBUG   [0m | [36m__main__[0m:[36m_get_dropdown_options[0m:[36m175[0m - [34m[1mSuccessfully extracted 0 options from native select[0m
[32m2025-10-13 20:00:32.123[0m | [32m[1mSUCCESS [0m | [36m__main__[0m:[36mscrape_all_data[0m:[36m423[0m - [32m[1m\u2713 Completed all 0 year(s) for model: 155 Super[0m
[32m2025-10-13 20:00:32.124[0m | [34m[1mDEBUG   [0m | [36m__main__[0m:[36m_select_dropdown_option[0m:[36m239[0m - [34m[1mSelecting option 8 in select selectAnoModelocarro[0m
[32m2025-10-13 20:00:32.177[0m | [34m[1mDEBUG   [0m | [36m__main__[0m:[36m_select_dropdown_option[0m:[36m262[0m - [34m[1mSuccessfully selected option 8 using JavaScript[0m
2025-10-13 20:00:34,178 INFO sqlalchemy.engine.Engine BEGIN (implicit)
2025-10-13 20:00:34,179 INFO sqlalchemy.engine.Engine SELECT brands.id AS brands_id, brands.brand_code AS brands_brand_code, brands.brand_name AS brands_brand_name, brands.created_at AS brands_created_at 
FROM brands 
WHERE brands.id = ?
2025-10-13 20:00:34,179 INFO sqlalchemy.engine.Engine [cached since 317.3s ago] (3,)
2025-10-13 20:00:34,180 INFO sqlalchemy.engine.Engine SELECT car_models.id AS car_models_id, car_models.brand_id AS car_models_brand_id, car_models.model_code AS car_models_model_code, car_models.model_name AS car_models_model_name, car_models.created_at AS car_models_created_at 
FROM car_models 
WHERE car_models.brand_id = ? AND car_models.model_code = ?
 LIMIT ? OFFSET ?
2025-10-13 20:00:34,180 INFO sqlalchemy.engine.Engine [cached since 928.6s ago] (3, '8', 1, 0)
2025-10-13 20:00:34,182 INFO sqlalchemy.engine.Engine INSERT INTO car_models (brand_id, model_code, model_name, created_at) VALUES (?, ?, ?, ?)
2025-10-13 20:00:34,182 INFO sqlalchemy.engine.Engine [cached since 418.5s ago] (3, '8', '156 2.5 V6 24V 190cv 4p Aut.', '2025-10-13')
2025-10-13 20:00:34,184 INFO sqlalchemy.engine.Engine COMMIT
[32m2025-10-13 20:00:34.188[0m | [34m[1mDEBUG   [0m | [36m__main__[0m:[36m_get_dropdown_options[0m:[36m146[0m - [34m[1mTrying to get options from native select: selectAnocarro[0m
[32m2025-10-13 20:00:34.197[0m | [34m[1mDEBUG   [0m | [36m__main__[0m:[36m_get_dropdown_options[0m:[36m151[0m - [34m[1mFound 1 options in native select element[0m
[32m2025-10-13 20:00:34.206[0m | [34m[1mDEBUG   [0m | [36m__main__[0m:[36m_get_dropdown_options[0m:[36m166[0m - [34m[1m  Option 0: text='', value=''[0m
[32m2025-10-13 20:00:34.206[0m | [34m[1mDEBUG   [0m | [36m__main__[0m:[36m_get_dropdown_options[0m:[36m175[0m - [34m[1mSuccessfully extracted 0 options from native select[0m
[32m2025-10-13 20:00:34.206[0m | [32m[1mSUCCESS [0m | [36m__main__[0m:[36mscrape_all_data[0m:[36m423[0m - [32m[1m\u2713 Completed all 0 year(s) for model: 156 2.5 V6 24V 190cv 4p Aut.[0m
[32m2025-10-13 20:00:34.206[0m | [34m[1mDEBUG   [0m | [36m__main__[0m:[36m_select_dropdown_option[0m:[36m239[0m - [34m[1mSelecting option 9 in select selectAnoModelocarro[0m
[32m2025-10-13 20:00:34.967[0m | [34m[1mDEBUG   [0m | [36m__main__[0m:[36m_select_dropdown_option[0m:[36m262[0m - [34m[1mSuccessfully selected option 9 using JavaScript[0m
2025-10-13 20:00:36,968 INFO sqlalchemy.engine.Engine BEGIN (implicit)
2025-10-13 20:00:36,969 INFO sqlalchemy.engine.Engine SELECT brands.id AS brands_id, brands.brand_code AS brands_brand_code, brands.brand_name AS brands_brand_name, brands.created_at AS brands_created_at 
FROM brands 
WHERE brands.id = ?
2025-10-13 20:00:36,969 INFO sqlalchemy.engine.Engine [cached since 320.1s ago] (3,)
2025-10-13 20:00:36,971 INFO sqlalchemy.engine.Engine SELECT car_models.id AS car_models_id, car_models.brand_id AS car_models_brand_id, car_models.model_code AS car_models_model_code, car_models.model_name AS car_models_model_name, car_models.created_at AS car_models_created_at 
FROM car_models 
WHERE car_models.brand_id = ? AND car_models.model_code = ?
 LIMIT ? OFFSET ?
2025-10-13 20:00:36,971 INFO sqlalchemy.engine.Engine [cached since 931.4s ago] (3, '9', 1, 0)
2025-10-13 20:00:36,973 INFO sqlalchemy.engine.Engine INSERT INTO car_models (brand_id, model_code, model_name, created_at) VALUES (?, ?, ?, ?)
2025-10-13 20:00:36,973 INFO sqlalchemy.engine.Engine [cached since 421.3s ago] (3, '9', '156 Sport Wagon 2.0 16V', '2025-10-13')
2025-10-13 20:00:36,978 INFO sqlalchemy.engine.Engine COMMIT
[32m2025-10-13 20:00:36.983[0m | [34m[1mDEBUG   [0m | [36m__main__[0m:[36m_get_dropdown_options[0m:[36m146[0m - [34m[1mTrying to get options from native select: selectAnocarro[0m
[32m2025-10-13 20:00:36.993[0m | [34m[1mDEBUG   [0m | [36m__main__[0m:[36m_get_dropdown_options[0m:[36m151[0m - [34m[1mFound 1 options in native select element[0m
[32m2025-10-13 20:00:37.004[0m | [34m[1mDEBUG   [0m | [36m__main__[0m:[36m_get_dropdown_options[0m:[36m166[0m - [34m[1m  Option 0: text='', value=''[0m
[32m2025-10-13 20:00:37.004[0m | [34m[1mDEBUG   [0m | [36m__main__[0m:[36m_get_dropdown_options[0m:[36m175[0m - [34m[1mSuccessfully extracted 0 options from native select[0m
[32m2025-10-13 20:00:37.004[0m | [32m[1mSUCCESS [0m | [36m__main__[0m:[36mscrape_all_data[0m:[36m423[0m - [32m[1m\u2713 Completed all 0 year(s) for model: 156 Sport Wagon 2.0 16V[0m
[32m2025-10-13 20:00:37.004[0m | [34m[1mDEBUG   [0m | [36m__main__[0m:[36m_select_dropdown_option[0m:[36m239[0m - [34m[1mSelecting option 10 in select selectAnoModelocarro[0m
[32m2025-10-13 20:00:37.064[0m | [34m[1mDEBUG   [0m | [36m__main__[0m:[36m_select_dropdown_option[0m:[36m262[0m - [34m[1mSuccessfully selected option 10 using JavaScript[0m
2025-10-13 20:00:39,065 INFO sqlalchemy.engine.Engine BEGIN (implicit)
2025-10-13 20:00:39,066 INFO sqlalchemy.engine.Engine SELECT brands.id AS brands_id, brands.brand_code AS brands_brand_code, brands.brand_name AS brands_brand_name, brands.created_at AS brands_created_at 
FROM brands 
WHERE brands.id = ?
2025-10-13 20:00:39,066 INFO sqlalchemy.engine.Engine [cached since 322.2s ago] (3,)
2025-10-13 20:00:39,068 INFO sqlalchemy.engine.Engine SELECT car_models.id AS car_models_id, car_models.brand_id AS car_models_brand_id, car_models.model_code AS car_models_model_code, car_models.model_name AS car_models_model_name, car_models.created_at AS car_models_created_at 
FROM car_models 
WHERE car_models.brand_id = ? AND car_models.model_code = ?
 LIMIT ? OFFSET ?
2025-10-13 20:00:39,069 INFO sqlalchemy.engine.Engine [cached since 933.5s ago] (3, '10', 1, 0)
2025-10-13 20:00:39,070 INFO sqlalchemy.engine.Engine INSERT INTO car_models (brand_id, model_code, model_name, created_at) VALUES (?, ?, ?, ?)
2025-10-13 20:00:39,070 INFO sqlalchemy.engine.Engine [cached since 423.4s ago] (3, '10', '156 Sport Wagon 2.5 V6 24V 4p Aut.', '2025-10-13')
2025-10-13 20:00:39,075 INFO sqlalchemy.engine.Engine COMMIT
[32m2025-10-13 20:00:39.080[0m | [34m[1mDEBUG   [0m | [36m__main__[0m:[36m_get_dropdown_options[0m:[36m146[0m - [34m[1mTrying to get options from native select: selectAnocarro[0m
[32m2025-10-13 20:00:39.087[0m | [34m[1mDEBUG   [0m | [36m__main__[0m:[36m_get_dropdown_options[0m:[36m151[0m - [34m[1mFound 1 options in native select element[0m
[32m2025-10-13 20:00:39.094[0m | [34m[1mDEBUG   [0m | [36m__main__[0m:[36m_get_dropdown_options[0m:[36m166[0m - [34m[1m  Option 0: text='', value=''[0m
[32m2025-10-13 20:00:39.095[0m | [34m[1mDEBUG   [0m | [36m__main__[0m:[36m_get_dropdown_options[0m:[36m175[0m - [34m[1mSuccessfully extracted 0 options from native select[0m
[32m2025-10-13 20:00:39.095[0m | [32m[1mSUCCESS [0m | [36m__main__[0m:[36mscrape_all_data[0m:[36m423[0m - [32m[1m\u2713 Completed all 0 year(s) for model: 156 Sport Wagon 2.5 V6 24V 4p Aut.[0m
[32m2025-10-13 20:00:39.095[0m | [34m[1mDEBUG   [0m | [36m__main__[0m:[36m_select_dropdown_option[0m:[36m239[0m - [34m[1mSelecting option 11 in select selectAnoModelocarro[0m
[32m2025-10-13 20:00:39.166[0m | [34m[1mDEBUG   [0m | [36m__main__[0m:[36m_select_dropdown_option[0m:[36m262[0m - [34m[1mSuccessfully selected option 11 using JavaScript[0m
2025-10-13 20:00:41,167 INFO sqlalchemy.engine.Engine BEGIN (implicit)
2025-10-13 20:00:41,167 INFO sqlalchemy.engine.Engine SELECT brands.id AS brands_id, brands.brand_code AS brands_brand_code, brands.brand_name AS brands_brand_name, brands.created_at AS brands_created_at 
FROM brands 
WHERE brands.id = ?
2025-10-13 20:00:41,167 INFO sqlalchemy.engine.Engine [cached since 324.3s ago] (3,)
2025-10-13 20:00:41,169 INFO sqlalchemy.engine.Engine SELECT car_models.id AS car_models_id, car_models.brand_id AS car_models_brand_id, car_models.model_code AS car_models_model_code, car_models.model_name AS car_models_model_name, car_models.created_at AS car_models_created_at 
FROM car_models 
WHERE car_models.brand_id = ? AND car_models.model_code = ?
 LIMIT ? OFFSET ?
2025-10-13 20:00:41,169 INFO sqlalchemy.engine.Engine [cached since 935.6s ago] (3, '11', 1, 0)
2025-10-13 20:00:41,170 INFO sqlalchemy.engine.Engine INSERT INTO car_models (brand_id, model_code, model_name, created_at) VALUES (?, ?, ?, ?)
2025-10-13 20:00:41,170 INFO sqlalchemy.engine.Engine [cached since 425.5s ago] (3, '11', '156 TS/Sport/Elegant 2.0 16V', '2025-10-13')
2025-10-13 20:00:41,175 INFO sqlalchemy.engine.Engine COMMIT
[32m2025-10-13 20:00:41.179[0m | [34m[1mDEBUG   [0m | [36m__main__[0m:[36m_get_dropdown_options[0m:[36m146[0m - [34m[1mTrying to get options from native select: selectAnocarro[0m
[32m2025-10-13 20:00:41.185[0m | [34m[1mDEBUG   [0m | [36m__main__[0m:[36m_get_dropdown_options[0m:[36m151[0m - [34m[1mFound 1 options in native select element[0m
[32m2025-10-13 20:00:41.194[0m | [34m[1mDEBUG   [0m | [36m__main__[0m:[36m_get_dropdown_options[0m:[36m166[0m - [34m[1m  Option 0: text='', value=''[0m
[32m2025-10-13 20:00:41.194[0m | [34m[1mDEBUG   [0m | [36m__main__[0m:[36m_get_dropdown_options[0m:[36m175[0m - [34m[1mSuccessfully extracted 0 options from native select[0m
[32m2025-10-13 20:00:41.194[0m | [32m[1mSUCCESS [0m | [36m__main__[0m:[36mscrape_all_data[0m:[36m423[0m - [32m[1m\u2713 Completed all 0 year(s) for model: 156 TS/Sport/Elegant 2.0 16V[0m
[32m2025-10-13 20:00:41.194[0m | [34m[1mDEBUG   [0m | [36m__main__[0m:[36m_select_dropdown_option[0m:[36m239[0m - [34m[1mSelecting option 12 in select selectAnoModelocarro[0m
[32m2025-10-13 20:00:41.246[0m | [34m[1mDEBUG   [0m | [36m__main__[0m:[36m_select_dropdown_option[0m:[36m262[0m - [34m[1mSuccessfully selected option 12 using JavaScript[0m
2025-10-13 20:00:43,247 INFO sqlalchemy.engine.Engine BEGIN (implicit)
2025-10-13 20:00:43,247 INFO sqlalchemy.engine.Engine SELECT brands.id AS brands_id, brands.brand_code AS brands_brand_code, brands.brand_name AS brands_brand_name, brands.created_at AS brands_created_at 
FROM brands 
WHERE brands.id = ?
2025-10-13 20:00:43,247 INFO sqlalchemy.engine.Engine [cached since 326.4s ago] (3,)
2025-10-13 20:00:43,248 INFO sqlalchemy.engine.Engine SELECT car_models.id AS car_models_id, car_models.brand_id AS car_models_brand_id, car_models.model_code AS car_models_model_code, car_models.model_name AS car_models_model_name, car_models.created_at AS car_models_created_at 
FROM car_models 
WHERE car_models.brand_id = ? AND car_models.model_code = ?
 LIMIT ? OFFSET ?
2025-10-13 20:00:43,248 INFO sqlalchemy.engine.Engine [cached since 937.7s ago] (3, '12', 1, 0)
2025-10-13 20:00:43,249 INFO sqlalchemy.engine.Engine INSERT INTO car_models (brand_id, model_code, model_name, created_at) VALUES (?, ?, ?, ?)
2025-10-13 20:00:43,249 INFO sqlalchemy.engine.Engine [cached since 427.5s ago] (3, '12', '164 3.0 V6', '2025-10-13')
2025-10-13 20:00:43,251 INFO sqlalchemy.engine.Engine COMMIT
[32m2025-10-13 20:00:43.257[0m | [34m[1mDEBUG   [0m | [36m__main__[0m:[36m_get_dropdown_options[0m:[36m146[0m - [34m[1mTrying to get options from native select: selectAnocarro[0m
[32m2025-10-13 20:00:43.264[0m | [34m[1mDEBUG   [0m | [36m__main__[0m:[36m_get_dropdown_options[0m:[36m151[0m - [34m[1mFound 1 options in native select element[0m
[32m2025-10-13 20:00:43.273[0m | [34m[1mDEBUG   [0m | [36m__main__[0m:[36m_get_dropdown_options[0m:[36m166[0m - [34m[1m  Option 0: text='', value=''[0m
[32m2025-10-13 20:00:43.273[0m | [34m[1mDEBUG   [0m | [36m__main__[0m:[36m_get_dropdown_options[0m:[36m175[0m - [34m[1mSuccessfully extracted 0 options from native select[0m
[32m2025-10-13 20:00:43.273[0m | [32m[1mSUCCESS [0m | [36m__main__[0m:[36mscrape_all_data[0m:[36m423[0m - [32m[1m\u2713 Completed all 0 year(s) for model: 164 3.0 V6[0m
[32m2025-10-13 20:00:43.273[0m | [34m[1mDEBUG   [0m | [36m__main__[0m:[36m_select_dropdown_option[0m:[36m239[0m - [34m[1mSelecting option 13 in select selectAnoModelocarro[0m
[32m2025-10-13 20:00:43.336[0m | [34m[1mDEBUG   [0m | [36m__main__[0m:[36m_select_dropdown_option[0m:[36m262[0m - [34m[1mSuccessfully selected option 13 using JavaScript[0m
2025-10-13 20:00:45,336 INFO sqlalchemy.engine.Engine BEGIN (implicit)
2025-10-13 20:00:45,337 INFO sqlalchemy.engine.Engine SELECT brands.id AS brands_id, brands.brand_code AS brands_brand_code, brands.brand_name AS brands_brand_name, brands.created_at AS brands_created_at 
FROM brands 
WHERE brands.id = ?
2025-10-13 20:00:45,337 INFO sqlalchemy.engine.Engine [cached since 328.5s ago] (3,)
2025-10-13 20:00:45,338 INFO sqlalchemy.engine.Engine SELECT car_models.id AS car_models_id, car_models.brand_id AS car_models_brand_id, car_models.model_code AS car_models_model_code, car_models.model_name AS car_models_model_name, car_models.created_at AS car_models_created_at 
FROM car_models 
WHERE car_models.brand_id = ? AND car_models.model_code = ?
 LIMIT ? OFFSET ?
2025-10-13 20:00:45,339 INFO sqlalchemy.engine.Engine [cached since 939.8s ago] (3, '13', 1, 0)
2025-10-13 20:00:45,339 INFO sqlalchemy.engine.Engine INSERT INTO car_models (brand_id, model_code, model_name, created_at) VALUES (?, ?, ?, ?)
2025-10-13 20:00:45,339 INFO sqlalchemy.engine.Engine [cached since 429.6s ago] (3, '13', '164 Super V6 24V', '2025-10-13')
2025-10-13 20:00:45,344 INFO sqlalchemy.engine.Engine COMMIT
[32m2025-10-13 20:00:45.348[0m | [34m[1mDEBUG   [0m | [36m__main__[0m:[36m_get_dropdown_options[0m:[36m146[0m - [34m[1mTrying to get options from native select: selectAnocarro[0m
[32m2025-10-13 20:00:45.357[0m | [34m[1mDEBUG   [0m | [36m__main__[0m:[36m_get_dropdown_options[0m:[36m151[0m - [34m[1mFound 1 options in native select element[0m
[32m2025-10-13 20:00:45.366[0m | [34m[1mDEBUG   [0m | [36m__main__[0m:[36m_get_dropdown_options[0m:[36m166[0m - [34m[1m  Option 0: text='', value=''[0m
[32m2025-10-13 20:00:45.366[0m | [34m[1mDEBUG   [0m | [36m__main__[0m:[36m_get_dropdown_options[0m:[36m175[0m - [34m[1mSuccessfully extracted 0 options from native select[0m
[32m2025-10-13 20:00:45.366[0m | [32m[1mSUCCESS [0m | [36m__main__[0m:[36mscrape_all_data[0m:[36m423[0m - [32m[1m\u2713 Completed all 0 year(s) for model: 164 Super V6 24V[0m
[32m2025-10-13 20:00:45.366[0m | [34m[1mDEBUG   [0m | [36m__main__[0m:[36m_select_dropdown_option[0m:[36m239[0m - [34m[1mSelecting option 14 in select selectAnoModelocarro[0m
[32m2025-10-13 20:00:45.421[0m | [34m[1mDEBUG   [0m | [36m__main__[0m:[36m_select_dropdown_option[0m:[36m262[0m - [34m[1mSuccessfully selected option 14 using JavaScript[0m
2025-10-13 20:00:47,422 INFO sqlalchemy.engine.Engine BEGIN (implicit)
2025-10-13 20:00:47,423 INFO sqlalchemy.engine.Engine SELECT brands.id AS brands_id, brands.brand_code AS brands_brand_code, brands.brand_name AS brands_brand_name, brands.created_at AS brands_created_at 
FROM brands 
WHERE brands.id = ?
2025-10-13 20:00:47,423 INFO sqlalchemy.engine.Engine [cached since 330.6s ago] (3,)
2025-10-13 20:00:47,425 INFO sqlalchemy.engine.Engine SELECT car_models.id AS car_models_id, car_models.brand_id AS car_models_brand_id, car_models.model_code AS car_models_model_code, car_models.model_name AS car_models_model_name, car_models.created_at AS car_models_created_at 
FROM car_models 
WHERE car_models.brand_id = ? AND car_models.model_code = ?
 LIMIT ? OFFSET ?
2025-10-13 20:00:47,425 INFO sqlalchemy.engine.Engine [cached since 941.9s ago] (3, '14', 1, 0)
2025-10-13 20:00:47,426 INFO sqlalchemy.engine.Engine INSERT INTO car_models (brand_id, model_code, model_name, created_at) VALUES (?, ?, ?, ?)
2025-10-13 20:00:47,426 INFO sqlalchemy.engine.Engine [cached since 431.7s ago] (3, '14', '166 3.0 V6 24V', '2025-10-13')
2025-10-13 20:00:47,431 INFO sqlalchemy.engine.Engine COMMIT
[32m2025-10-13 20:00:47.435[0m | [34m[1mDEBUG   [0m | [36m__main__[0m:[36m_get_dropdown_options[0m:[36m146[0m - [34m[1mTrying to get options from native select: selectAnocarro[0m
[32m2025-10-13 20:00:47.443[0m | [34m[1mDEBUG   [0m | [36m__main__[0m:[36m_get_dropdown_options[0m:[36m151[0m - [34m[1mFound 1 options in native select element[0m
[32m2025-10-13 20:00:47.451[0m | [34m[1mDEBUG   [0m | [36m__main__[0m:[36m_get_dropdown_options[0m:[36m166[0m - [34m[1m  Option 0: text='', value=''[0m
[32m2025-10-13 20:00:47.451[0m | [34m[1mDEBUG   [0m | [36m__main__[0m:[36m_get_dropdown_options[0m:[36m175[0m - [34m[1mSuccessfully extracted 0 options from native select[0m
[32m2025-10-13 20:00:47.451[0m | [32m[1mSUCCESS [0m | [36m__main__[0m:[36mscrape_all_data[0m:[36m423[0m - [32m[1m\u2713 Completed all 0 year(s) for model: 166 3.0 V6 24V[0m
[32m2025-10-13 20:00:47.451[0m | [34m[1mDEBUG   [0m | [36m__main__[0m:[36m_select_dropdown_option[0m:[36m239[0m - [34m[1mSelecting option 15 in select selectAnoModelocarro[0m
[32m2025-10-13 20:00:47.507[0m | [34m[1mDEBUG   [0m | [36m__main__[0m:[36m_select_dropdown_option[0m:[36m262[0m - [34m[1mSuccessfully selected option 15 using JavaScript[0m
2025-10-13 20:00:49,508 INFO sqlalchemy.engine.Engine BEGIN (implicit)
2025-10-13 20:00:49,509 INFO sqlalchemy.engine.Engine SELECT brands.id AS brands_id, brands.brand_code AS brands_brand_code, brands.brand_name AS brands_brand_name, brands.created_at AS brands_created_at 
FROM brands 
WHERE brands.id = ?
2025-10-13 20:00:49,509 INFO sqlalchemy.engine.Engine [cached since 332.7s ago] (3,)
2025-10-13 20:00:49,511 INFO sqlalchemy.engine.Engine SELECT car_models.id AS car_models_id, car_models.brand_id AS car_models_brand_id, car_models.model_code AS car_models_model_code, car_models.model_name AS car_models_model_name, car_models.created_at AS car_models_created_at 
FROM car_models 
WHERE car_models.brand_id = ? AND car_models.model_code = ?
 LIMIT ? OFFSET ?
2025-10-13 20:00:49,511 INFO sqlalchemy.engine.Engine [cached since 943.9s ago] (3, '15', 1, 0)
2025-10-13 20:00:49,513 INFO sqlalchemy.engine.Engine INSERT INTO car_models (brand_id, model_code, model_name, created_at) VALUES (?, ?, ?, ?)
2025-10-13 20:00:49,513 INFO sqlalchemy.engine.Engine [cached since 433.8s ago] (3, '15', '2300 TI/TI-4', '2025-10-13')
2025-10-13 20:00:49,518 INFO sqlalchemy.engine.Engine COMMIT
[32m2025-10-13 20:00:49.522[0m | [34m[1mDEBUG   [0m | [36m__main__[0m:[36m_get_dropdown_options[0m:[36m146[0m - [34m[1mTrying to get options from native select: selectAnocarro[0m
[32m2025-10-13 20:00:49.532[0m | [34m[1mDEBUG   [0m | [36m__main__[0m:[36m_get_dropdown_options[0m:[36m151[0m - [34m[1mFound 1 options in native select element[0m
[32m2025-10-13 20:00:49.540[0m | [34m[1mDEBUG   [0m | [36m__main__[0m:[36m_get_dropdown_options[0m:[36m166[0m - [34m[1m  Option 0: text='', value=''[0m
[32m2025-10-13 20:00:49.540[0m | [34m[1mDEBUG   [0m | [36m__main__[0m:[36m_get_dropdown_options[0m:[36m175[0m - [34m[1mSuccessfully extracted 0 options from native select[0m
[32m2025-10-13 20:00:49.540[0m | [32m[1mSUCCESS [0m | [36m__main__[0m:[36mscrape_all_data[0m:[36m423[0m - [32m[1m\u2713 Completed all 0 year(s) for model: 2300 TI/TI-4[0m
[32m2025-10-13 20:00:49.540[0m | [34m[1mDEBUG   [0m | [36m__main__[0m:[36m_select_dropdown_option[0m:[36m239[0m - [34m[1mSelecting option 16 in select selectAnoModelocarro[0m
[32m2025-10-13 20:00:49.598[0m | [34m[1mDEBUG   [0m | [36m__main__[0m:[36m_select_dropdown_option[0m:[36m262[0m - [34m[1mSuccessfully selected option 16 using JavaScript[0m
2025-10-13 20:00:51,599 INFO sqlalchemy.engine.Engine BEGIN (implicit)
2025-10-13 20:00:51,600 INFO sqlalchemy.engine.Engine SELECT brands.id AS brands_id, brands.brand_code AS brands_brand_code, brands.brand_name AS brands_brand_name, brands.created_at AS brands_created_at 
FROM brands 
WHERE brands.id = ?
2025-10-13 20:00:51,600 INFO sqlalchemy.engine.Engine [cached since 334.8s ago] (3,)
2025-10-13 20:00:51,601 INFO sqlalchemy.engine.Engine SELECT car_models.id AS car_models_id, car_models.brand_id AS car_models_brand_id, car_models.model_code AS car_models_model_code, car_models.model_name AS car_models_model_name, car_models.created_at AS car_models_created_at 
FROM car_models 
WHERE car_models.brand_id = ? AND car_models.model_code = ?
 LIMIT ? OFFSET ?
2025-10-13 20:00:51,602 INFO sqlalchemy.engine.Engine [cached since 946s ago] (3, '16', 1, 0)
2025-10-13 20:00:51,603 INFO sqlalchemy.engine.Engine INSERT INTO car_models (brand_id, model_code, model_name, created_at) VALUES (?, ?, ?, ?)
2025-10-13 20:00:51,603 INFO sqlalchemy.engine.Engine [cached since 435.9s ago] (3, '16', 'Spider 2.0/3.0', '2025-10-13')
2025-10-13 20:00:51,608 INFO sqlalchemy.engine.Engine COMMIT
[32m2025-10-13 20:00:51.612[0m | [34m[1mDEBUG   [0m | [36m__main__[0m:[36m_get_dropdown_options[0m:[36m146[0m - [34m[1mTrying to get options from native select: selectAnocarro[0m
[32m2025-10-13 20:00:51.618[0m | [34m[1mDEBUG   [0m | [36m__main__[0m:[36m_get_dropdown_options[0m:[36m151[0m - [34m[1mFound 1 options in native select element[0m
[32m2025-10-13 20:00:51.626[0m | [34m[1mDEBUG   [0m | [36m__main__[0m:[36m_get_dropdown_options[0m:[36m166[0m - [34m[1m  Option 0: text='', value=''[0m
[32m2025-10-13 20:00:51.626[0m | [34m[1mDEBUG   [0m | [36m__main__[0m:[36m_get_dropdown_options[0m:[36m175[0m - [34m[1mSuccessfully extracted 0 options from native select[0m
[32m2025-10-13 20:00:51.627[0m | [32m[1mSUCCESS [0m | [36m__main__[0m:[36mscrape_all_data[0m:[36m423[0m - [32m[1m\u2713 Completed all 0 year(s) for model: Spider 2.0/3.0[0m
[32m2025-10-13 20:00:51.627[0m | [1mINFO    [0m | [36m__main__[0m:[36mscrape_all_data[0m:[36m362[0m - [1mProcessing brand 4/97: AM Gen[0m
[32m2025-10-13 20:00:51.627[0m | [34m[1mDEBUG   [0m | [36m__main__[0m:[36m_select_dropdown_option[0m:[36m239[0m - [34m[1mSelecting option 4 in select selectMarcacarro[0m
[32m2025-10-13 20:00:51.788[0m | [34m[1mDEBUG   [0m | [36m__main__[0m:[36m_select_dropdown_option[0m:[36m262[0m - [34m[1mSuccessfully selected option 4 using JavaScript[0m
2025-10-13 20:00:53,788 INFO sqlalchemy.engine.Engine BEGIN (implicit)
2025-10-13 20:00:53,788 INFO sqlalchemy.engine.Engine SELECT brands.id AS brands_id, brands.brand_code AS brands_brand_code, brands.brand_name AS brands_brand_name, brands.created_at AS brands_created_at 
FROM brands 
WHERE brands.brand_code = ?
 LIMIT ? OFFSET ?
2025-10-13 20:00:53,788 INFO sqlalchemy.engine.Engine [cached since 950.4s ago] ('4', 1, 0)
[32m2025-10-13 20:00:53.789[0m | [34m[1mDEBUG   [0m | [36m__main__[0m:[36m_get_dropdown_options[0m:[36m146[0m - [34m[1mTrying to get options from native select: selectAnoModelocarro[0m
[32m2025-10-13 20:00:53.796[0m | [34m[1mDEBUG   [0m | [36m__main__[0m:[36m_get_dropdown_options[0m:[36m151[0m - [34m[1mFound 4 options in native select element[0m
[32m2025-10-13 20:00:53.804[0m | [34m[1mDEBUG   [0m | [36m__main__[0m:[36m_get_dropdown_options[0m:[36m166[0m - [34m[1m  Option 0: text='', value=''[0m
[32m2025-10-13 20:00:53.810[0m | [34m[1mDEBUG   [0m | [36m__main__[0m:[36m_get_dropdown_options[0m:[36m166[0m - [34m[1m  Option 1: text='Hummer Hard-Top 6.5 4x4 Diesel TB', value='21'[0m
[32m2025-10-13 20:00:53.815[0m | [34m[1mDEBUG   [0m | [36m__main__[0m:[36m_get_dropdown_options[0m:[36m166[0m - [34m[1m  Option 2: text='Hummer Open-Top 6.5 4x4 Diesel TB', value='22'[0m
[32m2025-10-13 20:00:53.820[0m | [34m[1mDEBUG   [0m | [36m__main__[0m:[36m_get_dropdown_options[0m:[36m166[0m - [34m[1m  Option 3: text='Hummer Wagon 6.5 4x4 Diesel TB', value='23'[0m
[32m2025-10-13 20:00:53.820[0m | [34m[1mDEBUG   [0m | [36m__main__[0m:[36m_get_dropdown_options[0m:[36m175[0m - [34m[1mSuccessfully extracted 3 options from native select[0m
[32m2025-10-13 20:00:53.820[0m | [34m[1mDEBUG   [0m | [36m__main__[0m:[36m_get_dropdown_options[0m:[36m177[0m - [34m[1mFirst 3 options: [{'value': '1', 'text': 'Hummer Hard-Top 6.5 4x4 Diesel TB'}, {'value': '2', 'text': 'Hummer Open-Top 6.5 4x4 Diesel TB'}, {'value': '3', 'text': 'Hummer Wagon 6.5 4x4 Diesel TB'}][0m
[32m2025-10-13 20:00:53.820[0m | [1mINFO    [0m | [36m__main__[0m:[36mscrape_all_data[0m:[36m381[0m - [1mFound 3 models[0m
[32m2025-10-13 20:00:53.820[0m | [34m[1mDEBUG   [0m | [36m__main__[0m:[36m_select_dropdown_option[0m:[36m239[0m - [34m[1mSelecting option 1 in select selectAnoModelocarro[0m
[32m2025-10-13 20:00:53.904[0m | [34m[1mDEBUG   [0m | [36m__main__[0m:[36m_select_dropdown_option[0m:[36m262[0m - [34m[1mSuccessfully selected option 1 using JavaScript[0m
2025-10-13 20:00:55,905 INFO sqlalchemy.engine.Engine SELECT car_models.id AS car_models_id, car_models.brand_id AS car_models_brand_id, car_models.model_code AS car_models_model_code, car_models.model_name AS car_models_model_name, car_models.created_at AS car_models_created_at 
FROM car_models 
WHERE car_models.brand_id = ? AND car_models.model_code = ?
 LIMIT ? OFFSET ?
2025-10-13 20:00:55,905 INFO sqlalchemy.engine.Engine [cached since 950.3s ago] (4, '1', 1, 0)
2025-10-13 20:00:55,906 INFO sqlalchemy.engine.Engine INSERT INTO car_models (brand_id, model_code, model_name, created_at) VALUES (?, ?, ?, ?)
2025-10-13 20:00:55,907 INFO sqlalchemy.engine.Engine [cached since 440.2s ago] (4, '1', 'Hummer Hard-Top 6.5 4x4 Diesel TB', '2025-10-13')
2025-10-13 20:00:55,908 INFO sqlalchemy.engine.Engine COMMIT
[32m2025-10-13 20:00:55.913[0m | [34m[1mDEBUG   [0m | [36m__main__[0m:[36m_get_dropdown_options[0m:[36m146[0m - [34m[1mTrying to get options from native select: selectAnocarro[0m
[32m2025-10-13 20:00:55.920[0m | [34m[1mDEBUG   [0m | [36m__main__[0m:[36m_get_dropdown_options[0m:[36m151[0m - [34m[1mFound 4 options in native select element[0m
[32m2025-10-13 20:00:55.928[0m | [34m[1mDEBUG   [0m | [36m__main__[0m:[36m_get_dropdown_options[0m:[36m166[0m - [34m[1m  Option 0: text='', value=''[0m
[32m2025-10-13 20:00:55.933[0m | [34m[1mDEBUG   [0m | [36m__main__[0m:[36m_get_dropdown_options[0m:[36m166[0m - [34m[1m  Option 1: text='2000 Diesel', value='2000-3'[0m
[32m2025-10-13 20:00:55.938[0m | [34m[1mDEBUG   [0m | [36m__main__[0m:[36m_get_dropdown_options[0m:[36m166[0m - [34m[1m  Option 2: text='1999 Diesel', value='1999-3'[0m
[32m2025-10-13 20:00:55.944[0m | [34m[1mDEBUG   [0m | [36m__main__[0m:[36m_get_dropdown_options[0m:[36m166[0m - [34m[1m  Option 3: text='1998 Diesel', value='1998-3'[0m
[32m2025-10-13 20:00:55.944[0m | [34m[1mDEBUG   [0m | [36m__main__[0m:[36m_get_dropdown_options[0m:[36m175[0m - [34m[1mSuccessfully extracted 3 options from native select[0m
[32m2025-10-13 20:00:55.944[0m | [34m[1mDEBUG   [0m | [36m__main__[0m:[36m_get_dropdown_options[0m:[36m177[0m - [34m[1mFirst 3 options: [{'value': '1', 'text': '2000 Diesel'}, {'value': '2', 'text': '1999 Diesel'}, {'value': '3', 'text': '1998 Diesel'}][0m
[32m2025-10-13 20:00:55.944[0m | [34m[1mDEBUG   [0m | [36m__main__[0m:[36m_select_dropdown_option[0m:[36m239[0m - [34m[1mSelecting option 1 in select selectAnocarro[0m
[32m2025-10-13 20:01:01.301[0m | [34m[1mDEBUG   [0m | [36m__main__[0m:[36m_select_dropdown_option[0m:[36m262[0m - [34m[1mSuccessfully selected option 1 using JavaScript[0m
2025-10-13 20:01:03,302 INFO sqlalchemy.engine.Engine BEGIN (implicit)
2025-10-13 20:01:03,303 INFO sqlalchemy.engine.Engine SELECT car_models.id AS car_models_id, car_models.brand_id AS car_models_brand_id, car_models.model_code AS car_models_model_code, car_models.model_name AS car_models_model_name, car_models.created_at AS car_models_created_at 
FROM car_models 
WHERE car_models.id = ?
2025-10-13 20:01:03,303 INFO sqlalchemy.engine.Engine [cached since 443.4s ago] (36,)
2025-10-13 20:01:03,305 INFO sqlalchemy.engine.Engine SELECT model_years.id AS model_years_id, model_years.car_model_id AS model_years_car_model_id, model_years.year_code AS model_years_year_code, model_years.year_description AS model_years_year_description, model_years.created_at AS model_years_created_at 
FROM model_years 
WHERE model_years.car_model_id = ? AND model_years.year_code = ?
 LIMIT ? OFFSET ?
2025-10-13 20:01:03,305 INFO sqlalchemy.engine.Engine [cached since 955.6s ago] (36, '1', 1, 0)
2025-10-13 20:01:03,306 INFO sqlalchemy.engine.Engine INSERT INTO model_years (car_model_id, year_code, year_description, created_at) VALUES (?, ?, ?, ?)
2025-10-13 20:01:03,306 INFO sqlalchemy.engine.Engine [cached since 443.4s ago] (36, '1', '2000 Diesel', '2025-10-13')
2025-10-13 20:01:03,312 INFO sqlalchemy.engine.Engine COMMIT
[32m2025-10-13 20:01:03.315[0m | [34m[1mDEBUG   [0m | [36m__main__[0m:[36m_extract_price_data[0m:[36m459[0m - [34m[1mWaiting for results table to appear...[0m
[32m2025-10-13 20:01:23.854[0m | [31m[1mERROR   [0m | [36m__main__[0m:[36m_extract_price_data[0m:[36m468[0m - [31m[1mTimeout waiting for results table[0m
[32m2025-10-13 20:01:23.883[0m | [34m[1mDEBUG   [0m | [36m__main__[0m:[36m_select_dropdown_option[0m:[36m239[0m - [34m[1mSelecting option 2 in select selectAnocarro[0m
[32m2025-10-13 20:01:24.702[0m | [34m[1mDEBUG   [0m | [36m__main__[0m:[36m_select_dropdown_option[0m:[36m262[0m - [34m[1mSuccessfully selected option 2 using JavaScript[0m
2025-10-13 20:01:26,703 INFO sqlalchemy.engine.Engine BEGIN (implicit)
2025-10-13 20:01:26,703 INFO sqlalchemy.engine.Engine SELECT car_models.id AS car_models_id, car_models.brand_id AS car_models_brand_id, car_models.model_code AS car_models_model_code, car_models.model_name AS car_models_model_name, car_models.created_at AS car_models_created_at 
FROM car_models 
WHERE car_models.id = ?
2025-10-13 20:01:26,703 INFO sqlalchemy.engine.Engine [cached since 466.8s ago] (36,)
2025-10-13 20:01:26,704 INFO sqlalchemy.engine.Engine SELECT model_years.id AS model_years_id, model_years.car_model_id AS model_years_car_model_id, model_years.year_code AS model_years_year_code, model_years.year_description AS model_years_year_description, model_years.created_at AS model_years_created_at 
FROM model_years 
WHERE model_years.car_model_id = ? AND model_years.year_code = ?
 LIMIT ? OFFSET ?
2025-10-13 20:01:26,704 INFO sqlalchemy.engine.Engine [cached since 979s ago] (36, '2', 1, 0)
2025-10-13 20:01:26,705 INFO sqlalchemy.engine.Engine INSERT INTO model_years (car_model_id, year_code, year_description, created_at) VALUES (?, ?, ?, ?)
2025-10-13 20:01:26,705 INFO sqlalchemy.engine.Engine [cached since 466.8s ago] (36, '2', '1999 Diesel', '2025-10-13')
2025-10-13 20:01:26,710 INFO sqlalchemy.engine.Engine COMMIT
[32m2025-10-13 20:01:26.714[0m | [34m[1mDEBUG   [0m | [36m__main__[0m:[36m_extract_price_data[0m:[36m459[0m - [34m[1mWaiting for results table to appear...[0m
[32m2025-10-13 20:01:47.298[0m | [31m[1mERROR   [0m | [36m__main__[0m:[36m_extract_price_data[0m:[36m468[0m - [31m[1mTimeout waiting for results table[0m
[32m2025-10-13 20:01:47.332[0m | [34m[1mDEBUG   [0m | [36m__main__[0m:[36m_select_dropdown_option[0m:[36m239[0m - [34m[1mSelecting option 3 in select selectAnocarro[0m
[32m2025-10-13 20:01:49.285[0m | [34m[1mDEBUG   [0m | [36m__main__[0m:[36m_select_dropdown_option[0m:[36m262[0m - [34m[1mSuccessfully selected option 3 using JavaScript[0m
2025-10-13 20:01:51,285 INFO sqlalchemy.engine.Engine BEGIN (implicit)
2025-10-13 20:01:51,285 INFO sqlalchemy.engine.Engine SELECT car_models.id AS car_models_id, car_models.brand_id AS car_models_brand_id, car_models.model_code AS car_models_model_code, car_models.model_name AS car_models_model_name, car_models.created_at AS car_models_created_at 
FROM car_models 
WHERE car_models.id = ?
2025-10-13 20:01:51,285 INFO sqlalchemy.engine.Engine [cached since 491.4s ago] (36,)
2025-10-13 20:01:51,286 INFO sqlalchemy.engine.Engine SELECT model_years.id AS model_years_id, model_years.car_model_id AS model_years_car_model_id, model_years.year_code AS model_years_year_code, model_years.year_description AS model_years_year_description, model_years.created_at AS model_years_created_at 
FROM model_years 
WHERE model_years.car_model_id = ? AND model_years.year_code = ?
 LIMIT ? OFFSET ?
2025-10-13 20:01:51,286 INFO sqlalchemy.engine.Engine [cached since 1004s ago] (36, '3', 1, 0)
2025-10-13 20:01:51,286 INFO sqlalchemy.engine.Engine INSERT INTO model_years (car_model_id, year_code, year_description, created_at) VALUES (?, ?, ?, ?)
2025-10-13 20:01:51,286 INFO sqlalchemy.engine.Engine [cached since 491.3s ago] (36, '3', '1998 Diesel', '2025-10-13')
2025-10-13 20:01:51,290 INFO sqlalchemy.engine.Engine COMMIT
[32m2025-10-13 20:01:51.294[0m | [34m[1mDEBUG   [0m | [36m__main__[0m:[36m_extract_price_data[0m:[36m459[0m - [34m[1mWaiting for results table to appear...[0m
[32m2025-10-13 20:02:11.830[0m | [31m[1mERROR   [0m | [36m__main__[0m:[36m_extract_price_data[0m:[36m468[0m - [31m[1mTimeout waiting for results table[0m
[32m2025-10-13 20:02:11.875[0m | [32m[1mSUCCESS [0m | [36m__main__[0m:[36mscrape_all_data[0m:[36m423[0m - [32m[1m\u2713 Completed all 3 year(s) for model: Hummer Hard-Top 6.5 4x4 Diesel TB[0m
[32m2025-10-13 20:02:11.875[0m | [34m[1mDEBUG   [0m | [36m__main__[0m:[36m_select_dropdown_option[0m:[36m239[0m - [34m[1mSelecting option 2 in select selectAnoModelocarro[0m
[32m2025-10-13 20:02:12.146[0m | [34m[1mDEBUG   [0m | [36m__main__[0m:[36m_select_dropdown_option[0m:[36m262[0m - [34m[1mSuccessfully selected option 2 using JavaScript[0m
2025-10-13 20:02:14,147 INFO sqlalchemy.engine.Engine BEGIN (implicit)
2025-10-13 20:02:14,148 INFO sqlalchemy.engine.Engine SELECT brands.id AS brands_id, brands.brand_code AS brands_brand_code, brands.brand_name AS brands_brand_name, brands.created_at AS brands_created_at 
FROM brands 
WHERE brands.id = ?
2025-10-13 20:02:14,148 INFO sqlalchemy.engine.Engine [cached since 417.3s ago] (4,)
2025-10-13 20:02:14,149 INFO sqlalchemy.engine.Engine SELECT car_models.id AS car_models_id, car_models.brand_id AS car_models_brand_id, car_models.model_code AS car_models_model_code, car_models.model_name AS car_models_model_name, car_models.created_at AS car_models_created_at 
FROM car_models 
WHERE car_models.brand_id = ? AND car_models.model_code = ?
 LIMIT ? OFFSET ?
2025-10-13 20:02:14,149 INFO sqlalchemy.engine.Engine [cached since 1029s ago] (4, '2', 1, 0)
2025-10-13 20:02:14,150 INFO sqlalchemy.engine.Engine INSERT INTO car_models (brand_id, model_code, model_name, created_at) VALUES (?, ?, ?, ?)
2025-10-13 20:02:14,151 INFO sqlalchemy.engine.Engine [cached since 518.4s ago] (4, '2', 'Hummer Open-Top 6.5 4x4 Diesel TB', '2025-10-13')
2025-10-13 20:02:14,156 INFO sqlalchemy.engine.Engine COMMIT
[32m2025-10-13 20:02:14.161[0m | [34m[1mDEBUG   [0m | [36m__main__[0m:[36m_get_dropdown_options[0m:[36m146[0m - [34m[1mTrying to get options from native select: selectAnocarro[0m
[32m2025-10-13 20:02:14.168[0m | [34m[1mDEBUG   [0m | [36m__main__[0m:[36m_get_dropdown_options[0m:[36m151[0m - [34m[1mFound 4 options in native select element[0m
[32m2025-10-13 20:02:14.178[0m | [34m[1mDEBUG   [0m | [36m__main__[0m:[36m_get_dropdown_options[0m:[36m166[0m - [34m[1m  Option 0: text='', value=''[0m
[32m2025-10-13 20:02:14.183[0m | [34m[1mDEBUG   [0m | [36m__main__[0m:[36m_get_dropdown_options[0m:[36m166[0m - [34m[1m  Option 1: text='2000 Diesel', value='2000-3'[0m
[32m2025-10-13 20:02:14.188[0m | [34m[1mDEBUG   [0m | [36m__main__[0m:[36m_get_dropdown_options[0m:[36m166[0m - [34m[1m  Option 2: text='1999 Diesel', value='1999-3'[0m
[32m2025-10-13 20:02:14.193[0m | [34m[1mDEBUG   [0m | [36m__main__[0m:[36m_get_dropdown_options[0m:[36m166[0m - [34m[1m  Option 3: text='1998 Diesel', value='1998-3'[0m
[32m2025-10-13 20:02:14.193[0m | [34m[1mDEBUG   [0m | [36m__main__[0m:[36m_get_dropdown_options[0m:[36m175[0m - [34m[1mSuccessfully extracted 3 options from native select[0m
[32m2025-10-13 20:02:14.193[0m | [34m[1mDEBUG   [0m | [36m__main__[0m:[36m_get_dropdown_options[0m:[36m177[0m - [34m[1mFirst 3 options: [{'value': '1', 'text': '2000 Diesel'}, {'value': '2', 'text': '1999 Diesel'}, {'value': '3', 'text': '1998 Diesel'}][0m
[32m2025-10-13 20:02:14.193[0m | [34m[1mDEBUG   [0m | [36m__main__[0m:[36m_select_dropdown_option[0m:[36m239[0m - [34m[1mSelecting option 1 in select selectAnocarro[0m
[32m2025-10-13 20:02:14.312[0m | [34m[1mDEBUG   [0m | [36m__main__[0m:[36m_select_dropdown_option[0m:[36m262[0m - [34m[1mSuccessfully selected option 1 using JavaScript[0m
2025-10-13 20:02:16,313 INFO sqlalchemy.engine.Engine BEGIN (implicit)
2025-10-13 20:02:16,314 INFO sqlalchemy.engine.Engine SELECT car_models.id AS car_models_id, car_models.brand_id AS car_models_brand_id, car_models.model_code AS car_models_model_code, car_models.model_name AS car_models_model_name, car_models.created_at AS car_models_created_at 
FROM car_models 
WHERE car_models.id = ?
2025-10-13 20:02:16,314 INFO sqlalchemy.engine.Engine [cached since 516.4s ago] (37,)
2025-10-13 20:02:16,315 INFO sqlalchemy.engine.Engine SELECT model_years.id AS model_years_id, model_years.car_model_id AS model_years_car_model_id, model_years.year_code AS model_years_year_code, model_years.year_description AS model_years_year_description, model_years.created_at AS model_years_created_at 
FROM model_years 
WHERE model_years.car_model_id = ? AND model_years.year_code = ?
 LIMIT ? OFFSET ?
2025-10-13 20:02:16,316 INFO sqlalchemy.engine.Engine [cached since 1029s ago] (37, '1', 1, 0)
2025-10-13 20:02:16,317 INFO sqlalchemy.engine.Engine INSERT INTO model_years (car_model_id, year_code, year_description, created_at) VALUES (?, ?, ?, ?)
2025-10-13 20:02:16,317 INFO sqlalchemy.engine.Engine [cached since 516.4s ago] (37, '1', '2000 Diesel', '2025-10-13')
2025-10-13 20:02:16,319 INFO sqlalchemy.engine.Engine COMMIT
[32m2025-10-13 20:02:16.323[0m | [34m[1mDEBUG   [0m | [36m__main__[0m:[36m_extract_price_data[0m:[36m459[0m - [34m[1mWaiting for results table to appear...[0m
[32m2025-10-13 20:02:36.901[0m | [31m[1mERROR   [0m | [36m__main__[0m:[36m_extract_price_data[0m:[36m468[0m - [31m[1mTimeout waiting for results table[0m
[32m2025-10-13 20:02:36.950[0m | [34m[1mDEBUG   [0m | [36m__main__[0m:[36m_select_dropdown_option[0m:[36m239[0m - [34m[1mSelecting option 2 in select selectAnocarro[0m
[32m2025-10-13 20:02:37.939[0m | [34m[1mDEBUG   [0m | [36m__main__[0m:[36m_select_dropdown_option[0m:[36m262[0m - [34m[1mSuccessfully selected option 2 using JavaScript[0m
2025-10-13 20:02:39,941 INFO sqlalchemy.engine.Engine BEGIN (implicit)
2025-10-13 20:02:39,941 INFO sqlalchemy.engine.Engine SELECT car_models.id AS car_models_id, car_models.brand_id AS car_models_brand_id, car_models.model_code AS car_models_model_code, car_models.model_name AS car_models_model_name, car_models.created_at AS car_models_created_at 
FROM car_models 
WHERE car_models.id = ?
2025-10-13 20:02:39,941 INFO sqlalchemy.engine.Engine [cached since 540s ago] (37,)
2025-10-13 20:02:39,943 INFO sqlalchemy.engine.Engine SELECT model_years.id AS model_years_id, model_years.car_model_id AS model_years_car_model_id, model_years.year_code AS model_years_year_code, model_years.year_description AS model_years_year_description, model_years.created_at AS model_years_created_at 
FROM model_years 
WHERE model_years.car_model_id = ? AND model_years.year_code = ?
 LIMIT ? OFFSET ?
2025-10-13 20:02:39,943 INFO sqlalchemy.engine.Engine [cached since 1052s ago] (37, '2', 1, 0)
2025-10-13 20:02:39,944 INFO sqlalchemy.engine.Engine INSERT INTO model_years (car_model_id, year_code, year_description, created_at) VALUES (?, ?, ?, ?)
2025-10-13 20:02:39,944 INFO sqlalchemy.engine.Engine [cached since 540s ago] (37, '2', '1999 Diesel', '2025-10-13')
2025-10-13 20:02:39,950 INFO sqlalchemy.engine.Engine COMMIT
[32m2025-10-13 20:02:39.954[0m | [34m[1mDEBUG   [0m | [36m__main__[0m:[36m_extract_price_data[0m:[36m459[0m - [34m[1mWaiting for results table to appear...[0m
[32m2025-10-13 20:03:00.539[0m | [31m[1mERROR   [0m | [36m__main__[0m:[36m_extract_price_data[0m:[36m468[0m - [31m[1mTimeout waiting for results table[0m
[32m2025-10-13 20:03:00.579[0m | [34m[1mDEBUG   [0m | [36m__main__[0m:[36m_select_dropdown_option[0m:[36m239[0m - [34m[1mSelecting option 3 in select selectAnocarro[0m
[32m2025-10-13 20:03:00.740[0m | [34m[1mDEBUG   [0m | [36m__main__[0m:[36m_select_dropdown_option[0m:[36m262[0m - [34m[1mSuccessfully selected option 3 using JavaScript[0m
2025-10-13 20:03:02,741 INFO sqlalchemy.engine.Engine BEGIN (implicit)
2025-10-13 20:03:02,741 INFO sqlalchemy.engine.Engine SELECT car_models.id AS car_models_id, car_models.brand_id AS car_models_brand_id, car_models.model_code AS car_models_model_code, car_models.model_name AS car_models_model_name, car_models.created_at AS car_models_created_at 
FROM car_models 
WHERE car_models.id = ?
2025-10-13 20:03:02,741 INFO sqlalchemy.engine.Engine [cached since 562.8s ago] (37,)
2025-10-13 20:03:02,741 INFO sqlalchemy.engine.Engine SELECT model_years.id AS model_years_id, model_years.car_model_id AS model_years_car_model_id, model_years.year_code AS model_years_year_code, model_years.year_description AS model_years_year_description, model_years.created_at AS model_years_created_at 
FROM model_years 
WHERE model_years.car_model_id = ? AND model_years.year_code = ?
 LIMIT ? OFFSET ?
2025-10-13 20:03:02,741 INFO sqlalchemy.engine.Engine [cached since 1075s ago] (37, '3', 1, 0)
2025-10-13 20:03:02,742 INFO sqlalchemy.engine.Engine INSERT INTO model_years (car_model_id, year_code, year_description, created_at) VALUES (?, ?, ?, ?)
2025-10-13 20:03:02,742 INFO sqlalchemy.engine.Engine [cached since 562.8s ago] (37, '3', '1998 Diesel', '2025-10-13')
2025-10-13 20:03:02,742 INFO sqlalchemy.engine.Engine COMMIT
[32m2025-10-13 20:03:02.747[0m | [34m[1mDEBUG   [0m | [36m__main__[0m:[36m_extract_price_data[0m:[36m459[0m - [34m[1mWaiting for results table to appear...[0m
[32m2025-10-13 20:03:23.290[0m | [31m[1mERROR   [0m | [36m__main__[0m:[36m_extract_price_data[0m:[36m468[0m - [31m[1mTimeout waiting for results table[0m
[32m2025-10-13 20:03:23.328[0m | [32m[1mSUCCESS [0m | [36m__main__[0m:[36mscrape_all_data[0m:[36m423[0m - [32m[1m\u2713 Completed all 3 year(s) for model: Hummer Open-Top 6.5 4x4 Diesel TB[0m
[32m2025-10-13 20:03:23.328[0m | [34m[1mDEBUG   [0m | [36m__main__[0m:[36m_select_dropdown_option[0m:[36m239[0m - [34m[1mSelecting option 3 in select selectAnoModelocarro[0m
[32m2025-10-13 20:03:23.446[0m | [34m[1mDEBUG   [0m | [36m__main__[0m:[36m_select_dropdown_option[0m:[36m262[0m - [34m[1mSuccessfully selected option 3 using JavaScript[0m
2025-10-13 20:03:25,448 INFO sqlalchemy.engine.Engine BEGIN (implicit)
2025-10-13 20:03:25,448 INFO sqlalchemy.engine.Engine SELECT brands.id AS brands_id, brands.brand_code AS brands_brand_code, brands.brand_name AS brands_brand_name, brands.created_at AS brands_created_at 
FROM brands 
WHERE brands.id = ?
2025-10-13 20:03:25,448 INFO sqlalchemy.engine.Engine [cached since 488.6s ago] (4,)
2025-10-13 20:03:25,449 INFO sqlalchemy.engine.Engine SELECT car_models.id AS car_models_id, car_models.brand_id AS car_models_brand_id, car_models.model_code AS car_models_model_code, car_models.model_name AS car_models_model_name, car_models.created_at AS car_models_created_at 
FROM car_models 
WHERE car_models.brand_id = ? AND car_models.model_code = ?
 LIMIT ? OFFSET ?
2025-10-13 20:03:25,449 INFO sqlalchemy.engine.Engine [cached since 1100s ago] (4, '3', 1, 0)
2025-10-13 20:03:25,451 INFO sqlalchemy.engine.Engine INSERT INTO car_models (brand_id, model_code, model_name, created_at) VALUES (?, ?, ?, ?)
2025-10-13 20:03:25,451 INFO sqlalchemy.engine.Engine [cached since 589.7s ago] (4, '3', 'Hummer Wagon 6.5 4x4 Diesel TB', '2025-10-13')
2025-10-13 20:03:25,456 INFO sqlalchemy.engine.Engine COMMIT
[32m2025-10-13 20:03:25.460[0m | [34m[1mDEBUG   [0m | [36m__main__[0m:[36m_get_dropdown_options[0m:[36m146[0m - [34m[1mTrying to get options from native select: selectAnocarro[0m
[32m2025-10-13 20:03:25.467[0m | [34m[1mDEBUG   [0m | [36m__main__[0m:[36m_get_dropdown_options[0m:[36m151[0m - [34m[1mFound 4 options in native select element[0m
[32m2025-10-13 20:03:25.476[0m | [34m[1mDEBUG   [0m | [36m__main__[0m:[36m_get_dropdown_options[0m:[36m166[0m - [34m[1m  Option 0: text='', value=''[0m
[32m2025-10-13 20:03:25.481[0m | [34m[1mDEBUG   [0m | [36m__main__[0m:[36m_get_dropdown_options[0m:[36m166[0m - [34m[1m  Option 1: text='2000 Diesel', value='2000-3'[0m
[32m2025-10-13 20:03:25.486[0m | [34m[1mDEBUG   [0m | [36m__main__[0m:[36m_get_dropdown_options[0m:[36m166[0m - [34m[1m  Option 2: text='1999 Diesel', value='1999-3'[0m
[32m2025-10-13 20:03:25.491[0m | [34m[1mDEBUG   [0m | [36m__main__[0m:[36m_get_dropdown_options[0m:[36m166[0m - [34m[1m  Option 3: text='1998 Diesel', value='1998-3'[0m
[32m2025-10-13 20:03:25.491[0m | [34m[1mDEBUG   [0m | [36m__main__[0m:[36m_get_dropdown_options[0m:[36m175[0m - [34m[1mSuccessfully extracted 3 options from native select[0m
[32m2025-10-13 20:03:25.491[0m | [34m[1mDEBUG   [0m | [36m__main__[0m:[36m_get_dropdown_options[0m:[36m177[0m - [34m[1mFirst 3 options: [{'value': '1', 'text': '2000 Diesel'}, {'value': '2', 'text': '1999 Diesel'}, {'value': '3', 'text': '1998 Diesel'}][0m
[32m2025-10-13 20:03:25.491[0m | [34m[1mDEBUG   [0m | [36m__main__[0m:[36m_select_dropdown_option[0m:[36m239[0m - [34m[1mSelecting option 1 in select selectAnocarro[0m
[32m2025-10-13 20:03:25.590[0m | [34m[1mDEBUG   [0m | [36m__main__[0m:[36m_select_dropdown_option[0m:[36m262[0m - [34m[1mSuccessfully selected option 1 using JavaScript[0m
2025-10-13 20:03:27,591 INFO sqlalchemy.engine.Engine BEGIN (implicit)
2025-10-13 20:03:27,591 INFO sqlalchemy.engine.Engine SELECT car_models.id AS car_models_id, car_models.brand_id AS car_models_brand_id, car_models.model_code AS car_models_model_code, car_models.model_name AS car_models_model_name, car_models.created_at AS car_models_created_at 
FROM car_models 
WHERE car_models.id = ?
2025-10-13 20:03:27,592 INFO sqlalchemy.engine.Engine [cached since 587.7s ago] (38,)
2025-10-13 20:03:27,593 INFO sqlalchemy.engine.Engine SELECT model_years.id AS model_years_id, model_years.car_model_id AS model_years_car_model_id, model_years.year_code AS model_years_year_code, model_years.year_description AS model_years_year_description, model_years.created_at AS model_years_created_at 
FROM model_years 
WHERE model_years.car_model_id = ? AND model_years.year_code = ?
 LIMIT ? OFFSET ?
2025-10-13 20:03:27,593 INFO sqlalchemy.engine.Engine [cached since 1100s ago] (38, '1', 1, 0)
2025-10-13 20:03:27,594 INFO sqlalchemy.engine.Engine INSERT INTO model_years (car_model_id, year_code, year_description, created_at) VALUES (?, ?, ?, ?)
2025-10-13 20:03:27,594 INFO sqlalchemy.engine.Engine [cached since 587.7s ago] (38, '1', '2000 Diesel', '2025-10-13')
2025-10-13 20:03:27,599 INFO sqlalchemy.engine.Engine COMMIT
[32m2025-10-13 20:03:27.603[0m | [34m[1mDEBUG   [0m | [36m__main__[0m:[36m_extract_price_data[0m:[36m459[0m - [34m[1mWaiting for results table to appear...[0m
[32m2025-10-13 20:03:48.151[0m | [31m[1mERROR   [0m | [36m__main__[0m:[36m_extract_price_data[0m:[36m468[0m - [31m[1mTimeout waiting for results table[0m
[32m2025-10-13 20:03:48.180[0m | [34m[1mDEBUG   [0m | [36m__main__[0m:[36m_select_dropdown_option[0m:[36m239[0m - [34m[1mSelecting option 2 in select selectAnocarro[0m
[32m2025-10-13 20:03:48.913[0m | [34m[1mDEBUG   [0m | [36m__main__[0m:[36m_select_dropdown_option[0m:[36m262[0m - [34m[1mSuccessfully selected option 2 using JavaScript[0m
2025-10-13 20:03:50,914 INFO sqlalchemy.engine.Engine BEGIN (implicit)
2025-10-13 20:03:50,915 INFO sqlalchemy.engine.Engine SELECT car_models.id AS car_models_id, car_models.brand_id AS car_models_brand_id, car_models.model_code AS car_models_model_code, car_models.model_name AS car_models_model_name, car_models.created_at AS car_models_created_at 
FROM car_models 
WHERE car_models.id = ?
2025-10-13 20:03:50,915 INFO sqlalchemy.engine.Engine [cached since 611s ago] (38,)
2025-10-13 20:03:50,916 INFO sqlalchemy.engine.Engine SELECT model_years.id AS model_years_id, model_years.car_model_id AS model_years_car_model_id, model_years.year_code AS model_years_year_code, model_years.year_description AS model_years_year_description, model_years.created_at AS model_years_created_at 
FROM model_years 
WHERE model_years.car_model_id = ? AND model_years.year_code = ?
 LIMIT ? OFFSET ?
2025-10-13 20:03:50,917 INFO sqlalchemy.engine.Engine [cached since 1123s ago] (38, '2', 1, 0)
2025-10-13 20:03:50,918 INFO sqlalchemy.engine.Engine INSERT INTO model_years (car_model_id, year_code, year_description, created_at) VALUES (?, ?, ?, ?)
2025-10-13 20:03:50,918 INFO sqlalchemy.engine.Engine [cached since 611s ago] (38, '2', '1999 Diesel', '2025-10-13')
2025-10-13 20:03:50,923 INFO sqlalchemy.engine.Engine COMMIT
[32m2025-10-13 20:03:50.928[0m | [34m[1mDEBUG   [0m | [36m__main__[0m:[36m_extract_price_data[0m:[36m459[0m - [34m[1mWaiting for results table to appear...[0m
[32m2025-10-13 20:04:11.468[0m | [31m[1mERROR   [0m | [36m__main__[0m:[36m_extract_price_data[0m:[36m468[0m - [31m[1mTimeout waiting for results table[0m
[32m2025-10-13 20:04:11.500[0m | [34m[1mDEBUG   [0m | [36m__main__[0m:[36m_select_dropdown_option[0m:[36m239[0m - [34m[1mSelecting option 3 in select selectAnocarro[0m
[32m2025-10-13 20:04:12.881[0m | [34m[1mDEBUG   [0m | [36m__main__[0m:[36m_select_dropdown_option[0m:[36m262[0m - [34m[1mSuccessfully selected option 3 using JavaScript[0m
2025-10-13 20:04:14,882 INFO sqlalchemy.engine.Engine BEGIN (implicit)
2025-10-13 20:04:14,882 INFO sqlalchemy.engine.Engine SELECT car_models.id AS car_models_id, car_models.brand_id AS car_models_brand_id, car_models.model_code AS car_models_model_code, car_models.model_name AS car_models_model_name, car_models.created_at AS car_models_created_at 
FROM car_models 
WHERE car_models.id = ?
2025-10-13 20:04:14,882 INFO sqlalchemy.engine.Engine [cached since 634.9s ago] (38,)
2025-10-13 20:04:14,883 INFO sqlalchemy.engine.Engine SELECT model_years.id AS model_years_id, model_years.car_model_id AS model_years_car_model_id, model_years.year_code AS model_years_year_code, model_years.year_description AS model_years_year_description, model_years.created_at AS model_years_created_at 
FROM model_years 
WHERE model_years.car_model_id = ? AND model_years.year_code = ?
 LIMIT ? OFFSET ?
2025-10-13 20:04:14,883 INFO sqlalchemy.engine.Engine [cached since 1147s ago] (38, '3', 1, 0)
2025-10-13 20:04:14,884 INFO sqlalchemy.engine.Engine INSERT INTO model_years (car_model_id, year_code, year_description, created_at) VALUES (?, ?, ?, ?)
2025-10-13 20:04:14,884 INFO sqlalchemy.engine.Engine [cached since 634.9s ago] (38, '3', '1998 Diesel', '2025-10-13')
2025-10-13 20:04:14,885 INFO sqlalchemy.engine.Engine COMMIT
[32m2025-10-13 20:04:14.899[0m | [34m[1mDEBUG   [0m | [36m__main__[0m:[36m_extract_price_data[0m:[36m459[0m - [34m[1mWaiting for results table to appear...[0m
[32m2025-10-13 20:04:35.509[0m | [31m[1mERROR   [0m | [36m__main__[0m:[36m_extract_price_data[0m:[36m468[0m - [31m[1mTimeout waiting for results table[0m
[32m2025-10-13 20:04:35.535[0m | [32m[1mSUCCESS [0m | [36m__main__[0m:[36mscrape_all_data[0m:[36m423[0m - [32m[1m\u2713 Completed all 3 year(s) for model: Hummer Wagon 6.5 4x4 Diesel TB[0m
[32m2025-10-13 20:04:35.537[0m | [1mINFO    [0m | [36m__main__[0m:[36mscrape_all_data[0m:[36m362[0m - [1mProcessing brand 5/97: Asia Motors[0m
[32m2025-10-13 20:04:35.537[0m | [34m[1mDEBUG   [0m | [36m__main__[0m:[36m_select_dropdown_option[0m:[36m239[0m - [34m[1mSelecting option 5 in select selectMarcacarro[0m
[32m2025-10-13 20:04:35.645[0m | [34m[1mDEBUG   [0m | [36m__main__[0m:[36m_select_dropdown_option[0m:[36m262[0m - [34m[1mSuccessfully selected option 5 using JavaScript[0m
2025-10-13 20:04:37,646 INFO sqlalchemy.engine.Engine BEGIN (implicit)
2025-10-13 20:04:37,647 INFO sqlalchemy.engine.Engine SELECT brands.id AS brands_id, brands.brand_code AS brands_brand_code, brands.brand_name AS brands_brand_name, brands.created_at AS brands_created_at 
FROM brands 
WHERE brands.brand_code = ?
 LIMIT ? OFFSET ?
2025-10-13 20:04:37,647 INFO sqlalchemy.engine.Engine [cached since 1174s ago] ('5', 1, 0)
[32m2025-10-13 20:04:37.648[0m | [34m[1mDEBUG   [0m | [36m__main__[0m:[36m_get_dropdown_options[0m:[36m146[0m - [34m[1mTrying to get options from native select: selectAnoModelocarro[0m
[32m2025-10-13 20:04:37.658[0m | [34m[1mDEBUG   [0m | [36m__main__[0m:[36m_get_dropdown_options[0m:[36m151[0m - [34m[1mFound 20 options in native select element[0m
[32m2025-10-13 20:04:37.670[0m | [34m[1mDEBUG   [0m | [36m__main__[0m:[36m_get_dropdown_options[0m:[36m166[0m - [34m[1m  Option 0: text='', value=''[0m
[32m2025-10-13 20:04:37.681[0m | [34m[1mDEBUG   [0m | [36m__main__[0m:[36m_get_dropdown_options[0m:[36m166[0m - [34m[1m  Option 1: text='AM-825 Luxo 4.0 Diesel', value='24'[0m
[32m2025-10-13 20:04:37.687[0m | [34m[1mDEBUG   [0m | [36m__main__[0m:[36m_get_dropdown_options[0m:[36m166[0m - [34m[1m  Option 2: text='AM-825 Super Luxo 4.0 Diesel', value='25'[0m
[32m2025-10-13 20:04:37.696[0m | [34m[1mDEBUG   [0m | [36m__main__[0m:[36m_get_dropdown_options[0m:[36m166[0m - [34m[1m  Option 3: text='Hi-Topic SLX/SDX/DLX Full Diesel', value='26'[0m
[32m2025-10-13 20:04:37.703[0m | [34m[1mDEBUG   [0m | [36m__main__[0m:[36m_get_dropdown_options[0m:[36m166[0m - [34m[1m  Option 4: text='Hi-Topic STD Diesel', value='27'[0m
[32m2025-10-13 20:04:37.838[0m | [34m[1mDEBUG   [0m | [36m__main__[0m:[36m_get_dropdown_options[0m:[36m175[0m - [34m[1mSuccessfully extracted 19 options from native select[0m
[32m2025-10-13 20:04:37.838[0m | [34m[1mDEBUG   [0m | [36m__main__[0m:[36m_get_dropdown_options[0m:[36m177[0m - [34m[1mFirst 3 options: [{'value': '1', 'text': 'AM-825 Luxo 4.0 Diesel'}, {'value': '2', 'text': 'AM-825 Super Luxo 4.0 Diesel'}, {'value': '3', 'text': 'Hi-Topic SLX/SDX/DLX Full Diesel'}][0m
[32m2025-10-13 20:04:37.838[0m | [1mINFO    [0m | [36m__main__[0m:[36mscrape_all_data[0m:[36m381[0m - [1mFound 19 models[0m
[32m2025-10-13 20:04:37.838[0m | [34m[1mDEBUG   [0m | [36m__main__[0m:[36m_select_dropdown_option[0m:[36m239[0m - [34m[1mSelecting option 1 in select selectAnoModelocarro[0m
[32m2025-10-13 20:04:37.930[0m | [34m[1mDEBUG   [0m | [36m__main__[0m:[36m_select_dropdown_option[0m:[36m262[0m - [34m[1mSuccessfully selected option 1 using JavaScript[0m
2025-10-13 20:04:39,932 INFO sqlalchemy.engine.Engine SELECT car_models.id AS car_models_id, car_models.brand_id AS car_models_brand_id, car_models.model_code AS car_models_model_code, car_models.model_name AS car_models_model_name, car_models.created_at AS car_models_created_at 
FROM car_models 
WHERE car_models.brand_id = ? AND car_models.model_code = ?
 LIMIT ? OFFSET ?
2025-10-13 20:04:39,932 INFO sqlalchemy.engine.Engine [cached since 1174s ago] (5, '1', 1, 0)
2025-10-13 20:04:39,933 INFO sqlalchemy.engine.Engine INSERT INTO car_models (brand_id, model_code, model_name, created_at) VALUES (?, ?, ?, ?)
2025-10-13 20:04:39,933 INFO sqlalchemy.engine.Engine [cached since 664.2s ago] (5, '1', 'AM-825 Luxo 4.0 Diesel', '2025-10-13')
2025-10-13 20:04:39,939 INFO sqlalchemy.engine.Engine COMMIT
[32m2025-10-13 20:04:39.943[0m | [34m[1mDEBUG   [0m | [36m__main__[0m:[36m_get_dropdown_options[0m:[36m146[0m - [34m[1mTrying to get options from native select: selectAnocarro[0m
[32m2025-10-13 20:04:39.952[0m | [34m[1mDEBUG   [0m | [36m__main__[0m:[36m_get_dropdown_options[0m:[36m151[0m - [34m[1mFound 6 options in native select element[0m
[32m2025-10-13 20:04:39.965[0m | [34m[1mDEBUG   [0m | [36m__main__[0m:[36m_get_dropdown_options[0m:[36m166[0m - [34m[1m  Option 0: text='', value=''[0m
[32m2025-10-13 20:04:39.973[0m | [34m[1mDEBUG   [0m | [36m__main__[0m:[36m_get_dropdown_options[0m:[36m166[0m - [34m[1m  Option 1: text='1998 Diesel', value='1998-3'[0m
[32m2025-10-13 20:04:39.979[0m | [34m[1mDEBUG   [0m | [36m__main__[0m:[36m_get_dropdown_options[0m:[36m166[0m - [34m[1m  Option 2: text='1997 Diesel', value='1997-3'[0m
[32m2025-10-13 20:04:39.987[0m | [34m[1mDEBUG   [0m | [36m__main__[0m:[36m_get_dropdown_options[0m:[36m166[0m - [34m[1m  Option 3: text='1996 Diesel', value='1996-3'[0m
[32m2025-10-13 20:04:39.999[0m | [34m[1mDEBUG   [0m | [36m__main__[0m:[36m_get_dropdown_options[0m:[36m166[0m - [34m[1m  Option 4: text='1995 Diesel', value='1995-3'[0m
[32m2025-10-13 20:04:40.008[0m | [34m[1mDEBUG   [0m | [36m__main__[0m:[36m_get_dropdown_options[0m:[36m175[0m - [34m[1mSuccessfully extracted 5 options from native select[0m
[32m2025-10-13 20:04:40.008[0m | [34m[1mDEBUG   [0m | [36m__main__[0m:[36m_get_dropdown_options[0m:[36m177[0m - [34m[1mFirst 3 options: [{'value': '1', 'text': '1998 Diesel'}, {'value': '2', 'text': '1997 Diesel'}, {'value': '3', 'text': '1996 Diesel'}][0m
[32m2025-10-13 20:04:40.008[0m | [34m[1mDEBUG   [0m | [36m__main__[0m:[36m_select_dropdown_option[0m:[36m239[0m - [34m[1mSelecting option 1 in select selectAnocarro[0m
[32m2025-10-13 20:04:40.128[0m | [34m[1mDEBUG   [0m | [36m__main__[0m:[36m_select_dropdown_option[0m:[36m262[0m - [34m[1mSuccessfully selected option 1 using JavaScript[0m
2025-10-13 20:04:42,129 INFO sqlalchemy.engine.Engine BEGIN (implicit)
2025-10-13 20:04:42,129 INFO sqlalchemy.engine.Engine SELECT car_models.id AS car_models_id, car_models.brand_id AS car_models_brand_id, car_models.model_code AS car_models_model_code, car_models.model_name AS car_models_model_name, car_models.created_at AS car_models_created_at 
FROM car_models 
WHERE car_models.id = ?
2025-10-13 20:04:42,129 INFO sqlalchemy.engine.Engine [cached since 662.2s ago] (39,)
2025-10-13 20:04:42,129 INFO sqlalchemy.engine.Engine SELECT model_years.id AS model_years_id, model_years.car_model_id AS model_years_car_model_id, model_years.year_code AS model_years_year_code, model_years.year_description AS model_years_year_description, model_years.created_at AS model_years_created_at 
FROM model_years 
WHERE model_years.car_model_id = ? AND model_years.year_code = ?
 LIMIT ? OFFSET ?
2025-10-13 20:04:42,130 INFO sqlalchemy.engine.Engine [cached since 1174s ago] (39, '1', 1, 0)
2025-10-13 20:04:42,130 INFO sqlalchemy.engine.Engine INSERT INTO model_years (car_model_id, year_code, year_description, created_at) VALUES (?, ?, ?, ?)
2025-10-13 20:04:42,130 INFO sqlalchemy.engine.Engine [cached since 662.2s ago] (39, '1', '1998 Diesel', '2025-10-13')
2025-10-13 20:04:42,131 INFO sqlalchemy.engine.Engine COMMIT
[32m2025-10-13 20:04:42.135[0m | [34m[1mDEBUG   [0m | [36m__main__[0m:[36m_extract_price_data[0m:[36m459[0m - [34m[1mWaiting for results table to appear...[0m
[32m2025-10-13 20:05:02.685[0m | [31m[1mERROR   [0m | [36m__main__[0m:[36m_extract_price_data[0m:[36m468[0m - [31m[1mTimeout waiting for results table[0m
[32m2025-10-13 20:05:02.722[0m | [34m[1mDEBUG   [0m | [36m__main__[0m:[36m_select_dropdown_option[0m:[36m239[0m - [34m[1mSelecting option 2 in select selectAnocarro[0m
[32m2025-10-13 20:05:02.851[0m | [34m[1mDEBUG   [0m | [36m__main__[0m:[36m_select_dropdown_option[0m:[36m262[0m - [34m[1mSuccessfully selected option 2 using JavaScript[0m
2025-10-13 20:05:04,852 INFO sqlalchemy.engine.Engine BEGIN (implicit)
2025-10-13 20:05:04,852 INFO sqlalchemy.engine.Engine SELECT car_models.id AS car_models_id, car_models.brand_id AS car_models_brand_id, car_models.model_code AS car_models_model_code, car_models.model_name AS car_models_model_name, car_models.created_at AS car_models_created_at 
FROM car_models 
WHERE car_models.id = ?
2025-10-13 20:05:04,852 INFO sqlalchemy.engine.Engine [cached since 684.9s ago] (39,)
2025-10-13 20:05:04,853 INFO sqlalchemy.engine.Engine SELECT model_years.id AS model_years_id, model_years.car_model_id AS model_years_car_model_id, model_years.year_code AS model_years_year_code, model_years.year_description AS model_years_year_description, model_years.created_at AS model_years_created_at 
FROM model_years 
WHERE model_years.car_model_id = ? AND model_years.year_code = ?
 LIMIT ? OFFSET ?
2025-10-13 20:05:04,853 INFO sqlalchemy.engine.Engine [cached since 1197s ago] (39, '2', 1, 0)
2025-10-13 20:05:04,854 INFO sqlalchemy.engine.Engine INSERT INTO model_years (car_model_id, year_code, year_description, created_at) VALUES (?, ?, ?, ?)
2025-10-13 20:05:04,854 INFO sqlalchemy.engine.Engine [cached since 684.9s ago] (39, '2', '1997 Diesel', '2025-10-13')
2025-10-13 20:05:04,855 INFO sqlalchemy.engine.Engine COMMIT
[32m2025-10-13 20:05:04.860[0m | [34m[1mDEBUG   [0m | [36m__main__[0m:[36m_extract_price_data[0m:[36m459[0m - [34m[1mWaiting for results table to appear...[0m
[32m2025-10-13 20:05:25.457[0m | [31m[1mERROR   [0m | [36m__main__[0m:[36m_extract_price_data[0m:[36m468[0m - [31m[1mTimeout waiting for results table[0m
[32m2025-10-13 20:05:25.496[0m | [34m[1mDEBUG   [0m | [36m__main__[0m:[36m_select_dropdown_option[0m:[36m239[0m - [34m[1mSelecting option 3 in select selectAnocarro[0m
[32m2025-10-13 20:05:26.574[0m | [34m[1mDEBUG   [0m | [36m__main__[0m:[36m_select_dropdown_option[0m:[36m262[0m - [34m[1mSuccessfully selected option 3 using JavaScript[0m
2025-10-13 20:05:28,574 INFO sqlalchemy.engine.Engine BEGIN (implicit)
2025-10-13 20:05:28,575 INFO sqlalchemy.engine.Engine SELECT car_models.id AS car_models_id, car_models.brand_id AS car_models_brand_id, car_models.model_code AS car_models_model_code, car_models.model_name AS car_models_model_name, car_models.created_at AS car_models_created_at 
FROM car_models 
WHERE car_models.id = ?
2025-10-13 20:05:28,575 INFO sqlalchemy.engine.Engine [cached since 708.6s ago] (39,)
2025-10-13 20:05:28,576 INFO sqlalchemy.engine.Engine SELECT model_years.id AS model_years_id, model_years.car_model_id AS model_years_car_model_id, model_years.year_code AS model_years_year_code, model_years.year_description AS model_years_year_description, model_years.created_at AS model_years_created_at 
FROM model_years 
WHERE model_years.car_model_id = ? AND model_years.year_code = ?
 LIMIT ? OFFSET ?
2025-10-13 20:05:28,576 INFO sqlalchemy.engine.Engine [cached since 1221s ago] (39, '3', 1, 0)
2025-10-13 20:05:28,577 INFO sqlalchemy.engine.Engine INSERT INTO model_years (car_model_id, year_code, year_description, created_at) VALUES (?, ?, ?, ?)
2025-10-13 20:05:28,577 INFO sqlalchemy.engine.Engine [cached since 708.6s ago] (39, '3', '1996 Diesel', '2025-10-13')
2025-10-13 20:05:28,578 INFO sqlalchemy.engine.Engine COMMIT
[32m2025-10-13 20:05:28.583[0m | [34m[1mDEBUG   [0m | [36m__main__[0m:[36m_extract_price_data[0m:[36m459[0m - [34m[1mWaiting for results table to appear...[0m
[32m2025-10-13 20:05:49.122[0m | [31m[1mERROR   [0m | [36m__main__[0m:[36m_extract_price_data[0m:[36m468[0m - [31m[1mTimeout waiting for results table[0m
[32m2025-10-13 20:05:49.159[0m | [34m[1mDEBUG   [0m | [36m__main__[0m:[36m_select_dropdown_option[0m:[36m239[0m - [34m[1mSelecting option 4 in select selectAnocarro[0m
[32m2025-10-13 20:05:49.942[0m | [34m[1mDEBUG   [0m | [36m__main__[0m:[36m_select_dropdown_option[0m:[36m262[0m - [34m[1mSuccessfully selected option 4 using JavaScript[0m
2025-10-13 20:05:51,943 INFO sqlalchemy.engine.Engine BEGIN (implicit)
2025-10-13 20:05:51,944 INFO sqlalchemy.engine.Engine SELECT car_models.id AS car_models_id, car_models.brand_id AS car_models_brand_id, car_models.model_code AS car_models_model_code, car_models.model_name AS car_models_model_name, car_models.created_at AS car_models_created_at 
FROM car_models 
WHERE car_models.id = ?
2025-10-13 20:05:51,944 INFO sqlalchemy.engine.Engine [cached since 732s ago] (39,)
2025-10-13 20:05:51,946 INFO sqlalchemy.engine.Engine SELECT model_years.id AS model_years_id, model_years.car_model_id AS model_years_car_model_id, model_years.year_code AS model_years_year_code, model_years.year_description AS model_years_year_description, model_years.created_at AS model_years_created_at 
FROM model_years 
WHERE model_years.car_model_id = ? AND model_years.year_code = ?
 LIMIT ? OFFSET ?
2025-10-13 20:05:51,946 INFO sqlalchemy.engine.Engine [cached since 1244s ago] (39, '4', 1, 0)
2025-10-13 20:05:51,948 INFO sqlalchemy.engine.Engine INSERT INTO model_years (car_model_id, year_code, year_description, created_at) VALUES (?, ?, ?, ?)
2025-10-13 20:05:51,948 INFO sqlalchemy.engine.Engine [cached since 732s ago] (39, '4', '1995 Diesel', '2025-10-13')
2025-10-13 20:05:51,954 INFO sqlalchemy.engine.Engine COMMIT
[32m2025-10-13 20:05:51.959[0m | [34m[1mDEBUG   [0m | [36m__main__[0m:[36m_extract_price_data[0m:[36m459[0m - [34m[1mWaiting for results table to appear...[0m
[32m2025-10-13 20:06:12.496[0m | [31m[1mERROR   [0m | [36m__main__[0m:[36m_extract_price_data[0m:[36m468[0m - [31m[1mTimeout waiting for results table[0m
[32m2025-10-13 20:06:12.535[0m | [34m[1mDEBUG   [0m | [36m__main__[0m:[36m_select_dropdown_option[0m:[36m239[0m - [34m[1mSelecting option 5 in select selectAnocarro[0m
[32m2025-10-13 20:06:12.625[0m | [34m[1mDEBUG   [0m | [36m__main__[0m:[36m_select_dropdown_option[0m:[36m262[0m - [34m[1mSuccessfully selected option 5 using JavaScript[0m
2025-10-13 20:06:14,626 INFO sqlalchemy.engine.Engine BEGIN (implicit)
2025-10-13 20:06:14,627 INFO sqlalchemy.engine.Engine SELECT car_models.id AS car_models_id, car_models.brand_id AS car_models_brand_id, car_models.model_code AS car_models_model_code, car_models.model_name AS car_models_model_name, car_models.created_at AS car_models_created_at 
FROM car_models 
WHERE car_models.id = ?
2025-10-13 20:06:14,627 INFO sqlalchemy.engine.Engine [cached since 754.7s ago] (39,)
2025-10-13 20:06:14,627 INFO sqlalchemy.engine.Engine SELECT model_years.id AS model_years_id, model_years.car_model_id AS model_years_car_model_id, model_years.year_code AS model_years_year_code, model_years.year_description AS model_years_year_description, model_years.created_at AS model_years_created_at 
FROM model_years 
WHERE model_years.car_model_id = ? AND model_years.year_code = ?
 LIMIT ? OFFSET ?
2025-10-13 20:06:14,627 INFO sqlalchemy.engine.Engine [cached since 1267s ago] (39, '5', 1, 0)
2025-10-13 20:06:14,628 INFO sqlalchemy.engine.Engine INSERT INTO model_years (car_model_id, year_code, year_description, created_at) VALUES (?, ?, ?, ?)
2025-10-13 20:06:14,628 INFO sqlalchemy.engine.Engine [cached since 754.7s ago] (39, '5', '1994 Diesel', '2025-10-13')
2025-10-13 20:06:14,628 INFO sqlalchemy.engine.Engine COMMIT
[32m2025-10-13 20:06:14.632[0m | [34m[1mDEBUG   [0m | [36m__main__[0m:[36m_extract_price_data[0m:[36m459[0m - [34m[1mWaiting for results table to appear...[0m
[32m2025-10-13 20:06:35.151[0m | [31m[1mERROR   [0m | [36m__main__[0m:[36m_extract_price_data[0m:[36m468[0m - [31m[1mTimeout waiting for results table[0m
[32m2025-10-13 20:06:35.185[0m | [32m[1mSUCCESS [0m | [36m__main__[0m:[36mscrape_all_data[0m:[36m423[0m - [32m[1m\u2713 Completed all 5 year(s) for model: AM-825 Luxo 4.0 Diesel[0m
[32m2025-10-13 20:06:35.186[0m | [34m[1mDEBUG   [0m | [36m__main__[0m:[36m_select_dropdown_option[0m:[36m239[0m - [34m[1mSelecting option 2 in select selectAnoModelocarro[0m
[32m2025-10-13 20:06:35.860[0m | [34m[1mDEBUG   [0m | [36m__main__[0m:[36m_select_dropdown_option[0m:[36m262[0m - [34m[1mSuccessfully selected option 2 using JavaScript[0m
2025-10-13 20:06:37,861 INFO sqlalchemy.engine.Engine BEGIN (implicit)
2025-10-13 20:06:37,862 INFO sqlalchemy.engine.Engine SELECT brands.id AS brands_id, brands.brand_code AS brands_brand_code, brands.brand_name AS brands_brand_name, brands.created_at AS brands_created_at 
FROM brands 
WHERE brands.id = ?
2025-10-13 20:06:37,862 INFO sqlalchemy.engine.Engine [cached since 681s ago] (5,)
2025-10-13 20:06:37,864 INFO sqlalchemy.engine.Engine SELECT car_models.id AS car_models_id, car_models.brand_id AS car_models_brand_id, car_models.model_code AS car_models_model_code, car_models.model_name AS car_models_model_name, car_models.created_at AS car_models_created_at 
FROM car_models 
WHERE car_models.brand_id = ? AND car_models.model_code = ?
 LIMIT ? OFFSET ?
2025-10-13 20:06:37,864 INFO sqlalchemy.engine.Engine [cached since 1292s ago] (5, '2', 1, 0)
2025-10-13 20:06:37,865 INFO sqlalchemy.engine.Engine INSERT INTO car_models (brand_id, model_code, model_name, created_at) VALUES (?, ?, ?, ?)
2025-10-13 20:06:37,865 INFO sqlalchemy.engine.Engine [cached since 782.2s ago] (5, '2', 'AM-825 Super Luxo 4.0 Diesel', '2025-10-13')
2025-10-13 20:06:37,867 INFO sqlalchemy.engine.Engine COMMIT
[32m2025-10-13 20:06:37.871[0m | [34m[1mDEBUG   [0m | [36m__main__[0m:[36m_get_dropdown_options[0m:[36m146[0m - [34m[1mTrying to get options from native select: selectAnocarro[0m
[32m2025-10-13 20:06:37.876[0m | [34m[1mDEBUG   [0m | [36m__main__[0m:[36m_get_dropdown_options[0m:[36m151[0m - [34m[1mFound 6 options in native select element[0m
[32m2025-10-13 20:06:37.885[0m | [34m[1mDEBUG   [0m | [36m__main__[0m:[36m_get_dropdown_options[0m:[36m166[0m - [34m[1m  Option 0: text='', value=''[0m
[32m2025-10-13 20:06:37.890[0m | [34m[1mDEBUG   [0m | [36m__main__[0m:[36m_get_dropdown_options[0m:[36m166[0m - [34m[1m  Option 1: text='1998 Diesel', value='1998-3'[0m
[32m2025-10-13 20:06:37.895[0m | [34m[1mDEBUG   [0m | [36m__main__[0m:[36m_get_dropdown_options[0m:[36m166[0m - [34m[1m  Option 2: text='1997 Diesel', value='1997-3'[0m
[32m2025-10-13 20:06:37.900[0m | [34m[1mDEBUG   [0m | [36m__main__[0m:[36m_get_dropdown_options[0m:[36m166[0m - [34m[1m  Option 3: text='1996 Diesel', value='1996-3'[0m
[32m2025-10-13 20:06:37.906[0m | [34m[1mDEBUG   [0m | [36m__main__[0m:[36m_get_dropdown_options[0m:[36m166[0m - [34m[1m  Option 4: text='1995 Diesel', value='1995-3'[0m
[32m2025-10-13 20:06:37.911[0m | [34m[1mDEBUG   [0m | [36m__main__[0m:[36m_get_dropdown_options[0m:[36m175[0m - [34m[1mSuccessfully extracted 5 options from native select[0m
[32m2025-10-13 20:06:37.911[0m | [34m[1mDEBUG   [0m | [36m__main__[0m:[36m_get_dropdown_options[0m:[36m177[0m - [34m[1mFirst 3 options: [{'value': '1', 'text': '1998 Diesel'}, {'value': '2', 'text': '1997 Diesel'}, {'value': '3', 'text': '1996 Diesel'}][0m
[32m2025-10-13 20:06:37.911[0m | [34m[1mDEBUG   [0m | [36m__main__[0m:[36m_select_dropdown_option[0m:[36m239[0m - [34m[1mSelecting option 1 in select selectAnocarro[0m
[32m2025-10-13 20:06:38.537[0m | [34m[1mDEBUG   [0m | [36m__main__[0m:[36m_select_dropdown_option[0m:[36m262[0m - [34m[1mSuccessfully selected option 1 using JavaScript[0m
2025-10-13 20:06:40,538 INFO sqlalchemy.engine.Engine BEGIN (implicit)
2025-10-13 20:06:40,538 INFO sqlalchemy.engine.Engine SELECT car_models.id AS car_models_id, car_models.brand_id AS car_models_brand_id, car_models.model_code AS car_models_model_code, car_models.model_name AS car_models_model_name, car_models.created_at AS car_models_created_at 
FROM car_models 
WHERE car_models.id = ?
2025-10-13 20:06:40,538 INFO sqlalchemy.engine.Engine [cached since 780.6s ago] (40,)
2025-10-13 20:06:40,539 INFO sqlalchemy.engine.Engine SELECT model_years.id AS model_years_id, model_years.car_model_id AS model_years_car_model_id, model_years.year_code AS model_years_year_code, model_years.year_description AS model_years_year_description, model_years.created_at AS model_years_created_at 
FROM model_years 
WHERE model_years.car_model_id = ? AND model_years.year_code = ?
 LIMIT ? OFFSET ?
2025-10-13 20:06:40,539 INFO sqlalchemy.engine.Engine [cached since 1293s ago] (40, '1', 1, 0)
2025-10-13 20:06:40,539 INFO sqlalchemy.engine.Engine INSERT INTO model_years (car_model_id, year_code, year_description, created_at) VALUES (?, ?, ?, ?)
2025-10-13 20:06:40,539 INFO sqlalchemy.engine.Engine [cached since 780.6s ago] (40, '1', '1998 Diesel', '2025-10-13')
2025-10-13 20:06:40,540 INFO sqlalchemy.engine.Engine COMMIT
[32m2025-10-13 20:06:40.543[0m | [34m[1mDEBUG   [0m | [36m__main__[0m:[36m_extract_price_data[0m:[36m459[0m - [34m[1mWaiting for results table to appear...[0m
